Xu, Xu, Xu, Xu, Xu, Xu, Xu, Xu, Xu, Xu, Xu, Xu, Xu, Xu, Xu, Xu, Xu, Xu, Xu, Xu, Xu, Xu, Xu, Xu, Xu, Xu, Xu, Wwg, Wwrg, Ds, Ds, Wwg, Wwg, Uu, Uu^Tf, Xu, Xu
Xu, Xu, Xu, Xu, Xu, Xu, Xu, Uu, Re, Xu, Xu, Xu, Xu, Xu, Xu, Xu, Rd, Re, Re, Xu, Xu, Re, Re^Es, Xu, Xu, Xu, Xu, Wwg, Wwg, Ds, Ds, Wwg, Wwg, Uu^Tf, Xu, Xu, Xu
Xu, Xu, Rd, Xu, Xu, Xu, Xu, Xu, Re, Wwf, Rd, Rd, Uu, Re, Re, Xu, Ur, Xu, Re, Xu, Xu, Xu, Re, Xu, Xu, Xu, Uu^Em, Uu^Tf, Wwrg, Ds^Tf, Ds, Wwg, Wwg, Uu^Em, Xu, Xu, Xu
Xu, Uu, Xu, Rd, Re, Re, Dd^Do, Ur, Xu, Xu, Xu, Xu, Xu, Xu, Xu, Uu, Xu, Xu, Uu, Xu, Ur, Uu, Xu, Rd, Rd, Rd, Xu, Uu^Ii, Wwg, Dd^Do, Ds^Tf, Wwg, Wwg, Xu, Xu, Xu, Xu
Xu, Xu, Xu, Xu, Re, Xu, Rd, Xu, Re, Xu, Rd, Uu^Em, Uu, Xu, Xu, Xu, Xu, Uu, Re, Xu, Re, Xu, Xu, Xu, Xu, Xu, Xu, Xu, Xu, Wwg, Wwg, Wwg, Wwg, Wwg, Rp^Es, Xu, Xu
Xu, Xu, Xu, Re, Xu, Xu, Re, Rd, Xu, Re, Xu, Xu, Xu, Xu, Rr, Rr, Rr, Xu, Xu, Re^Es, Xu, Xu, Rr, Rr, Rr, Xu, Xu, Xu, Uu^Em, Uu, Wwg, Wwg, Wwg, Wwg, Xu, Xu, Xu
Xu, Xu, Uu, Rd, Xu, Xu, Ur, Xu, Xu, Xu, Xu, Xu, Xu, Rr, Rr, Rr, Rr, Rr, Xu, Xu, Xu, Rr, Rr, Rr, Rr, Rr, Xu, Xu, Uu^Tf, Xu, Xu, Wwg, Wwg, Wwg, Xu, Xu, Xu
Xu, Xu, Xu, Xu, Uu^Tf, Uu^Tf, Xu, Uu, Xu, Xu, Rr, Rr, Rr, Xu, Xu, Rr, Xu, Rr^rG/, Rr, Rr, Rr, Rr^rG\, Xu, Rr, Xu, Xu, Xu, Ur, Xu, Xu, Xu, Wwrg, Wwg, Wwg, Wwg, Xu, Xu
Xu, Xu, Xu, Uu^Em, Xu, Xu, Xu, Xu, Xu, Rr, Rr, 2 Rr, Rr, Rr, Xu, Xu, Rr, Rr, Cud, Cud, Rr, Rr, Xu, Xu, Xu, Xu, Xu, Uu^Em, Uu^Tf, Xu, Xu, Xu, Xu, Wwg, Wwg, Xu, Xu
Xu, Xu, Re, Ur, Xu, Xu, Rr, Rr, Rr, Xu, Xu, Rr, Xu, Rr^rG/, Rr, Rr, Cud, Rr, Rr, Rr, Xu, Rr^rG/, Rr, Rr, Rr, Xu, Xu, Xu, Xu, Uu, Uu^Em, Uu^Tf, Wwrg, Wwg, Wwg, Xu, Xu
Xu, Xu, Rd, Xu, Xu, Rr, Rr, 1 Rr, Rr, Rr, Xu, Xu, Rr, Rr, Cud, Cud, Cud, Rr, Rr, Xu, Xu, Rr, Rr, Rr, Rr, Rr, Xu, Xu, Xu, Uu^Es, Xu, Uu^Tf, Uu^Ii, Wwg, Wwg, Xu, Xu
Xu, Xu, Xu, Ur, Ur, Xu, Xu, Rr, Xu, Rr^rG/, Rr, Rr, Cud, Rr, Rr, Rr, Rr, Rr, Cud, Rr, Rr, Xu, Xu, Rr, Xu, Xu, Rr, Rr, Rr, Xu, Xu, Xu, Uu^Tf, Wwg, Wwg, Xu, Xu
Xu, Xu, Uu^Em, Xu, Re, Xu, Xu, Xu, Xu, Rr, Rr, Cud, Rr, Rr, Xu, Xu, Xu, Rr, Rr, Cud, Cud, Rr, Rr, Xu, Xu, Rr, Rr, Rr, Rr, Rr, Xu, Xu, Ur, Wwg, Wwg, Xu, Xu
Xu, Xu, Xu, Re, Xu, Xu, Rr, Rr, Rr, Rr^rG\, Xu, Rr, Xu, Rr^rG/, Rr, Rr, Rr, Xu, Xu, Rr, Rr, Rr, Cud, Rr, Rr, Rr^rG\, Xu, Rr, Xu, Xu, Xu, Xu, Uu^Tf, Wwg, Wwg, Wwg, Xu
Xu, Xu, Xu, Uu, Xu, Rr, Rr, Rr, Rr, Rr, Xu, Rr, Xu, Rr, Rr, Rr, Rr, Rr, Xu, Xu, Rr, Rr, Cud, Cud, Rr, Rr, Xu, Xu, Xu, Xu, Xu, Xu, Uu^Es, Wwg, Wwg, Wwg, Xu
Gg^Edpp, Xu, Xu^Em, Xu, Xu, Xu, Xu, Rr, Xu, Xu, Rr, Rr, Rr, Xu, Xu, Rr, Xu, Xu, Rr, Rr, Cud, Rr, Rr, Rr, Xu, Rr^rG/, Rr, Rr, Rr, Xu, Xu, Wwg, Wwg, Wwrg, Uu^Em, Uu, Xu
Gs^Fp, Gs^Fp, Gs^Fp, Xu, Xu, Xu, Xu, Xu, Rr, Rr, Rr, Rr, Cud, Rr, Rr, Xu, Rr, Rr, Cud, Cud, Rr, Rr, Xu, Xu, Xu, Rr, Rr, Rr, Rr, Rr, Xu, Xu, Wwg, Wwg, Uu^Tf, Xu, Xu
Gs^Fp, Gs^Fp, Gs^Fp, Gg, Gs, Xu, Xu, Xu, Rr, Rr, Cud, Cud, Cud, Cud, Cud, Rr, Rr, Rr, Rr, Rr, Xu, Rr^rG/, Rr, Rr, Rr, Xu, Xu, Rr, Xu, Xu, Xu, Wwg, Wwg, Uu^Tf, Xu, Xu, Xu
Gs^Fp, Gs^Fp, Gs^Fp, Gs^Fp, Gg^Efm, Gs, Gs, Xu, Rr, Rr, Cud, Cud, Cud, Cud, Rr, Rr, Cud, Rr, Rr, Xu, Xu, Rr, Rr, Rr, Rr, Rr, Xu, Xu, Xu, Xu, Xu, Wwg, Wwg, Ur, Uu^Tf, Xu, Xu
Gs^Fp, Gs^Fp, Gs^Fp, Gs^Vht, Gg^Efm, Gg, Gg^Efm, Xu, Rr, Rr, Cud, Cud, Rr, Rr, Cud, Cud, Cud, Cud, Cud, Rr, Rr, Xu, Xu, Rr, Xu, Xu, Rd^Es, Xu, Xu, Xu, Wwg, Wwg, Xu, Uu, Ur, Xu, Xu
Gg, Gs^Fp, Gs^Fp, Gs^Fp, Gs, Gg^Efm, Gg, Xu, Rr^Qov, Rr, Rr, Rr, Cud, Cud, Cud, Cud, Cud, Cud, Rr, Rr, Rr, Rr, Xu, Xu, Xu, Xu, Rd, Xu, Uu^Tf, Uu, Wwg, Wwg, Xu, Xu, Uu, Xu, Xu
Gg, Gs, Gg^Efm, Gg^Efm, Gg, Gg, Rp, Rp^Qov, Rr^Qov, Rr^Qov, Rr, Rr, Rr, Rr, Rr, Rr, Rr, Rr, Rr, Rr, Xu, Xu, Uu^Tf, Xu, Re, Re, Xu, Xu, Uu^Tf, Uu^Tf, Wwg, Wwg, Xu, Xu, Uu, Xu, Xu
Rp, Rp, Rp, Rp, Rp, Rp, Rp, Rp, Gs^Fp, Xu, Xu, Rr, Xu, Rr, Xu, Rr, Xu, Rr, Xu, Xu, Re, Xu, Xu, Uu, Re, Uu^Em, Xu, Xu, Uu^Tfi, Uu^Ii, Wwg, Wwg, Xu, Xu, Ur, Xu, Xu
Rp, Rp, Rp, Rp, Rp, Rp, Gs, Gg^Efm, Gg^Efm, Gs^Fp, Gs^Fp, Xu, Xu, Xu, Xu, Xu, Rd^Es, Xu, Re, Re, Xu, Rd, Xu, Xu, Uu, Xu, Xu, Uu, Uu, Wwg, Wwg, Xu, Ur, Uu^Em, Uu^Tf, Xu, Xu
Gg, Gg, Gg, Gs, Gs, Gs, Gs, Gg^Efm, Gg, Gs^Fp, Gs^Fp, Xu, Xu, Xu, Re, Rd, Xu, Rd, Xu, Xu, Rd, Rd, Xu, Xu, Uu, Rd, Rd, Uu, Wwrg, Wwg, Wwg, Xu, Uu^Tfi, Xu, Xu, Xu, Xu
Gg, Gg^Fet, Gg, Gs, Gg, Gg, Gg, Gg, Gg, Gg, Gg, Xu, Xu, Re, Xu, Xu, Uu^Em, Uu^Tf, Xu, Xu, Rd, Xu, Re, Re, Dd^Do, Xu, Uu, Uu^Tfi, Wwg, Wwg, Wwg, Wwrg, Xu, Uu, Uu, Xu, Xu
Gs, Gs, Gs, Gg, Gg^Fet, Gg^Fet, Gg^Fet, Gg, Gg, Gs^Fp, Gs^Fp, Xu, Rd^Es, Rd, Uu^Ii, Xu, Uu^Tf, Xu, Uu^Em, Uu^Tf, Rd, Xu, Re, Xu, Uu^Ii, Xu, Xu, Chw, Wwrg, Wwg, Wwg, Xu, Uu^Tf, Uu^Em, Xu, Xu, Xu
Gs, Gs, Gs, Gg^Fet, Gg, Gg, Gg, Gg, Gs^Fp, Gs^Fp, Gs^Fp, Xu, Xu, Xu, Qxu, Xu, Xu, Uu, Uu, Xu, Xu, Rd, Xu, Xu, Xu, Uu^Tf, Xu, 3 Khw, Chw, Wwg, Wwg, Xu, Xu, Xu, Xu, Xu, Xu
Gg, Gs, Gs, Gs, Gs, Gs^Fp, Gs^Fp, Gs^Fp, Gs, Gs^Fp, Gs^Fp, Xu, Xu, Xu, Xu, Xu, Xu, Xu, Xu, Xu, Xu, Xu, Xu, Xu, Xu, Xu, Xu, Xu, Xu, Wwg^Edpp, Wwg, Wwrg, Xu, Xu, Xu, Xu, Xu
