border_size=1
usage=map

Xu          , Xu          , Xu          , Xu          , Xu          , Xu          , Xu          , Xu          , Xu          , Xu          , Xu          , Xu          , Xu          , Xu          , Xu          , Xu          , Xu          , Xu          , Xu          , Xu          , Xu          , Xu          , Xu          , Xu          , Xu          , Xu          , Xu          , Wwg         , Wwr         , Uu          , Uu          , Wwg         , Wwg         , Uu          , Uu^Uf       , Xu          , Xu          
Xu          , Xu          , Xu          , Xu          , Xu          , Xu          , Xu          , Uu          , Re          , Xu          , Xu          , Xu          , Xu          , Xu          , Xu          , Xu          , Rd          , Re          , Re          , Xu          , Xu          , Re          , Re^Es       , Xu          , Xu          , Xu          , Xu          , Wwg         , Wwg         , Uu          , Uu          , Wwg         , Wwg         , Uu^Uf       , Xu          , Xu          , Xu          
Xu          , Xu          , Rd          , Xu          , Xu          , Xu          , Xu          , Xu          , Re          , Rd          , Rd          , Rd          , Uu          , Re          , Re          , Xu          , Ur          , Xu          , Re          , Xu          , Xu          , Xu          , Re          , Xu          , Xu          , Xu          , Uu^Em       , Uu^Uf       , Wwg         , Uu^Uf       , Uu^Uf       , Wwg         , Wwg         , Uu^Em       , Xu          , Xu          , Xu          
Xu          , Uu          , Xu          , Rd          , Re          , Re          , Uu          , Uu          , Xu          , Xu          , Xu          , Xu          , Xu          , Xu          , Xu          , Uu          , Xu          , Xu          , Uu          , Xu          , Ur          , Uu          , Xu          , Rd          , Rd          , Rd          , Xu          , Uu          , Wwg         , Uu^Em       , Uu^Uf       , Wwg         , Wwg         , Xu          , Xu          , Xu          , Xu          
Xu          , Xu          , Xu          , Xu          , Re          , Xu          , Re          , Xu          , Re          , Xu          , Rd          , Uu^Em       , Uu          , Xu          , Xu          , Xu          , Xu          , Uu          , Re          , Xu          , Re          , Xu          , Xu          , Xu          , Xu          , Xu          , Xu          , Xu          , Xu          , Wwg         , Wwg         , Wwg         , Wwg         , Wwg         , Rp^Es       , Xu          , Xu          
Xu          , Xu          , Xu          , Re          , Xu          , Xu          , Re          , Re          , Xu          , Re          , Xu          , Xu          , Xu          , Xu          , Rr          , Rr          , Rr          , Xu          , Xu          , Re^Es       , Xu          , Xu          , Rr          , Rr          , Rr          , Xu          , Xu          , Xu          , Uu^Em       , Uu          , Wwg         , Wwg         , Wwg         , Wwg         , Xu          , Xu          , Xu          
Xu          , Xu          , Uu          , Rd          , Xu          , Xu          , Uu          , Xu          , Xu          , Xu          , Xu          , Xu          , Xu          , Rr          , Rr          , Rr          , Rr          , Rr          , Xu          , Xu          , Xu          , Rr          , Rr          , Rr          , Rr          , Rr          , Xu          , Xu          , Uu^Uf       , Xu          , Xu          , Wwg         , Wwg         , Wwg         , Xu          , Xu          , Xu          
Xu          , Xu          , Xu          , Xu          , Uu^Uf       , Uu^Uf       , Xu          , Uu          , Xu          , Xu          , Rr          , Rr          , Rr          , Xu          , Xu          , Rr          , Xu          , Rr          , Rr          , Rr          , Rr          , Rr          , Xu          , Rr          , Xu          , Xu          , Xu          , Ur          , Xu          , Xu          , Xu          , Wwr         , Wwg         , Wwg         , Wwg         , Xu          , Xu          
Xu          , Xu          , Xu          , Uu^Em       , Xu          , Xu          , Xu          , Xu          , Xu          , Rr          , Rr          , 2 Rr        , Rr          , Rr          , Xu          , Xu          , Rr          , Rr          , Cud         , Cud         , Rr          , Rr          , Xu          , Xu          , Xu          , Xu          , Xu          , Uu^Em       , Uu^Uf       , Xu          , Xu          , Xu          , Xu          , Wwg         , Wwg         , Xu          , Xu          
Xu          , Xu          , Re          , Ur          , Xu          , Xu          , Rr          , Rr          , Rr          , Xu          , Xu          , Rr          , Xu          , Rr          , Rr          , Rr          , Cud         , Rr          , Rr          , Rr          , Xu          , Rr          , Rr          , Rr          , Rr          , Xu          , Xu          , Xu          , Xu          , Uu          , Uu^Em       , Uu^Uf       , Wwg         , Wwg         , Wwg         , Xu          , Xu          
Xu          , Xu          , Rd          , Xu          , Xu          , Rr          , Rr          , 1 Rr        , Rr          , Rr          , Xu          , Xu          , Rr          , Rr          , Cud         , Cud         , Cud         , Rr          , Rr          , Xu          , Xu          , Rr          , Rr          , Rr          , Rr          , Rr          , Xu          , Xu          , Xu          , Uu^Es       , Xu          , Uu^Uf       , Uu^Em       , Wwg         , Wwg         , Xu          , Xu          
Xu          , Xu          , Xu          , Ur          , Ur          , Xu          , Xu          , Rr          , Xu          , Rr          , Rr          , Rr          , Cud         , Rr          , Rr          , Rr          , Rr          , Rr          , Cud         , Rr          , Rr          , Xu          , Xu          , Rr          , Xu          , Xu          , Rr          , Rr          , Rr          , Xu          , Xu          , Xu          , Uu^Uf       , Wwg         , Wwg         , Xu          , Xu          
Xu          , Xu          , Uu^Em       , Xu          , Re          , Xu          , Xu          , Xu          , Xu          , Rr          , Rr          , Cud         , Rr          , Rr          , Xu          , Xu          , Xu          , Rr          , Rr          , Cud         , Cud         , Rr          , Rr          , Xu          , Xu          , Rr          , Rr          , Rr          , Rr          , Rr          , Xu          , Xu          , Ur          , Wwg         , Wwg         , Xu          , Xu          
Xu          , Xu          , Xu          , Re          , Xu          , Xu          , Rr          , Rr          , Rr          , Rr          , Xu          , Rr          , Xu          , Rr          , Rr          , Rr          , Rr          , Xu          , Xu          , Rr          , Rr          , Rr          , Cud         , Rr          , Rr          , Rr          , Xu          , Rr          , Xu          , Xu          , Xu          , Xu          , Uu^Uf       , Wwg         , Wwg         , Wwg         , Xu          
Xu          , Xu          , Xu          , Uu          , Xu          , Rr          , Rr          , Rr          , Rr          , Rr          , Xu          , Rr          , Xu          , Rr          , Rr          , Rr          , Rr          , Rr          , Xu          , Xu          , Rr          , Rr          , Cud         , Cud         , Rr          , Rr          , Xu          , Xu          , Xu          , Xu          , Xu          , Xu          , Uu^Es       , Wwg         , Wwg         , Wwg         , Xu          
Gg^Edpp     , Xu          , Xu^Em       , Xu          , Xu          , Xu          , Xu          , Rr          , Xu          , Xu          , Rr          , Rr          , Rr          , Xu          , Xu          , Rr          , Xu          , Xu          , Rr          , Rr          , Cud         , Rr          , Rr          , Rr          , Xu          , Rr          , Rr          , Rr          , Rr          , Xu          , Xu          , Wwg         , Wwg         , Wwg         , Uu^Em       , Uu          , Xu          
Gs^Fp       , Gs^Fp       , Gs^Fp       , Xu          , Xu          , Xu          , Xu          , Xu          , Rr          , Rr          , Rr          , Rr          , Cud         , Rr          , Rr          , Xu          , Rr          , Rr          , Cud         , Cud         , Rr          , Rr          , Xu          , Xu          , Xu          , Rr          , Rr          , Rr          , Rr          , Rr          , Xu          , Xu          , Wwg         , Wwg         , Uu^Uf       , Xu          , Xu          
Gs^Fp       , Gs^Fp       , Gs^Fp       , Gg          , Gs          , Xu          , Xu          , Xu          , Rr          , Rr          , Cud         , Cud         , Cud         , Cud         , Cud         , Rr          , Rr          , Rr          , Rr          , Rr          , Xu          , Rr          , Rr          , Rr          , Rr          , Xu          , Xu          , Rr          , Xu          , Xu          , Xu          , Wwg         , Wwg         , Uu^Uf       , Xu          , Xu          , Xu          
Gs^Fp       , Gs^Fp       , Gs^Fp       , Gs^Fp       , Gg^Efm      , Gs          , Gs          , Xu          , Rr          , Rr          , Cud         , Cud         , Cud         , Cud         , Rr          , Rr          , Cud         , Rr          , Rr          , Xu          , Xu          , Rr          , Rr          , Rr          , Rr          , Rr          , Xu          , Xu          , Xu          , Xu          , Xu          , Wwg         , Wwg         , Ur          , Uu^Uf       , Xu          , Xu          
Gs^Fp       , Gs^Fp       , Gs^Fp       , Gg          , Gg^Efm      , Gg          , Gg^Efm      , Xu          , Rr          , Rr          , Cud         , Cud         , Rr          , Rr          , Cud         , Cud         , Cud         , Cud         , Cud         , Rr          , Rr          , Xu          , Xu          , Rr          , Xu          , Xu          , Rd^Es       , Xu          , Xu          , Xu          , Wwg         , Wwg         , Xu          , Uu          , Ur          , Xu          , Xu          
Gg          , Gs^Fp       , Gs^Fp       , Gs^Fp       , Gs          , Gg^Efm      , Gg          , Xu          , Rr          , Rr          , Rr          , Rr          , Cud         , Cud         , Cud         , Cud         , Cud         , Cud         , Rr          , Rr          , Rr          , Rr          , Xu          , Xu          , Xu          , Xu          , Rd          , Xu          , Uu^Uf       , Uu          , Wwg         , Wwg         , Xu          , Xu          , Uu          , Xu          , Xu          
Gg          , Gs          , Gg^Efm      , Gg^Efm      , Gg          , Gg          , Rp          , Rp          , Rr          , Rr          , Rr          , Rr          , Rr          , Rr          , Rr          , Rr          , Rr          , Rr          , Rr          , Rr          , Xu          , Xu          , Uu^Uf       , Xu          , Re          , Re          , Xu          , Xu          , Uu^Uf       , Uu^Uf       , Wwg         , Wwg         , Xu          , Xu          , Uu          , Xu          , Xu          
Rp          , Rp          , Rp          , Rp          , Rp          , Rp          , Rp          , Rp          , Gs^Fp       , Xu          , Xu          , Rr          , Xu          , Rr          , Xu          , Rr          , Xu          , Rr          , Xu          , Xu          , Re          , Xu          , Xu          , Uu          , Re          , Uu^Em       , Xu          , Xu          , Uu^Uf       , Uu^Em       , Wwg         , Wwr         , Xu          , Xu          , Ur          , Xu          , Xu          
Rp          , Rp          , Rp          , Rp          , Rp          , Rp          , Gs          , Gg^Efm      , Gg^Efm      , Gs^Fp       , Gs^Fp       , Xu          , Xu          , Xu          , Xu          , Xu          , Rd^Es       , Xu          , Re          , Re          , Xu          , Rd          , Xu          , Xu          , Uu          , Xu          , Xu          , Uu          , Uu          , Wwg         , Wwg         , Xu          , Ur          , Uu^Em       , Uu^Uf       , Xu          , Xu          
Gg          , Gg          , Gg          , Gs          , Gs          , Gs          , Gs          , Gg^Efm      , Gg          , Gs^Fp       , Gs^Fp       , Xu          , Xu          , Xu          , Re          , Rd          , Xu          , Rd          , Xu          , Xu          , Rd          , Rd          , Xu          , Xu          , Uu          , Rd          , Rd          , Uu          , Wwg         , Wwg         , Wwg         , Xu          , Uu^Uf       , Xu          , Xu          , Xu          , Xu          
Gg          , Gg^Fet      , Gg          , Gs          , Gg          , Gg          , Gg          , Gg          , Gg          , Gg          , Gg          , Xu          , Xu          , Re          , Xu          , Xu          , Uu^Em       , Uu^Uf       , Xu          , Xu          , Rd          , Xu          , Re          , Re          , Uu          , Xu          , Uu          , Uu^Uf       , Wwg         , Wwg         , Wwg         , Ur^Es       , Xu          , Uu          , Uu          , Xu          , Xu          
Gs          , Gs          , Gs          , Gg          , Gg^Fet      , Gg^Fet      , Gg^Fet      , Gg          , Gg          , Gs^Fp       , Gs^Fp       , Xu          , Rd^Es       , Rd          , Uu          , Xu          , Uu^Uf       , Xu          , Uu^Em       , Uu^Uf       , Rd          , Xu          , Re          , Xu          , Uu^Em       , Xu          , Xu          , Chw         , Wwg         , Wwr         , Wwg         , Xu          , Uu^Uf       , Uu^Em       , Xu          , Xu          , Xu          
Gs          , Gs          , Gs          , Gg^Fet      , Gg          , Gg          , Gg          , Gg          , Gs^Fp       , Gs^Fp       , Gs^Fp       , Xu          , Xu          , Xu          , Uu          , Xu          , Xu          , Uu          , Uu          , Xu          , Xu          , Rd          , Xu          , Xu          , Xu          , Uu^Uf       , Xu          , 3 Khw       , Chw         , Wwg         , Wwg         , Xu          , Xu          , Xu          , Xu          , Xu          , Xu          
Gg          , Gs          , Gs          , Gs          , Gs          , Gs^Fp       , Gs^Fp       , Gs^Fp       , Gs          , Gs^Fp       , Gs^Fp       , Xu          , Xu          , Xu          , Xu          , Xu          , Xu          , Xu          , Xu          , Xu          , Xu          , Xu          , Xu          , Xu          , Xu          , Xu          , Xu          , Xu          , Xu          , Wwg^Edpp    , Wwg         , Wwr         , Xu          , Xu          , Xu          , Xu          , Xu          
