border_size=1
usage=map

Gg          , Gg          , Gg          , Gg          , Gg          , Gg          , Gg          , Hh          , Hh          , Hh          , Gs          , Gs          , Gs          , Hh          , Gs^Ft       , Gs^Ft       , Gs^Ft       , Gs^Ft       , Gs^Ft       , Gs^Ft       , Gs^Ft       , Gs          , Gs          , Gs          , Gs          , Gs          , Gg^Efm      , Gg^Efm      , Gg^Fet      , Gg^Fet      , Gg^Fet      , Gg          , Re          , Re          , Ww          , Wo          , Ww          , Gg          , Gg          , Gg          , Ss          , Ss          , Ss          , Gg          , Gg          , Gg          , Gg          , Gg          , Gg          , Ss          
Gg          , Cud         , Cud         , Cud         , Gg          , Gg          , Gs^Ft       , Hh          , Gg^Ve       , Hh          , Gs          , Gs          , Hh          , Hh          , Hh          , Hh          , Gs^Ft       , Gs          , Gs^Ft       , Re          , Re          , Gg^Efm      , Gg^Efm      , Gs          , Re          , Re          , Re          , Gg^Efm      , Gs          , Gg^Efm      , Gg^Fet      , Re          , Re          , Ww^Bw\      , Ww^Bw\      , Ww          , Wwr         , Gg          , Gg          , Gs          , Gg          , Ss          , Gg          , Chr         , Chr         , Ch          , Chr         , Gg          , Gg^Em       , Ss          
Gg          , Cud         , Cud         , Cud         , Gg          , Gg          , Hh          , Hh          , Hh^Es       , Hh          , Gs          , Gs^Ft       , Hh^Es       , Hh          , Hh          , Hh          , Gs          , Gg^Fet      , Re          , Re          , Gs          , Re          , Re          , Re          , Gs          , Gg^Efm      , Gg^Efm      , Re          , Re          , Re          , Re          , Re          , Gg          , Ww          , Ww          , Ww^Bw\      , Re          , Re          , Re          , Gg          , Ss          , Ss          , Ss          , Chr         , 4 Khr       , Chw         , Chw         , Ww          , Gg          , Gg          
Gg          , Cud         , 8 Kud       , Cud         , Cud         , Gg          , Gg          , Gs          , Hh^Es       , Re^Uf       , Gs^Ft       , Gs^Ft       , Gs^Ft       , Gs          , Gs          , Gs          , Re          , Re          , Gs          , Gg^Ve       , Gs          , Gs          , Re^Uf       , Gs          , Gg^Fet      , Gg^Efm      , Gg^Efm      , Hh          , Gg          , Gg^Fet      , Gg          , Gg          , Gg          , Ww          , Ww          , Gg          , Gg^Em       , Ss          , Re          , Ss          , Ss          , Ss          , Ss          , Gg^Em       , Chw         , Chw         , Chw         , Ww          , Gg^Em       , Gg          
Gg          , Gg          , Cud         , Cud         , Cud         , Gg          , Gg          , Gg^Fet      , Gs          , Re^Uf       , Re^Uf       , Gs^Ft       , Gs^Ft       , Re          , Re          , Re          , Gs          , Gs          , Gs          , Gs          , Gs          , Gs^Ft       , Gs^Ft       , Gs^Ft       , Gs          , Hh          , Hh          , Hh          , Hh          , Gg^Fet      , Gg          , Wwr         , Ww          , Ww          , Ww          , Gg          , Ss          , Ss          , Re          , Ss          , Ss          , Ss          , Ss          , Ww          , Ww          , Chw         , Wo          , Ss          , Ss          , Gg          
Gg          , Re          , Re          , Re          , Re          , Re          , Re          , Re          , Re^Uf       , Re          , Re          , Re          , Re          , Re          , Re          , Gs          , Gg^Fet      , Gs          , Gs          , Gg^Efm      , Gs^Ft       , Gs^Ft       , Gs^Ft       , Gg^Fet      , Gg^Efm      , Gs          , Hh          , Hh^Es       , Hh          , Gg^Fet      , Gg^Fet      , Ww          , Ww          , Ww          , Gg          , Gg          , Re          , Re          , Ss          , Re          , Re          , Ss          , Ss          , Ss          , Ww          , Ss          , Wo          , Ss          , Ss          , Gg          
Re          , Re          , Re          , Gs^Ft       , Gg          , Re          , Re          , Re          , Re          , Re          , Gs          , Gs          , Gs          , Gs          , Re          , Re          , Gs          , Hh          , Gs          , Hh          , Gs^Ft       , Gs^Ft       , Gs^Ft       , Gs^Ft       , Gg^Efm      , Gg^Fet      , Hh          , Hh          , Hh          , Gg          , Gg^Fet      , Ww          , Ww          , Ww          , Re          , Re          , Gg          , Gs^Fp       , Gg          , Ss          , Ss          , Re          , Ss^Vhs      , Gg^Em       , Ww          , Ww          , Ss          , Wwr         , Ss          , Gg          
Re          , Gg          , Gg^Vh       , Gg          , Gg          , Gg          , Gg^Fet      , Gs          , Gs          , Gs          , Gs          , Gs^Ft       , Gs^Ft       , Gs^Ft       , Re^Uf       , Re          , Hh          , Hh^Es       , Hh^Vhh      , Hh          , Hh          , Gg          , Gs^Ft       , Gs^Ft       , Gs          , Gg^Efm      , Hh          , Gg          , Re          , Gg          , Gg          , Gg          , Ww^Bw/      , Ww^Bw/      , Gg          , Gg          , Gs^Fp       , Gs^Fp       , Gs^Fp       , Gg          , Ss          , Re          , Re          , Gg          , Gg          , Ss          , Ww          , Ww          , Gg          , Gg          
Gg          , Gs^Ft       , Gg          , Gs^Ft       , Gs^Ft       , Gg          , Gg^Efm      , Gs          , Gs          , Gs^Ft       , Gs          , Gs^Ft       , Gs^Ft       , Gs^Ft       , Gs^Ft       , Re          , Re          , Hh          , Hh          , Gg          , Gg^Fet      , Gg          , Gg          , Gg          , Gg          , Gg^Efm      , Re          , Re          , Gg^Fet      , Re          , Re          , Re          , Ww          , Ww          , Gg          , Gg          , Gs^Fp       , Gs^Fp       , Gs^Fp       , Gg          , Ss          , Ss          , Gg          , Re          , Ss          , Ww          , Ww          , Ww          , Gg^Em       , Gg          
Gg          , Gs^Ft       , Gs^Ft       , Hh^Es       , Hh          , Hh          , Hh          , Gg          , Gs^Ft       , Gs^Ft       , Gs^Ft       , Gg          , Gs^Ft       , Gg          , Gs^Ft       , Gs          , Gs^Ft       , Re          , Re          , Gll         , Gs          , Gg          , Gs^Ft       , Gg          , Re          , Re          , Re          , Gg          , Gg^Fet      , Gg          , Gg          , Wwr         , Ww          , Ww          , Gg          , Gs^Fp       , Gg          , Gs^Fp       , Gs^Fp       , Gg          , Gg          , Gs^Fp       , Ss          , Re          , Re          , Ww          , Ww          , Ss          , Gg          , Gg          
Gg          , Hh          , Hh          , Hh          , Hh          , Hh^Es       , Hh          , Aa^Vha      , Gg          , Gg          , Gg          , Gs          , Aa          , Aa          , Aa          , Ai          , Aa          , Gg          , Re          , Aa          , Aa          , Gll         , Re          , Re          , Gg^Fet      , Gg^Fet      , Gg^Fet      , Gg^Fet      , Gg^Fet      , Hh          , Gg          , Ww          , Ww          , Gg          , Gg          , Gg          , Gg          , Gs^Fp       , Gs^Fp       , Gg          , Gg          , Gg^Efm      , Gg          , Ss          , Ss          , Re          , Ss          , Ss          , Gg          , Gs^Fp       
Hh          , Hh          , Hh          , Re^Uf       , Gll         , Gg          , Gg          , Aa          , Aa          , Aa          , Gs          , Aa          , Aa          , Aa          , Ai          , Ai          , Ai          , Aa          , Re          , Re          , Aa          , Re          , Re          , Aa          , Gg^Fet      , Gg^Fet      , Gg^Fet      , Hh          , Hh          , Gg          , Ww          , Ww          , Ww          , Gg          , Gg^Efm      , Gg^Ve       , Gg          , Gg          , Gg          , Gg^Efm      , Gg          , Gg^Efm      , Ss          , Ss          , Ss          , Re          , Ss          , Gg          , Gs^Fp       , Gs^Fp       
Hh          , Gg          , Gll         , Aa          , Aa          , Gs          , Gg^Es       , Gs          , Gg          , Gs          , Aa^Fpa      , Aa          , Gll         , Aa^Fpa      , Ai          , Ai          , Ai          , Aa^Fpa      , Aa^Fpa      , Re          , Re          , Re          , Aa          , Gg^Fet      , Gg^Fet      , Gg^Fet      , Gg^Fet      , Gg          , Hh          , Gg^Fet      , Ww          , Ww          , Ww          , Gg          , Gg          , Gs^Fp       , Gg          , Gg          , Gg^Efm      , Gg^Efm      , Gg^Efm      , Gg^Efm      , Gg          , Gg          , Gg          , Re          , Re          , Gg          , Gs^Fp       , Gs^Fp       
Gg          , Gg          , Aa^Vha      , Aa^Fpa      , Aa^Fpa      , Aa^Fpa      , Aa          , Aa          , Gll         , Aa^Fpa      , Gg          , Aa          , Aa          , Aa          , Ce          , Aa^Fpa      , Ce          , Ce          , Re          , Re          , Re          , Gg          , Aa          , Hh          , Hh          , Gg^Fet      , Xu          , Gg^Fet      , Gg          , Ww          , Ww          , Ww          , Gg          , Gg          , Gs^Fp       , Gg          , Gs^Fp       , Gs^Fp       , Gg^Efm      , Gg^Efm      , Gg^Efm      , Gg          , Gg          , Gs^Fp       , Gg          , Gg          , Re          , Re          , Gg          , Gg          
Gg          , Gll         , Aa          , Aa^Fpa      , Aa^Fpa      , Aa          , Aa          , Aa^Fpa      , Aa^Fpa      , Aa^Fpa      , Re          , Re          , Re          , Aa          , Ce          , Ce          , Re          , Re          , Re          , Ha          , Re          , Ha          , Xu          , Xu          , Xu          , Xu          , Uu^Vud      , Xu          , Xu          , Ww          , Ww          , Gg          , Gg          , Gg          , Gs^Fp       , Gs^Fp       , Gs^Fp       , Gs^Fp       , Gg^Efm      , Gg          , Gg^Efm      , Gg          , Gg          , Gs^Fp       , Gg          , Gg          , Re          , Re          , Gg          , Gg          
Gg          , Gg          , Gg          , Aa^Fpa      , Gll         , Re^Uf       , Re^Uf       , Re          , Re          , Re          , Aa^Fpa      , Aa^Fpa      , Ce          , Ce          , Re          , 1 Ke        , Re          , Ha          , Ha          , Ha          , Xu          , Xu          , Xu          , Uu^Vud      , Xu          , Uu          , Xu          , Uu          , Xu          , Ww          , Ww          , Gg          , Gg^Efm      , Gg          , Gs^Fp       , Gg          , Gg          , Gs^Fp       , Gg          , Hh^Vhh      , Hh          , Hh          , Gg          , Gs^Fp       , Gg          , Gs^Fp       , Re          , Re          , Re          , Re          
Gg          , Gg          , Gg          , Gg          , Re^Uf       , Aa          , Re          , Aa          , Aa          , Aa          , Ha          , Aa^Fpa      , Ha          , Ha          , Ha          , Re          , Re          , Re          , Ai          , Xu          , Uu^Em       , Uu^Vud      , Xu          , Uu          , Uu          , Xu          , Uu^Uf       , Uu^Em       , Xue         , Wwr         , Xue         , Xu          , Xu          , Gg          , Gs^Fp       , Gs^Fp       , Gs^Fp       , Hh          , Hh          , Hh          , Hh          , Gg          , Gg          , Gg          , Gs^Fp       , Re          , Re          , Re          , Gg          , Re          
Gg          , Gg          , Gg          , Gg          , Aa^Fpa      , Re          , Re          , Aa          , Ha          , Ha          , Ha          , Ha          , Ha          , Ha          , Mm          , Mm          , Re          , Re          , Xue         , Re          , Uu          , Uu          , Xue         , Re^Es       , Rd          , Uu          , Xu          , Xu          , Uu          , Xue         , Uu          , Uu          , Xu          , Xu          , Xu          , Gg          , Hh          , Hh          , Hh          , Gg^Efm      , Gg          , Gg^Efm      , Gg          , Gg^Vh       , Re          , Re          , Gg          , Gg          , Gg          , Gg          
Gg          , Gg          , Gg          , Gll         , Aa          , Re          , Re          , Gll         , Aa          , Aa          , Ha          , Ha          , Ha          , Mm          , Mm          , Xu          , Xu          , Re          , Re          , Re          , Uu^Vu       , Uu          , Xu          , Uu          , Uu          , Uu          , Uu          , Uu^Em       , Ur          , Wog^Bw/     , Ur          , Xu          , Cud         , Kud         , Cud         , Xu          , Hh          , Hh          , Gg^Efm      , Gg          , Gg^Efm      , Gg          , Gg          , Re          , Re          , Gg          , Ch          , Ch          , Ch          , Gg          
Gg          , Gg          , Aa^Vea      , Re          , Re          , Re          , Aa^Fpa      , Aa^Fpa      , Gll         , Aa          , Aa^Fpa      , Ha          , Mm          , Mm          , Xu          , Xu          , Uu^Vu       , Re          , Re          , Re          , Uu          , Xu          , Uu          , Cud         , Cud         , Cud         , Uu^Vu       , Uu          , Wwg         , Wwg         , Uu^Vud      , Xu          , Uu          , Cud         , Ql          , Xu          , Hh          , Gg          , Gg          , Gg^Efm      , Gg^Efm      , Gg          , Gg^Efm      , Re          , Re          , Ch          , Ch          , Ch          , Ch          , Gg          
Gg          , Gll         , Aa          , Re          , Aa          , Aa          , Aa^Fpa      , Gg          , Aa          , Aa          , Ha          , Mm          , Mm          , Xu          , Rd          , Rd          , Rd          , Re          , Re          , Uu^Vu       , Xu          , Xu          , Uu          , Cud         , 9 Kud       , Cud         , Uu          , Uu          , Wwg         , Wwg         , Wwg         , Ur          , Uu          , Uu          , Ql          , Xu          , Xu          , Gg          , Gg          , Gg          , Gs          , Gs          , Gs          , Re          , Re          , Chw         , Chw         , 5 Khw       , Chw         , Gg          
Gg          , Gg          , Gg          , Re          , Aa          , Gs^Fp       , Aa          , Aa          , Aa          , Ha          , Ha          , Mm          , Mm          , Xu          , Uu^Vud      , Re          , Uu^Em       , Re          , Qxu         , Xu          , Uu          , Uu          , Uu          , Uh          , Cud         , Uh          , Re          , Uu          , Wwg^Es      , Wwg         , Wwrg        , Uu^Uf       , Uu^Em       , Xu          , Xu          , Ql          , Ql          , Gg          , Gg          , Gg          , Gs          , Gs          , Gs          , Re          , Gg          , Ww          , Ww          , Chw         , Ww          , Gg          
Gg          , Gs^Fp       , Gg          , Re          , Gg          , Gg          , Gg          , Aa^Vea      , Gg          , Md          , Hd          , Mm          , Mm          , Xu          , Uu          , Re          , Uu^Vud      , Xu          , Qxu         , Uu^Vu       , Qxu         , Rr          , Uu          , Uu          , Xu          , Uu          , Xu          , Uu          , Ur          , Uu^Vu       , Wwg         , Uu^Uf       , Xu          , Uu          , Uu          , Ql          , Xue         , Gg          , Gg          , Gs^Fp       , Gg          , Ww          , Ww          , Re          , Gg          , Ww          , Ww          , Ww          , Gg          , Gg          
Gs^Fp       , Gs^Fp       , Gg          , Re          , Gg          , Gs^Fp       , Gg          , Gg          , Gg^Es       , Md          , Mm          , Mm          , Xu          , Xu          , Xu          , Re          , Re          , Xu          , Xu          , Qxu         , Xu          , Qxu         , Xu          , Xu          , Uu^Vud      , Xu          , Kud         , Xu          , Xu          , Wwg         , Wwg         , Uu          , Uu          , Xu          , Uu          , Uu^Em       , Xue         , Gg          , Gs^Fp       , Gs^Fp       , Ww          , Wo          , Wo          , Ww^Bw|      , Wo          , Ww          , Ww          , Ww          , Gg          , Gg          
Gs^Fp       , Gs^Fp       , Gg          , Re          , Gg          , Gs^Fp       , Gs^Fp       , Gg          , Gg          , Md          , Mm          , Mm          , Xu          , Uu          , Re          , Re          , Uu^Uf       , Uu          , Re          , Xu          , Rd          , Xue         , Xue         , Uu^Vu       , Uu          , Cud         , Cud         , Xu          , Wwg         , Wwg         , Uu          , Uu^Vu       , Uu          , Xu          , Uu^Vu       , Xu          , Xu          , Gg          , Gs^Fp       , Gs^Fp       , Ww          , Wwr         , Wo          , Re          , Wo          , Ww          , Gg          , Gs^Fp       , Gs^Fp       , Gs^Fp       
Gg          , Gg          , Gg          , Re          , Gg          , Gg          , Gs^Fp       , Gg          , Gg^Es       , Md          , Mm^Vhh      , Mm          , Xu          , Uu^Vud      , Uu^Uf       , Uu^Em       , Uu^Em       , Xu          , Xu          , Rd          , Xu          , Rd          , Xu          , Uu^Vud      , Xu          , Xu          , Xu          , Xu          , Wwg         , Uu          , Xu          , Uu          , Uu^Em       , Uu          , Xu          , Xu          , Xu          , Gg          , Gs^Fp       , Gg          , Ww          , Ww          , Ww          , Re          , Re          , Gg          , Gg          , Gs^Fp       , Gs^Fp       , Gs^Fp       
Gg          , Gg          , Gg          , Re          , Gg          , Gg          , Gg          , Gg          , Gg          , Md          , Md          , Mm          , Xu          , Uu^Uf       , Uu^Uf       , Rd          , Uu          , Uu^Vu       , Xu          , Rd          , Rd          , Xue         , Re          , Xu          , Uu          , Uu^Vu       , Uu^Em       , Uu          , Wog^Bw\     , Rr          , Uu          , Xu          , Xu          , Xu          , Cud         , Cud         , Xu          , Gg          , Gg          , Gg          , Gg          , Gg          , Gg          , Gg          , Re          , Re          , Re          , Gg          , Gs^Fp       , Gs^Fp       
Rr          , Rr          , Rr          , Re          , Rr          , Rr          , Rp          , Rr          , Rp          , Rr          , Md          , Hd          , Hd          , Xu          , Xu          , Rd          , Ql          , Uu          , Uu          , Xu          , Xu          , Xue         , Re          , Uu^Vu       , Uu          , Uu^Uf       , Uu^Uf       , Wwg         , Wwg         , Uu          , Uu          , Xu          , Xue         , Uu^Vud      , Kud         , Xu          , Gg          , Gg          , Gg          , Gg          , Gs          , Gg^Efm      , Gg^Efm      , Gg^Efm      , Gg          , Gg^Efm      , Re          , Gg          , Gg          , Gg          
Rr          , Rp          , Rr          , Rp          , Rr          , Rr          , Rr          , Rr          , Rr          , Rr          , Rr          , Md          , Md          , Mm          , Xu          , Xu          , Ql          , Rd          , Uu          , Uu^Vu       , Uu          , Re          , Re          , Xu          , Xu          , Uu          , Wwg         , Wwg         , Uu          , Uu^Vu       , Uu^Uf       , Uu^Em       , Xu          , Uu^Vud      , Uu^Vud      , Xu          , Gg          , Gg          , Gs^Fp       , Gs^Fp       , Gg^Efm      , Gg^Efm      , Gg^Efm      , Gg^Efm      , Gg^Efm      , Gg          , Re          , Gg^Vh       , Gg          , Gg          
Gg          , Gg          , Gg          , Re          , Gg          , Gg^Ve       , Gg          , Gg          , Gg          , Gg          , Gg          , Gg          , Md          , Mm          , Mm          , Ql          , Ql          , Xu          , Uu          , Uu          , Cud         , Uu          , Uu          , Uu^Vu       , Xu          , Ur          , Wog^Bw\     , Wwg         , Uu^Em       , Uu          , Xu          , Xu          , Uu          , Xu          , Xu          , Xu          , Gg          , Gg          , Gs^Fp       , Gs^Fp       , Gg          , Gg          , Gg^Efm      , Gg          , Gg          , Gg          , Re          , Gg          , Rp          , Rr          
Gg          , Gg          , Gg^Em       , Re          , Re          , Gg          , Gg          , Gg          , Gg          , Gg          , Gg          , Gg          , Md          , Hd^Fi|      , Mm          , Xu          , Uu          , Uu          , Uu          , Cud         , 3 Kud       , Cud         , Uu^Vu       , Wwf         , Wwg         , Wwg         , Wwg         , Uu^Uf       , Uu^Uf       , Xu          , Uu          , Uu^Vud      , Uu^Em       , Uu^Vud      , Xu          , Gg          , Gg          , Gg          , Gg          , Gg          , Gs^Fp       , Gg          , Gg          , Gg          , Gs^Fp       , Rr          , Re          , Rr          , Rr          , Rr          
Ss          , Ss          , Ss          , Gg          , Gg          , Re          , Re          , Re          , Re          , Gg          , Gg          , Gg          , Gg          , Gg          , Hd          , Xu          , Uu^Vud      , Uu          , Uu          , Cud         , Cud         , Cud         , Xu          , Xu          , Wwg^Es      , Wwg         , Uu          , Ur          , Uu^Uf       , Uu^Vud      , Uu          , Uu^Uf       , Uu          , Xu          , Gg          , Gg          , Gg          , Rr          , Rr          , Rr          , Rr          , Rr          , Rp          , Rr          , Rr          , Rr          , Rr          , Re          , Rr          , Gg          
Ss          , Ss          , Ss          , Gg          , Gg          , Gg          , Gg^Efm      , Gg          , Gg^Efm      , Re          , Re          , Gg          , Gg          , Gg          , Gg          , Xu          , Xu          , Re          , Xu          , Uu          , Xu          , Xu          , Wwr         , Wwg^Es      , Xue         , Uu^Vu       , Xu          , Uu^Vu       , Uu          , Uu          , Xue         , Uh          , Xu          , Xu          , Rr          , Rr          , Rr          , Rr          , Rr          , Rr          , Rr          , Rr          , Rr          , Rr          , Rr          , Rp          , Gg          , Re          , Gg          , Gg          
Ss          , Ss          , Gg^Em       , Gg          , Gg          , Gg          , Gg          , Gg^Efm      , Re          , Gg^Efm      , Re          , Re          , Gg          , Gg          , Gg          , Gg          , Gg          , Xu          , Gg          , Xu          , Ww          , Wwr         , Ww          , Wwr         , Xu          , Xu          , Xu          , Xu          , Ur^Es       , Xue         , Xue         , Re          , Rr          , Rp          , Rr          , Rr          , Rr          , Rp          , Gg          , Gs^Fp       , Gs^Fp       , Gg^Ve       , Gg          , Gg          , Gg          , Gg          , Gg          , Re          , Gg          , Gg          
Ss          , Ww          , Ww          , Ww          , Ww          , Ww          , Gg          , Gg          , Gg^Efm      , Gg^Efm      , Gg          , Re          , Gg          , Gg          , Gg          , Re          , Gg^Efm      , Gg          , Gg^Efm      , Ww          , Ww          , Ww          , Ds          , Ds          , Gg          , Gg          , Gg          , Gg          , Gg          , Gg          , Gg          , Re          , Gg          , Gs^Fp       , Gs^Fp       , Gs^Fp       , Gg          , Gg^Efm      , Gs^Fp       , Gg          , Gg^Efm      , Gg          , Gg          , Gs^Fp       , Gs^Fp       , Gg          , Gg          , Re          , Gg          , Gs^Fp       
Ww          , Ww          , Ww          , Ww          , Ww          , Wo          , Ww          , Ww          , Gg          , Gg          , Gg          , Re          , Gg          , Gg          , Re          , Gs^Fp       , Re          , Gs^Fp       , Gg          , Ww          , Ww          , Ds          , Ds          , Gg          , Gg          , Gg^Efm      , Gg          , Gg          , Ce          , Ce          , Ce          , Re          , Gg          , Gg^Vh       , Gs^Fp       , Gg          , Gg^Efm      , Gg          , Gg          , Gs^Fp       , Gg          , Gg          , Gs^Fp       , Gs^Fp       , Gs^Fp       , Gs^Fp       , Gg          , Re          , Gs^Fp       , Gs^Fp       
Ww          , Gg^Efm      , Gg^Efm      , Gg^Vh       , Wo          , Wo          , Ww          , Ss          , Ss          , Ss          , Gs          , Re          , Gg^Vh       , Re          , Re          , Gs^Fp       , Gs^Fp       , Gs^Fp       , Gg          , Ww          , Ww          , Ds          , Ds          , Gg          , Gg^Efm      , Gg^Efm      , Gg^Efm      , Gg          , Ce          , 2 Ke        , Ce          , Re          , Gg          , Gg          , Gg          , Gg          , Gg^Efm      , Gg^Efm      , Gg          , Gg          , Gg          , Gg          , Gs^Fp       , Gs^Fp       , Gg          , Gs^Fp       , Gg          , Re          , Gs^Fp       , Gs^Fp       
Ww          , Gg^Vh       , Gg          , Ww          , Gg^Em       , Wo          , Ww          , Ww          , Ss          , Ss          , Gd          , Re          , Re          , Gg          , Gs^Fp       , Gs^Fp       , Gs^Fp       , Gg          , Ww          , Ww          , Re          , Ds          , Ds          , Gg^Vh       , Gg^Efm      , Gg          , Gg          , Gg          , Gg          , Ce          , Re          , Re          , Gg          , Gg          , Gg          , Gg^Efm      , Gg          , Gg^Efm      , Gg          , Ss          , Gg^Em       , Gg          , Gg          , Gg          , Gs^Fp       , Gs^Fp       , Gg^Efm      , Re          , Re          , Gd          
Ww          , Ww          , Ww          , Ww          , Wo          , Ww          , Ww          , Ss          , Ss          , Re          , Re          , Gs          , Re          , Re          , Gs^Fp       , Re          , Gg          , Gg          , Ww^Bw/      , Ww^Bw/      , Ds          , Re          , Re          , Gg          , Gg          , Gg          , Gg          , Gg          , Gg          , Re          , Re          , Gg^Efm      , Gg^Efm      , Gg^Efm      , Gg          , Ww          , Ww          , Ww          , Gg^Em       , Ss          , Ss^Vhs      , Ss          , Gg          , Gg          , Gs^Fp       , Gs^Fp       , Gg^Efm      , Gg          , Re          , Gd          
Wwr         , Gg          , Ww          , Ss          , Ww          , Ss          , Ss          , Ss          , Ss          , Re          , Re          , Re          , Re          , Re          , Re          , Re          , Re          , Re          , Ww          , Ww          , Ds          , Ds          , Gg          , Re          , Re          , Gg          , Re          , Re          , Re          , Re          , Gg          , Gg^Efm      , Gg          , Gg          , Ww          , Ww          , Ww          , Ww          , Ds          , Ss          , Ss          , Ss          , Gg          , Gg          , Gg          , Gg          , Gg^Efm      , Gg^Efm      , Re          , Gd          
Gg          , Gg          , Gg^Em       , Ss          , Ss          , Ss          , Re          , Re          , Re          , Re          , Gg          , Gg          , Re          , Gs^Fp       , Gs^Fp       , Gs^Fp       , Gg^Efm      , Wwr         , Ww          , Ww          , Ds          , Gg          , Gg          , Gs^Fp       , Re          , Re          , Re          , Gg          , Gg^Efm      , Gg^Efm      , Gg^Efm      , Gg^Efm      , Gg          , Ss          , Ww          , Ww          , Wwr         , Ds          , Ds          , Gg          , Gg          , Gg          , Ss          , Gg          , Gg          , Gg          , Gg          , Gg          , Re          , Gd          
Re          , Re          , Re          , Re          , Re          , Re          , Re          , Gs^Ft       , Gs^Ft       , Gs^Ft       , Gg          , Re          , Re          , Gs^Fp       , Gs^Fp       , Gg          , Gg^Efm      , Ww          , Ww          , Ds          , Ds          , Gs^Fp       , Gs^Fp       , Gs^Fp       , Gs^Fp       , Re          , Gg          , Gg^Efm      , Gg^Efm      , Gg          , Gg^Efm      , Gs^Fp       , Gg          , Ss          , Ss          , Ss          , Ss          , Ds          , Ds          , Gg          , Gg          , Gg^Em       , Ss          , Gg          , Gg^Efm      , Gg          , Gg          , Gg          , Re          , Gg          
Re          , Ss          , Ss          , Ss          , Gs^Ft       , Gg^Efm      , Gg          , Gs^Ft       , Gs^Ft       , Gs^Ft       , Gg          , Re          , Gg          , Gg          , Gg^Efm      , Gg          , Gg^Efm      , Ww          , Ww          , Ds          , Ds          , Gs^Fp       , Gs^Fp       , Gs^Fp       , Gg          , Re          , Gg          , Gg^Efm      , Gg^Efm      , Gs^Fp       , Gs^Fp       , Gs^Fp       , Gg          , Ss          , Ss          , Ss          , Ss          , Gg          , Gg          , Gs^Fp       , Gs^Fp       , Gg          , Gg          , Gg          , Gg^Ve       , Hh          , Gg          , Gg          , Re          , Gd          
Gg          , Ss          , Ss          , Gg          , Gg^Efm      , Gg^Efm      , Gg^Efm      , Gg^Efm      , Gg^Ve       , Gg          , Gg          , Re          , Gg          , Gg          , Gg^Efm      , Gg^Efm      , Ww          , Ww          , Wwr         , Ds          , Ds          , Gg          , Gs          , Gg          , Re          , Re          , Gg          , Gg          , Gs^Fp       , Gs^Fp       , Gs^Fp       , Gs^Fp       , Gs^Fp       , Gg          , Gg          , Gg          , Ss          , Gg          , Gg          , Gg          , Gg          , Gg^Efm      , Gg          , Gg          , Gg          , Hh          , Gg          , Re          , Re          , Gg          
Ss          , Gg          , Gg          , Gg          , Gg^Efm      , Gg          , Gg^Efm      , Gg          , Re          , Gg          , Re          , Re          , Re          , Re          , Re          , Ww          , Ww          , Ww          , Ds          , Ds          , Gg          , Gg          , Gg          , Gs^Fp       , Re          , Gg          , Gg          , Gg          , Gg          , Gg          , Gs^Fp       , Gg^Efm      , Gg          , Gs^Fp       , Gg          , Gs^Fp       , Gg          , Gg          , Gg          , Gg          , Gg          , Cv          , Gg          , Gg          , Hh          , Hh          , Hh          , Re          , Gg          , Hh          
Gg          , Gg          , Ch          , Gg          , Ch          , Gg          , Gg          , Re          , Re          , Re          , Gg          , Gs^Ft       , Gg          , Re          , Re          , Ww          , Ww          , Ds          , Ds          , Ds          , Gg          , Gg^Efm      , Gg          , Gs^Fp       , Re          , Gg          , Gg          , Gg          , Gg          , Gg          , Gg          , Gg          , Gg          , Gs^Fp       , Gs^Fp       , Gs^Fp       , Gs^Fp       , Gs^Fp       , Gg          , Cv          , Cv          , Cv          , Cv          , Gg          , Gg^Efm      , Gg          , Gg          , Re          , Hh          , Hh          
Gg          , Chr         , Chr         , Chr         , Ch          , Gg          , Gg          , Re          , Re          , Gs^Ft       , Gs^Ft       , Gs^Ft       , Gs^Ft       , Gd          , Gs          , Ww^Bw\      , Ww^Bw\      , Ds          , Ds          , Dd^Vda      , Gg          , Gg          , Gs^Fp       , Re          , Re          , Re          , Re          , Re          , Re          , Re          , Re          , Gg^Efm      , Gg          , Gg          , Gs^Fp       , Gg          , Gs^Fp       , Gg          , Gg          , Cv          , 7 Kv        , Cv          , Cv          , Cv          , Gg          , Gg          , Re          , Re          , Hh          , Hh          
Gg          , Chr         , Chr         , 6 Khr       , Chr         , Ch          , Re          , Re          , Gs^Ft       , Gs^Ft       , Gs^Ft       , Gs^Ft       , Gd          , Gd          , Ww          , Ww          , Wwr         , Re          , Re          , Re          , Re          , Re          , Re          , Re          , Gg          , Gg          , Gg          , Gg          , Gg^Ve       , Gg          , Re          , Gg          , Re          , Re          , Re          , Gg          , Gg          , Gg          , Gg          , Gg          , Cv          , Cv          , Cv          , Gg          , Gg          , Gg          , Re          , Gg^Efm      , Gg^Efm      , Hh          
Gg          , Gg          , Chr         , Chr         , Chr         , Ch          , Re          , Gg          , Gg          , Gg          , Gs          , Gd          , Gs          , Wwr         , Ww          , Ww          , Ds          , Ds          , Ds          , Gg          , Gg          , Gg          , Gg          , Gs^Fp       , Gg          , Gg          , Gg          , Gg          , Gg          , Gg          , Gg          , Re          , Gg          , Gg          , Gg^Efm      , Re          , Re          , Re          , Re          , Re          , Gg          , Re          , Re          , Re          , Re          , Re          , Re          , Gg^Efm      , Gg^Efm      , Hh          
Gg          , Gg          , Gg          , Gg          , Re          , Re          , Gg          , Gg          , Gg          , Gg          , Gs^Ft       , Gs          , Gg          , Ww          , Ww          , Ww          , Ds          , Ds          , Ds          , Gg          , Gg          , Gg          , Gg          , Gs^Fp       , Gg          , Gs^Fp       , Gs^Fp       , Gs^Fp       , Gg          , Gg          , Hh          , Hh          , Hh          , Hh          , Hh          , Hh          , Hh          , Hh          , Gg          , Gg          , Re          , Gg          , Gg^Efm      , Gg          , Re          , Re          , Gg          , Hh          , Hh          , Hh          
