Gg, Gg, Gs, Gg, Gg, Gg, Gg, Gg, Gg, Gg, Gg, Gg, Gg, Gg, Gg, Gg, Gg, Gg, Gg, Gg, Gg, Gg, Gg, Gg, Hh, Gg, Md^Xm, Md^Xm, Md^Xm, Md^Xm, Gg, Gg, Gg, Gg, Gg, Gg, Gg, Gg, Gg, Gg, Gg, Gg, Gg, Gg
Gg, Gg, Gg, Gs, Gg, Gg, Gg, Gg, Gg, Gg, Gg, Gg, Gg, Gg, Gg, Gg, Gg, Gg, Gg, Gg, Gg, Gg, Gg, Gg, Hh, Mm^Xm, Md^Xm, Md^Xm, Md^Xm, Md^Xm, Gg, Gg, Gg, Gg, Gg, Gg, Gg, Gs, Gg, Gg, Gg, Gg, Gg, Gg
Gg, Gg, Gs^Efm, Gg^Fet, Gg^Vh, Gg, Gg, Gs^Efm, Gs, Gs, Gg, Gg, Gg, Gg, Gg, Gg^Ve, Gg, Gg, Gs^Ft, Gs^Ft, Gg, Gs^Efm, Gg, Hh, Hh^Vhh, Hh, Md^Xm, Md^Xm, Md^Xm, Md^Xm, Md^Xm, Gs, Chr, Chr, Chr, Gg, Gg, Gg, Gg, Gg^Ve, Gs^Ft, Gg^Es, Gg, Gg
Gg, Gs^Ft, Gs^Ft, Gg, Gg, Gg, Gs, Gs, Gs, Gg, Gg, Co, 4 Ko, Co, Gs^Efm, Gg, Gg, Gg, Gs^Ft, Gs^Ft, Gs^Ft, Gg, Gg, Hh, Hh, Hh^Es, Hh, Md^Xm, Md^Xm, Md^Xm, Md^Xm, Gg, Chr, 3 Khr, Chr, Gg, Dd, Gs^Ft, Gg, Gg, Gs, Gg, Gg, Gg
Gg, Gg, Gs^Ft, Gg, Gg, Gs^Ft, Gs^Ft, Gs, Gs^Efm, Gg, Gg, Co, Gs, Co, Gg, Gg, Gs^Efm, Gg, Gs, Gs^Ft, Gs, Gs^Efm, Gg, Gg, Gg, Hh, Gg, Hh, Gg, Md^Xm, Md^Xm, Gg, Gg, Gg^Es, Gg, Gg, Gs^Ft, Gs^Ft, Gg, Gg^Ve, Gg, Gg, Gg, Gg
Gg, Gg, Gg, Gg, Gs^Ft, Gs^Ft, Gs^Ft, Gg, Gs^Efm, Gg, Gg, Gs, Gs, Gs, Gg, Gg, Gg, Gs, Gs, Gs, Gs^Efm, Gg^Fet, Gg, Gg, Gs^Efm, Gg, Gg, Gg, Gg, Gg^Es, Md^Xm, Md^Xm, Md^Xm, Gg, Gg, Gs^Ft, Gs^Ft, Gs^Ft, Gs^Ft, Gg, Gs^Ft, Gs^Ft, Gg, Gg
Gg, Gg, Gg, Gs^Ft, Gs^Ft, Gs^Ft, Gg^Fet, Gg, Gg, Gg, Gg, Gs, Gs, Gs, Gs^Ft, Gs^Ft, Gs^Ft, Gg, Gg, Gg, Gg^Ve, Gg, Gg, Gg, Gg, Gg, Gg, Gg, Gg, Gg, Gg, Md^Xm, Md^Xm, Gg, Gg^Vh, Gg, Gs, Gs^Ft, Gs, Gs^Ft, Ds^Bw/, Gs^Ft, Gs, Gg
Gg, Gg, Gg, Gg, Gg, Gg, Ds, Ds, Ds, Rd^Vdt, Ds, Gs, Ds, Gg, Ds, Gs^Ft, Ds, Gs^Ft, Gg, Gg, Gg, Gg, Gg, Gg, Gg, Gg, Gg, Gg, Gg, Gg, Gg, Gg, Md^Xm, Md^Xm, Md^Xm, Gs, Gs, Gs, Gg, Gs^Bw/, Ds^Bw\, Ds^Bw\, Wo, Wo
Wwg, Ds, Ds, Ds, Ds, Ds, Ds, Ds, Ds, Ds, Ds, Ds, Ds, Ds, Ds, Ds, Ww, Ds, Ds, Ds, Ds, Ds, Ds, Gg, Ds, Ds, Ds, Ds, Ds, Gg, Ds, Gg, Ds, Md^Xm, Ds, Ds, Ds, Gs, Ww, Wwr, Wo, Wo, Wo, Wo
Wwg, Ww, Ww, Ww, Ww, Ds, Ww, Ds, Ds, Ds, Ds, Ds, Ds, Ww, Ww, Ww, Ww, Ww, Ww, Ds, Ds, Ds, Ww, Ds, Ww, Ds, Ww, Ww, Ww, Ds, Ds, Ds, Ds, Ds, Ds, Ds, Ww, Ww, Ww, Wo, Wo, Wo, Wo, Wo
Ds, Ww, Ds, Ww, Ww, Ww, Ds, Ww, Ww, Ds, Ww, Ds, Ww, Ww, Ww, Ww, Ww, Ww, Ww, Ww, Ww, Ww, Ww, Ww, Ww, Ww, Ww, Ww, Ww, Ww, Ww, Ww, Ww, Ds, Ww, Ww, Ww, Ww, Wo, Wo, Wo, Wo, Wo, Wo
Gs, Ds, Ds, Ds, Ds, Ds, Gs^Ft, Ds, Ww, Ww, Ww, Ww, Ds, Ds, Ds, Ds, Ww, Ww, Ww, Ww, Ds, Ds, Ds, Ds, Ds, Ds, Ds, Ds, Ds, Ww, Ww, Ww, Ww, Ww, Wo, Ww, Wwr, Wo, Wo, Wo, Wo, Wo, Wo, Wo
Gs^Fp, Gs^Fms, Gs^Fp, Gs^Fp, Dd^Do, Gs, Ds, Ds, Ww, Ww, Ww, Ww, Ds^Ft, Ds^Ft, Ds^Ft, Ds, Ww, Ww, Ww, Ds, Gs^Ft, Ds, Gs^Ft, Gg^Efm, Gg^Efm, Hh, Hh^Es, Ds, Ds, Ww, Ww, Ww, Ww, Wo, Wo, Wo, Wo, Wo, Wo, Wo, Wo, Wo, Wo, Wo
Gs, Gs, Gs^Fp, Gs, Ds, Ds, Ww, Ww, Ww, Ww, Ww, Ds, Ds, Dd^Vda, Ds, Ds, Ww, Ww, Ww, Ds, Ds, Gg, Ds, Dd^Do, Gg, Gg^Es, Hh, Hh^Vhh, Ds, Ww, Ww, Ww, Wo, Wo, Wo, Wo, Wo, Wo, Wo, Wo, Wo, Wo, Wo, Wo
Ds, Ds, Ds, Ds, Ww, Ww, Ds, Ds, Ds, Ww, Ww, Ww, Ww, Ww, Ww, Ww, Ds, Ww, Ww, Ww, Ww, Ds, Ww, Ds, Ds, Ds, Ds, Hh, Ds, Ww, Ww, Wo, Wo, Wwr, Wo, Wo, Wo, Wo, Wo, Wo, Wo, Wo, Wo, Wo
Ww, Ds, Ww, Ww, Ww, Ds, Gs^Fp, Ds, Ds, Ds, Ds, Ds, Ww, Ww, Ww, Ww, Ds, Ds, Ds, Ww, Ds, Ww, Ds, Ww, Ww, Ww, Ww, Ds, Ww, Ww, Ds, Ds, Md^Xm, Md^Xm, Ww, Wo, Wo, Wo, Wo, Wo, Wo, Wo, Wo, Wo
Ww, Ww, Ww, Ww, Ds, Ds, Gs^Fp, Gs^Fms, Gs^Fp, Ds, Gs^Fp, Ds, Ds, Ww, Ds, Ds, Ds, Ds, Ds, Ds, Ds, Ds, Ds, Ds, Ds, Ww, Ds, Ww, Ds, Ds, Ds, Ds, Md^Xm, Ww, Wo, Wo, Wo, Wo, Wo, Wo, Wo, Wo, Wo, Wo
Ww, Ww, Ds, Ds, Gs^Fms, Gs^Fp, Gs^Fms, Gs^Fp, Gs^Fp, Gs^Fp, Gs^Fp, Gs^Fms, Gs^Fp, Ds, Rd^Vda, Ds, Gg, Gg, Gg, Ds, Ds, Ds, Gs, Ds, Rd, Ds, Gg, Ds, Gg, Ds, Ds, Md^Xm, Md^Xm, Ww, Wo, Wo, Wo, Wo, Wo, Wo, Wo, Wo, Wo, Wo
Ds, Ds, Gs^Fp, Gs^Fp, Gg, Gs^Fp, Ch, Gs^Fms, Gg, Gs^Fp, Gg, Gs^Fp, Gs^Fp, Gs^Fp, Gg, Gg^Fet, Gs, Gs, Gs, Gg^Fet, Gg, Re, Ce, Rd, Re, Gg, Gg^Fet, Gg^Fet, Gg, Gs^Fp, Gs^Fms, Md^Xm, Md^Xm, Ww, Wo, Wo, Wo, Wo, Wo, Wo, Wo, Wo, Wo, Wo
Gg, Gg^Vh, Gg, Gs^Efm, Gg, Gg, Ch, Ch, Rd, Rd, Gg, Gs^Fms, Gs^Fp, Gs^Fp, Gs^Fms, Gg, Gg^Efm, Gs, Rd, Gg^Vh, Rd, Rd, Rd, Ce, Ce, Ce, Gg^Fet, Gg, Gs^Fp, Gg^Vh, Gs^Fp, Md^Xm, Md^Xm, Ww, Wo, Wo, Wo, Wo, Wo, Wo, Wo, Wo, Wo, Wo
Gg, Gs^Fp, Gs^Fp, Gg, Gg, Ch, Ch, 1 Kh, Gg^Efm, Rd, Rd, Gg^Efm, Gg^Efm, Gs^Fp, Gs^Fp, Gg, Rd, Rd, Gg, Rd, Rd, Re, Ce, 2 Ke, Ce, Gg, Gg, Gs^Fp, Gs^Fp, Gs^Fp, Md^Xm, Md^Xm, Md^Xm, Wwr, Ww, Wo, Wo, Wo, Wo, Wo, Wo, Wo, Wo, Wo
Gg, Gs^Fms, Gs^Fp, Gg, Gs^Efm, Gg, Gg, Ch, Gg, Rd, Gg^Vh, Rd, Rd, Rd, Rd, Rd, Gg, Gg, Gg^Fet, Rd, Gg, Rd, Gg, Re, Gs, Gg, Gg^Ve, Gs^Fp, Gs^Fp, Md^Xm, Md^Xm, Md^Xm, Md^Xm, Md^Xm, Ww, Wo, Wo, Wo, Wo, Wo, Wo, Wo, Wo, Wo
Gg, Gg, Gg, Gg, Gg, Gg, Gg, Gg, Gg, Gs^Efm, Gg, Gg, Gg, Gs, Gg, Gg, Gg, Gg, Gg, Gg, Gg, Rd, Gg, Gg, Gg, Gs^Fms, Gs^Fp, Gs^Fp, Gs^Fp, Md^Xm, Md^Xm, Md^Xm, Md^Xm, Md^Xm, Ww, Wo, Wo, Wo, Wo, Wo, Wo, Wo, Wo, Wo
