border_size=1
usage=map

Gg          , Gg          , Gg          , Gg          , Gg          , Gg          , Gg          , Gg          , Gg          , Gg          , Gg          , Gg          , Gg          , Gg          , Gg          , Gg          , Gg          , Gg          , Gg          , Gg          , Gg          , Gg          , Gg          , Gg          , Hh          , Gg          , Md^Xm       , Md^Xm       , Md^Xm       , Md^Xm       , Gg          , Gg          , Gg          , Gg          , Gg          , Gg          , Gg          , Gg          , Gg          , Gg          , Gg          , Gg          , Gg          
Gg          , Gg          , Gg^Efm      , Gg^Fet      , Gg^Vh       , Gg          , Gg          , Gg^Efm      , Gs          , Gs          , Gg          , Gg          , Gg          , Gg          , Gg          , Gg^Ve       , Gg          , Gg          , Gs^Ft       , Gs^Ft       , Gg          , Gg^Efm      , Gg          , Hh          , Hh^Vhh      , Hh          , Md^Xm       , Md^Xm       , Md^Xm       , Md^Xm       , Md^Xm       , Gg          , Chr         , Chr         , Chr         , Gg          , Gg          , Gg          , Gg          , Gg^Ve       , Gs^Ft       , Gg^Es       , Gg          
Gg          , Gs^Ft       , Gs^Ft       , Gg          , Gg          , Gg          , Gs          , Gs          , Gs          , Gg          , Gg          , Cud         , 4 Kud       , Cud         , Gg^Efm      , Gg          , Gg          , Gg          , Gs^Ft       , Gs^Ft       , Gs^Ft       , Gg          , Gg          , Hh          , Hh          , Hh^Es       , Hh          , Md^Xm       , Md^Xm       , Md^Xm       , Md^Xm       , Gg          , Chr         , 3 Khr       , Chr         , Gg          , Gg          , Gs^Ft       , Gg          , Gg          , Gg          , Gg          , Gg          
Gg          , Gg          , Gs^Ft       , Gg          , Gg          , Gs^Ft       , Gs^Ft       , Gs          , Gg^Efm      , Gg          , Gg          , Cud         , Gs          , Cud         , Gg          , Gg          , Gg^Efm      , Gg          , Gs          , Gs^Ft       , Gs          , Gg^Efm      , Gg          , Gg          , Gg          , Hh          , Gg          , Hh          , Gg          , Md^Xm       , Md^Xm       , Gg          , Gg          , Gg^Es       , Gg          , Gg          , Gs^Ft       , Gs^Ft       , Gg          , Gg^Ve       , Gg          , Gg          , Gg          
Gg          , Gg          , Gg          , Gg          , Gs^Ft       , Gs^Ft       , Gs^Ft       , Gg          , Gg^Efm      , Gg          , Gg          , Gs          , Gs          , Gs          , Gg          , Gg          , Gg          , Gs          , Gs          , Gs          , Gg^Efm      , Gg^Fet      , Gg          , Gg          , Gg^Efm      , Gg          , Gg          , Gg          , Gg          , Gg^Es       , Md^Xm       , Md^Xm       , Md^Xm       , Gg          , Gg          , Gs^Ft       , Gs^Ft       , Gs^Ft       , Gs^Ft       , Gg          , Gs^Ft       , Gs^Ft       , Gg          
Gg          , Gg^Vh       , Gg          , Gs^Ft       , Gs^Ft       , Gs^Ft       , Gg^Fet      , Gg          , Gg          , Gg          , Gg          , Gs          , Gs          , Gs          , Gs^Ft       , Gs^Ft       , Gs^Ft       , Gg          , Gg          , Gg          , Gg^Ve       , Gg          , Gg          , Gg          , Gg          , Gg          , Gg          , Gg          , Gg          , Gg          , Gg          , Md^Xm       , Md^Xm       , Gg          , Gg^Vh       , Gg          , Gs          , Gs^Ft       , Gs          , Gs^Ft       , Gs^Ft       , Gs^Ft       , Wo          
Gg          , Gg          , Gg          , Gg          , Gg          , Gg          , Ds          , Ds          , Ds          , Dd^Vdt      , Ds          , Gs          , Ds          , Gg          , Ds          , Gs^Ft       , Ds          , Gs^Ft       , Gg          , Gg          , Gg          , Gg          , Gg          , Gg          , Gg          , Gg          , Gg          , Gg          , Gg          , Gg          , Gg          , Gg          , Md^Xm       , Md^Xm       , Md^Xm       , Gs          , Gs          , Gs          , Gg          , Gs^Ft       , Wo^Wsd      , Wo^Wsd      , Wo          
Wwg         , Ds          , Ds          , Ds          , Ds          , Ds          , Ds          , Ds          , Ds          , Ds          , Ds          , Ds          , Ds          , Ds          , Ds          , Ds          , Ww          , Ds          , Ds          , Ds          , Ds          , Ds          , Ds          , Gg          , Ds          , Ds          , Ds          , Ds          , Ds          , Gg          , Ds          , Gg          , Ds          , Md^Xm       , Ds          , Ds          , Ds          , Gs          , Ww          , Ww          , Wo          , Wo          , Wo          
Wwg         , Ww          , Ww          , Ww          , Ww          , Ds          , Ww          , Ds          , Ds          , Ds          , Ds          , Ds          , Ds          , Ww          , Ww          , Ww          , Ww          , Ww          , Ww          , Ds          , Ds          , Ds          , Ww          , Ds          , Ww          , Ds          , Ww          , Ww          , Ww          , Ds          , Ds          , Ds          , Ds          , Ds          , Ds          , Ds          , Ww          , Ww          , Ww          , Wo          , Wo          , Wo          , Wo          
Ds          , Ds          , Ds          , Ww          , Ww          , Ww          , Ds          , Ww          , Ww          , Ds          , Ww          , Ds          , Ww          , Ww          , Ww          , Ww          , Ww          , Ww          , Ww          , Ww          , Ww          , Ww          , Ww          , Ww          , Ww          , Ww          , Ww          , Ww          , Ww          , Ww          , Ww          , Ww          , Ww          , Ds          , Ww          , Ww          , Ww          , Ww          , Wo          , Wo          , Wo          , Wo          , Wo          
Gg          , Ds          , Ds          , Ds          , Ds          , Ds          , Gs^Fp       , Ds          , Ww          , Ww          , Ww          , Ww          , Ds          , Ds          , Ds          , Ds          , Ww          , Ww          , Ww          , Ww          , Ds          , Ds          , Ds          , Ds          , Ds          , Ds          , Ds          , Ds          , Ds          , Ww          , Ww          , Ww          , Ww          , Ww          , Wo          , Ww          , Wo          , Wo          , Wo          , Wo          , Wo          , Wo          , Wo          
Gs^Fp       , Gs^Fp       , Gs^Fp       , Gs^Fp       , Gg^Vh       , Gg          , Ds          , Ds          , Ww          , Ww          , Ww          , Ww          , Gs^Fp       , Gs^Fp       , Gs^Fp       , Ds          , Ww          , Ww          , Ww          , Ds          , Gs^Fp       , Ds          , Gs^Fp       , Gg^Efm      , Gg^Efm      , Hh          , Hh^Es       , Ds          , Ds          , Ww          , Ww          , Ww          , Ww          , Wo          , Wo          , Wo          , Wo          , Wo          , Wo          , Wo          , Wo          , Wo          , Wo          
Gg          , Gg          , Gs^Fp       , Gg          , Ds          , Ds          , Ww          , Ww          , Ww          , Ww          , Ww          , Ds          , Ds          , Gg^Vh       , Ds          , Ds          , Ww          , Ww          , Ww          , Ds          , Ds          , Gg          , Ds          , Gg^Ve       , Gg          , Gg^Es       , Hh          , Hh^Vhh      , Ds          , Ww          , Ww          , Ww          , Wo          , Wo          , Wo          , Wo          , Wo          , Wo          , Wo          , Wo          , Wo          , Wo          , Wo          
Ds          , Ds          , Ds          , Ds          , Ww          , Ww          , Ds          , Ds          , Ds          , Ww          , Ww          , Ww          , Ww          , Ww          , Ww          , Ww          , Ds          , Ww          , Ww          , Ww          , Ww          , Ds          , Ww          , Ds          , Ds          , Ds          , Ds          , Hh          , Ds          , Ww          , Ww          , Wo          , Wo          , Wo          , Wo          , Wo          , Wo          , Wo          , Wo          , Wo          , Wo          , Wo          , Wo          
Ww          , Ds          , Ww          , Ww          , Ww          , Ds          , Gs^Fp       , Ds          , Ds          , Ds          , Ds          , Ds          , Ww          , Ww          , Ww          , Ww          , Ds          , Ds          , Ds          , Ww          , Ds          , Ww          , Ds          , Ww          , Ww          , Ww          , Ww          , Ds          , Ww          , Ww          , Ds          , Ds          , Md^Xm       , Md^Xm       , Ww          , Wo          , Wo          , Wo          , Wo          , Wo          , Wo          , Wo          , Wo          
Ww          , Ww          , Ww          , Ww          , Ds          , Ds          , Gs^Fp       , Gs^Fp       , Gs^Fp       , Ds          , Gs^Fp       , Ds          , Ds          , Ww          , Ds          , Ds          , Ds          , Ds          , Ds          , Ds          , Ds          , Ds          , Ds          , Ds          , Ds          , Ww          , Ds          , Ww          , Ds          , Ds          , Ds          , Ds          , Md^Xm       , Ww          , Wo          , Wo          , Wo          , Wo          , Wo          , Wo          , Wo          , Wo          , Wo          
Ww          , Ww          , Ds          , Ds          , Gs^Fp       , Gs^Fp       , Gs^Fp       , Gs^Fp       , Gs^Fp       , Gs^Fp       , Gs^Fp       , Gs^Fp       , Gs^Fp       , Ds          , Dd^Vda      , Ds          , Gg          , Gg          , Gg          , Ds          , Ds          , Ds          , Gg          , Ds          , Re          , Ds          , Gg          , Ds          , Gg          , Ds          , Ds          , Md^Xm       , Md^Xm       , Ww          , Wo          , Wo          , Wo          , Wo          , Wo          , Wo          , Wo          , Wo          , Wo          
Ds          , Ds          , Gs^Fp       , Gs^Fp       , Gg          , Gs^Fp       , Ch          , Gs^Fp       , Gg          , Gs^Fp       , Gg          , Gs^Fp       , Gs^Fp       , Gs^Fp       , Gg          , Gg^Fet      , Gs          , Gs          , Gs          , Gg^Fet      , Gg          , Gg          , Re          , Re          , Re          , Gg          , Gg^Fet      , Gg^Fet      , Gg          , Gs^Fp       , Gs^Fp       , Md^Xm       , Md^Xm       , Ww          , Wo          , Wo          , Wo          , Wo          , Wo          , Wo          , Wo          , Wo          , Wo          
Gg          , Gg^Vh       , Gg          , Gg^Efm      , Gg          , Gg          , Ch          , Ch          , Re          , Gg          , Gg          , Gs^Fp       , Gs^Fp       , Gs^Fp       , Gs^Fp       , Gg          , Gg^Efm      , Gs          , Re          , Gg^Vh       , Re          , Re          , Ce          , Ce          , Ce          , Gg          , Gg^Fet      , Gg          , Gs^Fp       , Gg^Vh       , Gs^Fp       , Md^Xm       , Md^Xm       , Ww          , Wo          , Wo          , Wo          , Wo          , Wo          , Wo          , Wo          , Wo          , Wo          
Gg          , Gs^Fp       , Gs^Fp       , Gg          , Gg          , Ch          , Ch          , 1 Kh        , Gg^Efm      , Re          , Re          , Gg^Efm      , Gg^Efm      , Gs^Fp       , Gs^Fp       , Gg          , Re          , Re          , Gg          , Re          , Re          , Re          , Ce          , 2 Ke        , Ce          , Gg          , Gg          , Gs^Fp       , Gs^Fp       , Gs^Fp       , Md^Xm       , Md^Xm       , Md^Xm       , Ww          , Ww          , Wo          , Wo          , Wo          , Wo          , Wo          , Wo          , Wo          , Wo          
Gg          , Gs^Fp       , Gs^Fp       , Gg          , Gg^Efm      , Gg          , Gg          , Ch          , Gg          , Gg          , Gg^Vh       , Re          , Re          , Gs^Fp       , Re          , Re          , Gg          , Gg          , Gg^Fet      , Re          , Re          , Re          , Gg          , Ce          , Gg          , Gg          , Gg^Ve       , Gs^Fp       , Gs^Fp       , Md^Xm       , Md^Xm       , Md^Xm       , Md^Xm       , Md^Xm       , Ww          , Wo          , Wo          , Wo          , Wo          , Wo          , Wo          , Wo          , Wo          
Gg          , Gg          , Gg          , Gg          , Gg          , Gg          , Gg          , Gg          , Gg          , Gg^Efm      , Gg          , Gg          , Gg          , Re          , Gg          , Gg          , Gg          , Gg          , Gg          , Gg          , Gg          , Re          , Gg          , Gg          , Gg          , Gs^Fp       , Gs^Fp       , Gs^Fp       , Gs^Fp       , Md^Xm       , Md^Xm       , Md^Xm       , Md^Xm       , Md^Xm       , Ww          , Wo          , Wo          , Wo          , Wo          , Wo          , Wo          , Wo          , Wo          
