border_size=1
usage=map

Wot, Wot, Wot, Wot, Wot, Gs, Gs, Gs, Gs, Gs, Gs, Gs, Gs, Gs, Hhd, Gs, Gs, Gs, Gs, Gs, Gs, Gs, Gs, Gs, Gs^Fp, Hhd, Ww, Ww, Gs, Gs, Gs, Rd, Gs^Efm, Gs^Efm, Gs, Gs, Gs, Gs, Gs, Gs, Gs, Gs, Gs, Gs, Gs, Gs, Gs, Gs, Gs, Gs, Gs, Gs
Wot, Wot, Wot, Wot, Wot, Gs^Fp, Gs^Fp, Gs^Fp, Gs^Fp, Gs^Fp, Gs^Fp, Gs^Fp, Gg^Efm, Gs^Fp, Gs^Fp, Gs^Fp, Gs^Fp, Gs^Fms, Gs^Fp, Gs^Fp, Gs^Fp, Gs^Fp, Gs, Gs^Fp, Gs, Hhd, Gs^Fp, Ww, Ww, Gs^Fp, Gs^Fp, Rd, Gs^Fp, Gs^Fp, Hhd^Fdw, Gs^Fp, Gs^Fmf, Gs^Fp, Gs, Gs^Fp, Gs^Fp, Gs^Fp, Gs, Gs^Fp, Gs, Gs^Fp, Gs, Gs^Fp, Sm, Gs^Fp, Gs^Fp, Gs
Wot, Wot, Wot, Wot, Wot, Gs, Ce, Ce, Ce, Gs^Fp, Gs^Fp, Gs^Fp, Gs^Fp, Gs^Fp, Gs^Fp, Gs^Fp, Gs^Fp, Gs^Fp, Gs^Fp, Gs^Fp, Gs^Fp, Gs^Fp, Chw, Gs^Fp, Gs^Fp, Gs^Fp, Gs^Fp, Ww, Ww, Gs^Fp, Gs^Fp, Rd, Gs^Fp, Gs^Fp, Gs^Fp, Gs^Fp, Gs^Fp, Gs^Fp, Gs^Fp, Gs^Fp, Hhd^Fdw, Gs^Fp, Gs^Fp, Gs^Fp, Gs^Fp, Gs^Fp, Gs^Fp, Gs^Fp, Gs^Fp, Gs^Fp, Gs^Fp, Gs
Wot, Wot, Wot, Wot, Gs, Gs, Ce, 2 Ke, Ce, Ce, Rd, Gs^Fp, Rd, Gs^Fp, Gs^Fp, Gs^Ve, Gs^Fp, Gs^Fp, Gs^Fp, Gs^Fmf, Gs^Fp, Chr, Khr, Chw, Ww, Gs^Fmf, Gs^Vh, Ww, Ww, Gs^Fp, Rd, Rd, Rd, Rd, Rd, Gs^Fp, Rd, Gs^Fp, Gs^Fp, Gs^Fp, Gs^Fp, Gs^Fp, Gs^Fp, Gs^Fp, Ce, Gs^Fp, Gs^Fp, Gs^Fp, Gs^Fp, Gs^Fp, Gs^Fp, Gs
Wot, Wot, Wot, Wot, Gs, Gd, Gs^Fmf, Ce, Gs^Fp, Gs^Fp, Gs^Fp, Rd, Gs^Fp, Rd, Rd, Gs^Fp, Gs^Fp, Gs^Fp, Gs^Fp, Gs^Fp, Chw, Chw, Ww, Ww, Ww, Ww, Ww, Ww, Ww, Gs^Fp, Rd, Gs^Fp, Gs^Fmf, Gs^Fp, Gs^Fp, Rd, Gs^Fp, Rd, Rd, Gs^Fp, Rd, Gs^Fp, Gs^Fp, Ce, Ce, Ce, Ce, Gs^Fp, Gs^Fp, Gs^Fp, Gs^Fp, Gs
Wot, Wot, Gs, Gs, Gs^Fp, Gs^Fp, Gs^Fp, Sm, Ss, Gs^Fp, Gs^Fp, Ss, Gs^Fp, Gs^Fp, Gs^Fp, Rd, Rd, Gs^Fp, Gs^Fp, Gs^Fp, Ww, Ww, Gs^Fp, Ww, Gs^Fp, Gs^Fp, Gs^Fp, Ww, Ww, Gs^Fp, Rd, Gs^Fp, Gs^Fp, Gs^Fp, Gs^Fp, Gs^Fp, Gs^Fp, Gs^Fp, Gs^Fp, Rd, Gs^Fp, Rd, Rd, Ce, Ce, 3 Ke, Ce, Gs^Fp, Gs^Fp, Gs^Fmf, Gs^Fp, Gs
Gd, Gs, Ce, Gs^Fp, Gs^Fp, Gs^Fp, Gs^Fp, Gs^Fp, Gs^Fp, Ss, Ss, Gs^Fp, Gs^Fp, Gs^Fp, Gs^Fp, Hhd, Gs^Fp, Rd, Rd, Gs^Fp, Ww, Hhd, Gs^Fp, Gs^Fp, Gs^Fp, Gs^Fmf, Gs^Fp, Gs^Fp, Ww, Rd, Gs^Fp, Gs^Fp, Gs^Fp, Hhd^Fdw, Gs^Fp, Gs^Fp, Gs^Fmf, Gs^Fp, Gs^Fp, Gs^Fp, Gs^Fp, Gs^Fp, Rd, Gs^Fp, Gs^Fmf, Ce, Gs^Fp, Gs^Fp, Gs^Fms, Gs^Fp, Gs^Fp, Gs
Hhd, Ce, 1 Ke, Ce, Gs^Fp, Gs^Fp, Gs^Fp, Ss, Gs^Fp, Gs^Fp, Ss, Gs^Fp, Ss, Gs^Fp, Gs^Fp, Gs^Ve, Gs^Fp, Gs^Fp, Rd, Rd, Ww^Bw\, Gs^Fp, Rd, Gs^Fp, Gs^Fp, Gs^Fp, Gs^Fp, Gs^Fp, Hhd^Fdw, Ww^Bw|, Ww, Gs^Fp, Gs^Fp, Gs, Gs^Fp, Gs^Fp, Gs^Fp, Gs^Fp, Gs^Fp, Gs^Ve, Gs^Fp, Gs^Fp, Rd, Rd, Gs^Fp, Gs^Fp, Gs^Fp, Gs^Fp, Gs^Fp, Gs^Fp, Gs^Fp, Gs
Gs, Ce, Ce, Ce, Sm, Ss, Ss, Gs^Fp, Gs^Vh, Gs^Fp, Gs^Fp, Ss, Ss, Ss, Gs^Fp, Gs^Fp, Gs^Fp, Rd, Gs^Fp, Gs^Fp, Ww, Rd, Gs^Fp, Rd, Rd, Gs^Fp, Rd, Gs^Fp, Gs^Fp, Rd, Ww, Ww, Gs^Fp, Gs^Fp, Gs^Fp, Gs^Fp, Hhd, Gs^Fp, Gs, Gs^Fp, Gs^Fp, Gs^Fp, Gs^Fp, Rd, Gs^Fp, Gs^Fp, Gs^Fp, Gs^Fp, Gs^Vh, Gs^Fp, Gs^Fp, Gs
Gs, Gs^Fp, Ce, Gs^Fp, Gs^Fp, Gs^Fp, Gs^Fp, Ss, Ss, Gs^Fp, Ss, Ss, Ss, Gs^Fp, Gs^Fmf, Ss, Gs^Fp, Rd, Gs^Fp, Gs^Fp, Gs^Fp, Ww, Gs^Fp, Gs^Fp, Gs^Fp, Rd, Gs^Fp, Rd, Rd, Rd, Ww^Bw\, Ww, Rd, Gs^Fp, Gs^Fp, Gs^Fp, Gs^Fp, Gs, Gs^Fmf, Gs, Gs^Fp, Gs^Fms, Gs^Fp, Rd, Rd, Gs^Fp, Gs^Fp, Gs^Efm, Gs^Efm, Gs^Fp, Gs^Fp, Gs
Gs, Gs^Fp, Gs^Fp, Rd, Rd, Ss, Gs^Fp, Gs^Fp, Gs^Fp, Ss, Gs^Fp, Gs^Fp, Ss, Gs^Fp, Gs^Fp, Gs^Fp, Rd, Rd, Gs^Fp, Gs^Fp, Gs^Fmf, Ww, Gs^Vh, Gs^Fp, Gs^Fp, Gs^Fp, Gs^Fp, Gs^Fp, Ww, Ww, Gs^Fp, Rd, Gs^Fp, Rd, Rd, Gs^Fp, Gs^Fp, Gs^Fp, Gs^Fp, Sm, Gs^Fp, Gs^Fp, Gs^Fp, Gs^Fp, Rd, Gs^Fp, Gs^Fp, Gs^Fp, Gs^Fp, Gs^Fp, Gs^Fp, Gs
Gs, Gs^Fp, Gs^Fp, Gs^Fp, Gs^Fp, Rd, Rd, Ss, Gs^Fp, Ss, Gs^Fmf, Ss, Gs^Fp, Ss, Ss^Bw/, Rd, Gs^Fp, Gs^Fp, Gs^Fp, Gs^Fp, Gs^Fp, Ww, Gs^Fp, Gs^Fp, Wwg, Hhd, Gs^Ve, Gs^Fp, Ww, Ww, Gs^Fp, Gs^Fmf, Gs^Fp, Rd, Gs^Fp, Rd, Rd, Rd, Rd, Rd, Rd, Gs^Fp, Rd, Gs^Fp, Rd, Rd, Rd, Gs^Fp, Rd, Gs^Fp, Gs^Fp, Gs
Gs, Gs^Fp, Gs^Fp, Gs^Fp, Gs^Fp, Gs^Fp, Gs^Fp, Rd, Rd, Gs^Fp, Gs^Fp, Gs^Fp, Gs^Fp, Rd, Gs^Fp, Ss, Ss, Gs^Fp, Gs^Fp, Gs^Fp, Ww, Ww, Ww, Wwf, Ww, Gs^Fp, Wwf, Ww, Ww, Hhd^Fdw, Gs^Vh, Gs^Fp, Gs^Fp, Gs^Fp, Gs^Fp, Rd, Gs^Fp, Gs^Fp, Gs^Fp, Gs^Fp, Gs^Fp, Rd, Gs^Fp, Rd, Gs, Rd, Rd, Rd, Rd, Rd, Rd, Rd
Gs, Gs^Fp, Gs^Fp, Gs^Fp, Gs^Fp, Gs^Fp, Gs^Fp, Gs^Fp, Gs^Fp, Rd, Rd, Ss, Gs^Fp, Rd, Gs^Fp, Gs^Ve, Gs^Fp, Ss, Ss, Gs^Fp, Ww, Ww, Gs^Fp, Wwf, Gg^Fet, Ww, Wwf, Wwf, Gs^Fp, Gs^Fp, Gs^Fp, Gs^Fp, Gs^Fmf, Gs^Fp, Rd, Rd, Gs^Fp, Gs^Fp, Gs^Fp, Gs^Fp, Gs^Fp, Gs^Fp, Gs^Fp, Gs^Fp, Gs, Gs^Fmf, Rd, Gs^Fp, Gs^Fp, Gs^Fp, Gs^Fp, Rd
Gs, Gs^Fp, Gs^Fp, Gs^Fmf, Gs^Fp, Gs^Fp, Gs^Ve, Gs^Fp, Gs^Fp, Gs^Fp, Gs^Fp, Rd, Rd, Rd, Gs^Fp, Ss, Gs^Fp, Gs^Fp, Ss, Wwg, Gs^Fp, Gs^Fp, Gs^Fp, Gs^Fp, Gs^Fp, Wwf, Wwg, Chr^Es, 6 Khs^Uf, Gs^Fp, Gs^Fp, Gs^Fp, Gs^Fp, Gs^Fp, Rd, Rd, Gs^Fp, Gs^Vh, Gs^Fp, Gs^Fp, Gs^Fdw, Gs^Fp, Gs^Fp, Gs^Fp, Gs^Fmf, Gs^Fp, Rd, Gs^Fp, Gs^Fp, Gs^Fp, Gs^Fp, Gs
Gs, Gs^Fp, Gs^Fp, Gs^Fp, Gs^Fp, Gs^Fp, Gs^Fp, Gs^Fp, Gs^Fp, Gs^Fp, Gs^Fp, Rd, Rd, Gs^Fp, Gs^Fp, Gs^Fp, Gs^Fms, Gs^Fp, Gs^Ve, Ww, Gs^Fp, Gs^Fmf, Hhd, Gs^Ve, Gs^Fp, Wwf, Wwf, Chr^Es, Chr^Es, Chw^Em, Wwf, Hhd, Gs^Fp, Gs^Fp, Rd, Gs^Fp, Gs^Fp, Gs^Fp, Gs^Fp, Gs^Fp, Gs^Fp, Gs^Fp, Gs^Fp, Gs^Fp, Gs^Fp, Hhd^Fdw, Rd, Gs^Fp, Gs^Fmf, Gs^Fp, Gs^Fp, Gs
Gs, Gs^Ve, Gs^Fp, Gs^Fp, Gs^Fp, Gs^Fp, Gs^Fp, Gs^Fp, Gs^Fp, Gs^Fp, Gs^Fp, Gs^Fp, Rd, Gs^Fp, Gs^Fp, Gs^Fp, Gs^Fp, Gs^Fp, Gs^Fp, Ww, Ww, Gs^Fp, Wwf, Gs^Fp, Ww, Wwf, Gs^Fdf, Hhd^Fdw, Chr^Es, Ww, Ww, Wwf, Gs^Fp, Gs^Fp, Rd, Gs^Fp, Gs^Fp, Gs^Fp, Gs^Fp, Gs^Fp, Gs^Fp, Gs^Fp, Gs^Fp, Gs^Fms, Gs^Fp, Gs^Fp, Rd, Gs^Fp, Ce, Ce, Ce, Gs
Gs, Gs^Fp, Gs^Fp, Gs^Fp, Gs^Fmf, Gs^Fp, Gs^Fp, Gs^Fp, Gs^Fp, Gs^Fp, Gs^Fp, Gs^Fp, Gs^Fp, Rd, Gs^Fp, Gs^Fp, Gs^Fp, Gs^Fp, Gs^Fp, Gs^Fp, Gs^Fp, Ww, Gs^Fp, Wwf, Ww, Ww, Wwf, Rb^Fdf, Ww, Wwf, Gs^Fp, Gs^Vh, Gs^Fp, Gs^Fp, Rd, Gs^Fp, Gs^Fp, Gs^Fp, Gs^Fp, Gs^Fmf, Gs^Fp, Gs^Fp, Gs^Fp, Gs^Fp, Gs^Fp, Gs^Fp, Rd, Ce, Ce, 5 Ke, Ce, Gs
Gs, Gs^Fp, Gs^Fp, Gs^Fp, Gs^Fp, Gs^Fp, Gs^Fp, Gs^Fp, Gs^Fp, Gs^Fmf, Gs^Fp, Gs^Fp, Gs^Fp, Rd, Rd, Gs^Fp, Rd, Gs^Fp, Rd, Gs^Fp, Rd, Ww, Gs^Fp, Gs^Fp, Gs^Fp, Ww^Vm, Wwf, Wwf, Gs^Fp, Ww, Gs^Fp, Gs^Fp, Gs^Fp, Rd, Gs^Fp, Gs^Fp, Gs^Fp, Gs^Fp, Gs^Fp, Gs^Fp, Gs^Fp, Gs^Fp, Gs^Fp, Gs^Fp, Gs^Fp, Rd, Rd, Ce, Ce, Ce, Gs^Fp, Gs
Gs, Gs^Fp, Gs^Fp, Gs^Fp, Gs^Fp, Gs^Fp, Gs^Vh, Gs^Fp, Gs^Fp, Gs^Fp, Gs^Fp, Gs^Fp, Rd, Rd, Gs^Fp, Rd, Gs^Fp, Rd, Gs^Fp, Rd, Ww, Ww^Bw\, Re, Gs^Fp, Re, Gs^Fp, Re, Gs^Fp, Ss, Ww, Rd, Gs^Fp, Rd, Rd, Gs^Fp, Gs^Fp, Gs^Fms, Gs^Fp, Gs^Fp, Gs^Fp, Gs^Fp, Gs^Ve, Gs^Fp, Gs^Fp, Gs^Fp, Rd, Gs^Fp, Gs^Fp, Gs^Fp, Gs^Fp, Gs^Fp, Gs
Rd, Gs^Fp, Rd, Gs^Fp, Rd, Gs^Fp, Rd, Gs^Fp, Rd, Rd, Rd, Rd, Rd, Rd, Rd, Gs^Fp, Gs^Fms, Gs^Fp, Gs^Fp, Gs^Fp, Ww, Gs^Fp, Gs^Fp, Re, Gs^Fp, Re, Ss, Ss^Bw\, Re, Ww^Bw/, Gs^Fp, Rd, Rd, Gs^Fp, Gs^Fp, Gs^Fp, Gs^Fp, Gs^Fp, Gs^Fp, Gs^Fp, Gs^Fp, Gs^Fp, Gs^Fp, Gs^Fp, Gs^Fp, Rd, Gs^Fp, Gs^Fp, Gs^Fmf, Gs^Fp, Gs^Fp, Gs
Gs, Rd, Gs^Fp, Rd, Gs^Fp, Rd, Gs^Fp, Rd, Gs^Fp, Gs^Fp, Gs^Fp, Gs^Fp, Gs^Fp, Gs^Fp, Rd, Gs^Fp, Gs^Fp, Gs^Fp, Gs^Fp, Ww, Gs^Fp, Gs^Fp, Gs^Ve, Gs^Fp, Gs^Fp, Re, Ss, Gs^Fp, Gs^Fp, Ww, Ww, Gs^Fmf, Gs^Fp, Rd, Rd, Gs^Fp, Gs^Fp, Gs^Fp, Gs^Fp, Gs^Fmf, Gs^Fp, Gs^Fp, Gs^Fp, Gs^Fp, Gs^Fp, Rd, Gs^Fp, Gs^Fp, Gs^Fp, Gs^Fp, Gs^Fp, Gs
Gs, Gs^Fp, Gs^Fp, Gs^Fp, Gs^Fp, Gs^Fp, Gs^Fp, Gs^Fp, Gs^Fp, Gs^Fp, Gs^Fp, Gs^Fp, Gs^Fp, Gs^Fp, Rd, Gs^Fp, Gs^Fp, Gs^Fp, Chw, Ww, Gs^Fmf, Gs^Fp, Gs^Fp, Gs^Fp, Gs^Fp, Re, Gs^Fp, Gs^Fp, Hhd, Ww, Ww, Gs^Fp, Gs^Fp, Gs^Fp, Gs^Fp, Rd, Rd, Gs^Fp, Gs^Fp, Gs^Fp, Gs^Fp, Gs^Fp, Gs^Fmf, Gs^Fp, Gs^Fp, Rd, Rd, Gs^Fp, Gg^Fet, Gs^Fp, Gs^Fp, Gs
Gs, Gs^Fp, Gs^Fp, Gs^Fp, Gs^Fp, Gs^Fp, Gs^Fp, Gs^Fp, Gs^Fp, Sm, Gs, Gs^Fp, Gs^Fp, Gs^Fp, Rd, Gs^Fp, Gs^Fp, Khr, Chw, Ww, Ww, Gs^Fp, Ww, Gs^Fp, Re, Re, Gs^Fp, Gs^Fp, Ss, Ww^Vm, Ww, Ww, Gs^Fp, Gs^Fp, Gs^Fp, Gs^Fp, Rd, Gs^Fp, Gs^Fp, Gs^Fp, Gs^Fp, Gs^Fp, Gs^Fp, Gs^Fp, Gs^Fp, Hhd, Rd, Gs^Fp, Gs^Fp, Gs^Fp, Gs^Fp, Gs
Gs, Gs^Fp, Gs^Fp, Gs^Fp, Gs^Fp, Gs^Fmf, Gs^Fp, Gs^Fp, Gs^Fp, Gs^Fp, Gs^Fp, Gs^Fp, Gg^Ve, Gs^Fp, Rd, Gs^Fp, Gs^Fp, Gs^Fp, Chw, Chw, Chw, Ww, Ww, Gs^Fp, Ss^Bw|, Gs^Fp, Ss, Ss, Ss, Ss, Gs^Fp, Ww, Ww, Gs^Fp, Gs^Fp, Gs^Fp, Gs^Fp, Rd, Rd, Rd, Rd, Gs^Fp, Gs^Fp, Gs^Fp, Gs^Fp, Gs^Fp, Rd, Gs^Fp, Gs^Fp, Gs^Fp, Gs^Fp, Gs
Gs, Gs^Fp, Gs^Fp, Gs^Fp, Gs^Fp, Gs^Fp, Gs^Fp, Gs^Fp, Hhd^Fdw, Gs^Fp, Gs^Fp, Gs^Fp, Gs^Fp, Gs^Fp, Rd, Gs^Fp, Gs^Fp, Gs^Fp, Gs^Fp, Gs^Fp, Gs^Fp, Ww, Gs^Fp, Ss, Rd, Ss, Ss, Ss, Ss, Gs^Fp, Gs^Fp, Ww, Ww, Gs^Fp, Gs^Fp, Gs^Fp, Gs^Fp, Gs^Fp, Gs^Fp, Gs^Fp, Gs^Fp, Rd, Rd, Hhd, Rd, Gs^Fp, Rd, Gs^Fmf, Gs^Fp, Gs^Fp, Gs^Fp, Gs
Gs, Gs^Fp, Gs^Fp, Gs^Fp, Gs^Fp, Gs^Fp, Gs^Fp, Gs, Gs, Gs^Fp, Gs^Fp, Gs^Fp, Gs^Fp, Gs^Fp, Rd, Gs^Fp, Gs^Fms, Gs^Fp, Gs^Fp, Gs^Fp, Gs^Fp, Ww, Ww, Gs^Fp, Rd, Gs^Fp, Gs^Fmf, Ss, Gs^Fp, Gs^Ve, Gs^Fp, Gs^Fp, Ww, Wwf, Gs^Fp, Gs, Gs^Fp, Gs^Fp, Gs^Fp, Gs^Fp, Gs^Fp, Gs^Fp, Gs^Fp, Rd, Rd, Gs^Fp, Rd, Gs^Fp, Gs^Fp, Gs^Fp, Gs^Fp, Gs
Gs, Gs^Fp, Gs^Fp, Gs^Vh, Gs^Fp, Gs^Fp, Gs^Fms, Gs^Fp, Gs^Fp, Gs^Fp, Gs^Fp, Gs^Fms, Gs^Fp, Gs^Fp, Rd, Gs^Fp, Gs^Fp, Gs^Fp, Gs^Fp, Gs^Fp, Gs^Fmf, Gg^Efm, Ww, Gs^Fp, Rd, Gs^Fp, Wwg, Ss, Gs^Fp, Gs^Fp, Gs^Fp, Gs^Fp, Gs^Fp, Ww^Vm, Gs^Fmf, Gs^Efm, Gs^Fp, Gs^Fp, Gs^Fmf, Gs^Vh, Gs^Fp, Gs^Fp, Gs^Fp, Gs^Fp, Rd, Rd, Gs^Fds, Gs^Fds, Gs^Fp, Gs^Fmf, Gs^Fp, Gs
Gs, Gs^Fp, Gs^Fmf, Gs^Fp, Gs^Fp, Gs^Fp, Gs^Fp, Gs^Fp, Gs^Fp, Gs^Fp, Gs^Fp, Gs^Fp, Gs^Fp, Gs^Fp, Rd, Gs^Fp, Gs^Fp, Gs^Fp, Gs^Fp, Ww, Ww, Ww, Gs^Fp, Gs^Fp, Rd, Sm, Wwg, Wwg, Wwg, Gs^Fp, Gs^Fp, Gs^Fp, Gs^Fp, Ww, Gs^Fp, Gs^Fp, Gs^Fp, Gs^Fp, Gs^Fp, Gs^Fp, Gs^Fp, Gs^Fms, Gs^Fp, Gs^Fp, Gs^Fp, Rd, Ce, Ce, Ce, Gs^Fp, Gs^Fp, Gs
Gs, Gs^Fp, Gs^Fp, Gs^Fp, Gs^Fp, Gs^Fp, Gs^Fp, Gs^Fp, Gs^Fp, Gs^Fp, Gs^Fp, Gs^Fp, Gs^Fp, Gs^Fp, Gs^Fp, Rd, Gs^Fp, Gs^Vh, Gs^Fp, Ww, Ww, Gs^Fp, Gs^Fp, Gs^Fp, Rd, Gs^Fp, Gs^Fp, Wwg, Gs^Fp, Gs^Fmf, Gs^Fp, Gs^Fp, Ww, Ww, Gs^Fp, Gs^Fms, Gs^Fp, Gs^Fp, Gs^Fp, Gs^Fp, Gs^Fp, Gs^Fp, Gs^Fp, Gs^Fp, Rd, Ce, 4 Ke, Ce, Ce, Gs^Fp, Gs^Fp, Gs
Gs, Gs^Fp, Gs^Fp, Gs^Fp, Gs^Fp, Hhd^Fdw, Gs^Fp, Gs^Fp, Gs^Fp, Gs^Fmf, Gs, Gs^Fp, Gs^Fp, Gs^Fms, Gs^Fp, Rd, Rd, Gs^Fp, Rd, Rd, Ww^Bw\, Gs^Fp, Rd, Gs^Fp, Rd, Gs^Fp, Gs^Fp, Gs^Fp, Gs^Fp, Gs^Fp, Rd, Gs^Fp, Gs^Fp, Ww, Rd, Gs^Fp, Rd, Rd, Rd, Gs^Fp, Rd, Gs^Fp, Rd, Gs^Fp, Rd, Ce, Ce, Ce, Gs^Fp, Gs^Fp, Gs^Fp, Gs
Gs, Gs^Fp, Gs^Fp, Gs^Fp, Gs^Fp, Gs^Fp, Gs^Fp, Gs^Fp, Gs^Fp, Gs^Fp, Gs^Fp, Gs^Fp, Gs^Fp, Gs^Fp, Gs^Fp, Gs^Fp, Gs^Fp, Rd, Hhd^Fdw, Gs^Fp, Ww, Rd, Gs^Fp, Rd, Gs^Fp, Rd, Rd, Rd, Rd, Rd, Gs^Fp, Rd, Rd, Ww^Bw/, Ww, Rd, Gs^Fp, Gs^Fp, Gs^Fp, Rd, Gs^Fp, Rd, Gs^Fp, Rd, Gs^Fp, Gs^Fp, Gs^Fp, Gs^Fp, Gs^Fp, Gs^Fp, Gs^Fp, Gs
Gs, Gs, Gs, Gs, Gs, Gs, Gs, Gs, Gs, Gs, Gs, Gs, Gs, Gs, Gs, Gs, Hhd, Gs, Hhd, Gg, Ww, Ww, Gs, Gs, Gs, Gs, Gs, Gs, Gs, Gs, Gs, Gs, Gs, Ww, Ww, Gs, Gs, Gs, Gs, Gs, Gs, Gs, Gs, Gs, Gs, Gs, Gs, Gs, Gs, Gs, Gs, Gs
