border_size=1
usage=map

Wo          , Wo          , Wo          , Wo          , Wo          , Gg          , Gg          , Gg          , Gg          , Gg          , Gg          , Gg          , Gg          , Gg          , Gg          , Gg          , Gg          , Gg          , Gg          , Gg          , Gg          , Gg          , Gg          , Gg          , Gs^Fp       , Gs          , Ww          , Ww          , Gg          , Gg          , Gg          , Re          , Gg^Efm         , Gg^Efm         , Gs          , Gg          , Gg          , Gg          , Gg          , Gg          , Gg          , Gg          , Gg          , Gg          , Gg          , Gg          , Gg          , Gg          , Gg          , Gg          , Gg          , Gg          
Wo          , Wo          , Wo          , Wo          , Wo          , Gs^Fp       , Gs^Fp       , Gs^Fp       , Gs^Fp       , Gs^Fp       , Gs^Fp       , Gs^Fp       , Gg^Efm         , Gs^Fp       , Gs^Fp       , Gs^Fp       , Gs^Fp       , Gs          , Gs^Fp       , Gs^Fp       , Gg          , Gs^Fp       , Gg          , Gs^Fp       , Gg          , Gs^Fp       , Gs^Fp       , Ww          , Ww          , Gs^Fp       , Gs^Fp       , Re          , Gs^Fp       , Gs^Fp       , Gs          , Gs^Fp       , Gg^Fet      , Gs^Fp       , Gg          , Gs^Fp       , Gs^Fp       , Gs^Fp       , Gg          , Gs^Fp       , Gg          , Gs^Fp       , Gg          , Gs^Fp       , Gg          , Gs^Fp       , Gs^Fp       , Gg          
Wo          , Wo          , Wo          , Wo          , Wo          , Gg          , Ce          , Ce          , Ce          , Gs^Fp       , Gs^Fp       , Gs^Fp       , Gs^Fp       , Gs^Fp       , Gs^Fp       , Gs^Fp       , Gs^Fp       , Gs^Fp       , Gs^Fp       , Gs^Fp       , Gs^Fp       , Gs^Fp       , Chw         , Gs^Fp       , Gs^Fp       , Gs^Fp       , Gs^Fp       , Ww          , Ww          , Gs^Fp       , Gs^Fp       , Re          , Gs^Fp       , Gs^Fp       , Gs^Fp       , Gs^Fp       , Gs^Fp       , Gs^Fp       , Gs^Fp       , Gs^Fp       , Gs          , Gs^Fp       , Gs^Fp       , Gs^Fp       , Gs^Fp       , Gs^Fp       , Gs^Fp       , Gs^Fp       , Gs^Fp       , Gs^Fp       , Gs^Fp       , Gg          
Wo          , Wo          , Wo          , Wo          , Gg          , Gg          , Ce          , 2 Ke        , Ce          , Ce          , Re          , Gs^Fp       , Re          , Gs^Fp       , Gs^Fp       , Gg^Ve       , Gs^Fp       , Gs^Fp       , Gs^Fp       , Gg^Fet      , Gs^Fp       , Chr         , Khr         , Chw         , Wwg         , Gg^Fet      , Gg^Vh       , Ww          , Ww          , Gs^Fp       , Re          , Re          , Re          , Re          , Re          , Gs^Fp       , Re          , Gs^Fp       , Gs^Fp       , Gs^Fp       , Gs^Fp       , Gs^Fp       , Gs^Fp       , Gs^Fp       , Ce          , Gs^Fp       , Gs^Fp       , Gs^Fp       , Gs^Fp       , Gs^Fp       , Gs^Fp       , Gg          
Wo          , Wo          , Wo          , Wo          , Gg          , Gg          , Gs^Fp       , Ce          , Gs^Fp       , Gs^Fp       , Gs^Fp       , Re          , Gs^Fp       , Re          , Re          , Gs^Fp       , Gs^Fp       , Gs^Fp       , Gs^Fp       , Gs^Fp       , Chw         , Chw         , Ww          , Wwg         , Ww          , Ww          , Ww          , Ww          , Ww          , Gs^Fp       , Re          , Gs^Fp       , Gg^Fet      , Gs^Fp       , Gs^Fp       , Re          , Gs^Fp       , Re          , Re          , Gs^Fp       , Re          , Gs^Fp       , Gs^Fp       , Ce          , Ce          , Ce          , Ce          , Gs^Fp       , Gs^Fp       , Gs^Fp       , Gs^Fp       , Gg          
Wo          , Wo          , Gg          , Gg          , Gs^Fp       , Gs^Fp       , Gs^Fp       , Gg          , Ss          , Gs^Fp       , Gs^Fp       , Ss          , Gs^Fp       , Gs^Fp       , Gs^Fp       , Re          , Re          , Gs^Fp       , Gs^Fp       , Gs^Fp       , Ww          , Ww          , Gs^Fp       , Ww          , Gs^Fp       , Gs^Fp       , Gs^Fp       , Ww          , Ww          , Gs^Fp       , Re          , Gs^Fp       , Gs^Fp       , Gs^Fp       , Gs^Fp       , Gs^Fp       , Gs^Fp       , Gs^Fp       , Gs^Fp       , Re          , Gs^Fp       , Re          , Re          , Ce          , Ce          , 3 Ke        , Ce          , Gs^Fp       , Gs^Fp       , Gs^Fp       , Gs^Fp       , Gg          
Gg          , Gg          , Ce          , Gs^Fp       , Gs^Fp       , Gs^Fp       , Gs^Fp       , Gs^Fp       , Gs^Fp       , Ss          , Ss          , Gs^Fp       , Gs^Fp       , Gs^Fp       , Gs^Fp       , Gs^Fp       , Gs^Fp       , Re          , Re          , Gs^Fp       , Ww          , Gs^Fp       , Gs^Fp       , Gs^Fp       , Gs^Fp       , Gg^Fet      , Gs^Fp       , Gs^Fp       , Ww          , Re          , Gs^Fp       , Gs^Fp       , Gs          , Gs          , Gs^Fp       , Gs^Fp       , Gs^Fp       , Gs^Fp       , Gs^Fp       , Gs^Fp       , Gs^Fp       , Gs^Fp       , Re          , Gs^Fp       , Gs^Fp       , Ce          , Gs^Fp       , Gs^Fp       , Gs^Fp       , Gs^Fp       , Gs^Fp       , Gg          
Gg          , Ce          , 1 Ke        , Ce          , Gs^Fp       , Gs^Fp       , Gs^Fp       , Ss          , Gs^Fp       , Gs^Fp       , Ss          , Gs^Fp       , Ss          , Gs^Fp       , Gs^Fp       , Gg^Ve       , Gs^Fp       , Gs^Fp       , Re          , Re          , Ww^Bw\      , Gs^Fp       , Re          , Gs^Fp       , Gs^Fp       , Gs^Fp       , Gs^Fp       , Gs^Fp       , Gs^Fp       , Ww^Bw|      , Ww          , Gs^Fp       , Gs^Fp       , Gs          , Gs^Fp       , Gs^Fp       , Gs^Fp       , Gs^Fp       , Gs^Fp       , Gg^Ve       , Gs^Fp       , Gs^Fp       , Re          , Re          , Gs^Fp       , Gs^Fp       , Gs^Fp       , Gs^Fp       , Gs^Fp       , Gs^Fp       , Gs^Fp       , Gg          
Gg          , Ce          , Ce          , Ce          , Gg          , Ss          , Ss          , Gs^Fp       , Gg^Vh       , Gs^Fp       , Gs^Fp       , Ss          , Ss          , Ss          , Gs^Fp       , Gs^Fp       , Gs^Fp       , Re          , Gs^Fp       , Gs^Fp       , Ww          , Re          , Gs^Fp       , Re          , Re          , Gs^Fp       , Re          , Gs^Fp       , Gs^Fp       , Re          , Ww          , Ww          , Gs^Fp       , Gs^Fp       , Gs^Fp       , Gs^Fp       , Gs          , Gs          , Gs          , Gs^Fp       , Gs^Fp       , Gs^Fp       , Gs^Fp       , Re          , Gs^Fp       , Gs^Fp       , Gs^Fp       , Gs^Fp       , Gg^Vh       , Gs^Fp       , Gs^Fp       , Gg          
Gg          , Gs^Fp       , Ce          , Gs^Fp       , Gs^Fp       , Gs^Fp       , Gs^Fp       , Ss          , Ss          , Gs^Fp       , Ss          , Ss          , Ss          , Gs^Fp       , Gs^Fp       , Ss          , Gs^Fp       , Re          , Gs^Fp       , Gs^Fp       , Gs^Fp       , Ww          , Gs^Fp       , Gs^Fp       , Gs^Fp       , Re          , Gs^Fp       , Re          , Re          , Re          , Ww^Bw\      , Ww          , Re          , Gs^Fp       , Gs^Fp       , Gs^Fp       , Gs^Fp       , Gs          , Gg^Fet      , Gs          , Gs^Fp       , Gs^Fp       , Gs^Fp       , Re          , Re          , Gs^Fp       , Gs^Fp       , Gg^Efm         , Gg^Efm         , Gs^Fp       , Gs^Fp       , Gg          
Gg          , Gs^Fp       , Gs^Fp       , Re          , Re          , Ss          , Gs^Fp       , Gs^Fp       , Gs^Fp       , Ss          , Gs^Fp       , Gs^Fp       , Ss          , Gs^Fp       , Gs^Fp       , Gs^Fp       , Re          , Re          , Gs^Fp       , Gs^Fp       , Gg^Fet      , Ww          , Gg^Vh       , Gs^Fp       , Gs^Fp       , Gs^Fp       , Gs^Fp       , Gs^Fp       , Ww          , Ww          , Gs^Fp       , Re          , Gs^Fp       , Re          , Re          , Gs^Fp       , Gs^Fp       , Gs^Fp       , Gs^Fp       , Gs          , Gs^Fp       , Gs^Fp       , Gs^Fp       , Gs^Fp       , Re          , Gs^Fp       , Gs^Fp       , Gs^Fp       , Gs^Fp       , Gs^Fp       , Gs^Fp       , Gg          
Gg          , Gs^Fp       , Gs^Fp       , Gs^Fp       , Gs^Fp       , Re          , Re          , Ss          , Gs^Fp       , Ss          , Gs^Fp       , Ss          , Gs^Fp       , Ss          , Ss^Bw/      , Re          , Gs^Fp       , Gs^Fp       , Gs^Fp       , Gs^Fp       , Gs^Fp       , Ww          , Gs^Fp       , Gs^Fp       , Wwg         , Gs^Fp       , Gg^Ve       , Gs^Fp       , Ww          , Ww          , Gs^Fp       , Gg^Fet      , Gs^Fp       , Re          , Gs^Fp       , Re          , Re          , Re          , Re          , Re          , Re          , Gs^Fp       , Re          , Gs^Fp       , Re          , Re          , Re          , Gs^Fp       , Re          , Gs^Fp       , Gs^Fp       , Gg          
Gg          , Gs^Fp       , Gs^Fp       , Gs^Fp       , Gs^Fp       , Gs^Fp       , Gs^Fp       , Re          , Re          , Gs^Fp       , Gs^Fp       , Gs^Fp       , Gs^Fp       , Re          , Gs^Fp       , Ss          , Ss          , Gs^Fp       , Gs^Fp       , Gs^Fp       , Ww          , Ww          , Ww          , Wwf         , Ww          , Ww          , Wwf         , Ww          , Ww          , Ww          , Gg^Vh       , Gs^Fp       , Gs^Fp       , Gs^Fp       , Gs^Fp       , Re          , Gs^Fp       , Gs^Fp       , Gs^Fp       , Gs^Fp       , Gs^Fp       , Re          , Gs^Fp       , Re          , Gs          , Re          , Re          , Re          , Re          , Re          , Re          , Gg          
Gg          , Gs^Fp       , Gs^Fp       , Gs^Fp       , Gs^Fp       , Gs^Fp       , Gs^Fp       , Gs^Fp       , Gs^Fp       , Re          , Re          , Ss          , Gs^Fp       , Re          , Gs^Fp       , Gg^Ve       , Gs^Fp       , Ss          , Ss          , Gs^Fp       , Ww          , Ww          , Gs^Fp       , Wwf         , Gs^Fp       , Ww          , Wwf         , Wwf         , Gs^Fp       , Gs^Fp       , Gs^Fp       , Gs^Fp       , Gs^Fp       , Gs^Fp       , Re          , Re          , Gs^Fp       , Gs^Fp       , Gs^Fp       , Gs^Fp       , Gs^Fp       , Gs^Fp       , Gs^Fp       , Gs^Fp       , Gs          , Gg^Fet      , Re          , Gs^Fp       , Gs^Fp       , Gs^Fp       , Gs^Fp       , Gg          
Gg          , Gs^Fp       , Gs^Fp       , Gg^Fet      , Gs^Fp       , Gs^Fp       , Gg^Ve       , Gs^Fp       , Gs^Fp       , Gs^Fp       , Gs^Fp       , Re          , Re          , Re          , Gs^Fp       , Ss          , Gs^Fp       , Gs^Fp       , Ss          , Wwg         , Ww          , Gs^Fp       , Gs^Fp       , Gs^Fp       , Gs^Fp       , Wwf         , Wwg         , Chr^Es      , 6 Khs^Uf    , Gs^Fp       , Gs^Fp       , Gs^Fp       , Gs^Fp       , Gs^Fp       , Re          , Re          , Gs^Fp       , Gg^Vh       , Gs^Fp       , Gs^Fp       , Gs^Fp       , Gs^Fp       , Gs^Fp       , Gs^Fp       , Gg^Fet      , Gs^Fp       , Re          , Gs^Fp       , Gs^Fp       , Gs^Fp       , Gs^Fp       , Gg          
Gg          , Gs^Fp       , Gs^Fp       , Gs^Fp       , Gs^Fp       , Gs^Fp       , Gs^Fp       , Gs^Fp       , Gs^Fp       , Gs^Fp       , Gs^Fp       , Re          , Re          , Gs^Fp       , Gs^Fp       , Gs^Fp       , Gg^Fet      , Gs^Fp       , Gg^Ve       , Ww          , Gs^Fp       , Gg^Fet      , Gs^Fp       , Gg^Ve       , Gs^Fp       , Wwf         , Wwf         , Chr^Es      , Chr^Es      , Chw^Em      , Wwf         , Wwg         , Gs^Fp       , Gs^Fp       , Re          , Gs^Fp       , Gs^Fp       , Gs^Fp       , Gs^Fp       , Gs^Fp       , Gs^Fp       , Gs^Fp       , Gs^Fp       , Gs^Fp       , Gs^Fp       , Gs          , Re          , Gs^Fp       , Gg^Fet      , Gs^Fp       , Gs^Fp       , Gg          
Gg          , Gg^Ve       , Gs^Fp       , Gs^Fp       , Gs^Fp       , Gs^Fp       , Gs^Fp       , Gs^Fp       , Gs^Fp       , Gs^Fp       , Gs^Fp       , Gs^Fp       , Re          , Gs^Fp       , Gs^Fp       , Gs^Fp       , Gs^Fp       , Gs^Fp       , Gs^Fp       , Ww          , Ww          , Gs^Fp       , Wwf         , Gs^Fp       , Ww          , Wwf         , Gs^Fp       , Gs^Fp       , Chr^Es      , Ww          , Ww          , Wwf         , Gs^Fp       , Gs^Fp       , Re          , Gs^Fp       , Gs^Fp       , Gs^Fp       , Gs^Fp       , Gs^Fp       , Gs^Fp       , Gs^Fp       , Gs^Fp       , Gs^Fp       , Gs^Fp       , Gs^Fp       , Re          , Gs^Fp       , Ce          , Ce          , Ce          , Gg          
Gg          , Gs^Fp       , Gs^Fp       , Gs^Fp       , Gg^Fet      , Gs^Fp       , Gs^Fp       , Gs^Fp       , Gs^Fp       , Gs^Fp       , Gs^Fp       , Gs^Fp       , Gs^Fp       , Re          , Gs^Fp       , Gs^Fp       , Gs^Fp       , Gs^Fp       , Gs^Fp       , Gs^Fp       , Gs^Fp       , Ww          , Gs^Fp       , Wwf         , Ww          , Ww          , Wwf         , Gs^Fp       , Ww          , Wwf         , Gs^Fp       , Gg^Vh       , Gs^Fp       , Gs^Fp       , Re          , Gs^Fp       , Gs^Fp       , Gs^Fp       , Gs^Fp       , Gg^Fet      , Gs^Fp       , Gs^Fp       , Gs^Fp       , Gs^Fp       , Gs^Fp       , Gs^Fp       , Re          , Ce          , Ce          , 5 Ke        , Ce          , Gg          
Gg          , Gs^Fp       , Gs^Fp       , Gs^Fp       , Gs^Fp       , Gs^Fp       , Gs^Fp       , Gs^Fp       , Gs^Fp       , Gg^Fet      , Gs^Fp       , Gs^Fp       , Gs^Fp       , Re          , Re          , Gs^Fp       , Re          , Gs^Fp       , Re          , Gs^Fp       , Re          , Ww          , Gs^Fp       , Gs^Fp       , Gs^Fp       , Ww^Vm       , Wwf         , Wwf         , Gs^Fp       , Ww          , Gs^Fp       , Gs^Fp       , Gs^Fp       , Re          , Gs^Fp       , Gs^Fp       , Gs^Fp       , Gs^Fp       , Gs^Fp       , Gs^Fp       , Gs^Fp       , Gs^Fp       , Gs^Fp       , Gs^Fp       , Gs^Fp       , Re          , Re          , Ce          , Ce          , Ce          , Gs^Fp       , Gg          
Gg          , Gs^Fp       , Gs^Fp       , Gs^Fp       , Gs^Fp       , Gs^Fp       , Gg^Vh       , Gs^Fp       , Gs^Fp       , Gs^Fp       , Gs^Fp       , Gs^Fp       , Re          , Re          , Gs^Fp       , Re          , Gs^Fp       , Re          , Gs^Fp       , Re          , Ww          , Ww^Bw\      , Re          , Gs^Fp       , Re          , Gs^Fp       , Re          , Gs^Fp       , Ss          , Ww          , Re          , Gs^Fp       , Re          , Re          , Gs^Fp       , Gs^Fp       , Gs^Fp       , Gs^Fp       , Gs^Fp       , Gs^Fp       , Gs^Fp       , Gg^Ve       , Gs^Fp       , Gs^Fp       , Gs^Fp       , Re          , Gs^Fp       , Gs^Fp       , Gs^Fp       , Gs^Fp       , Gs^Fp       , Gg          
Re          , Gs^Fp       , Re          , Gs^Fp       , Re          , Gs^Fp       , Re          , Gs^Fp       , Re          , Re          , Re          , Re          , Re          , Re          , Re          , Gs^Fp       , Gs^Fp       , Gs^Fp       , Gs^Fp       , Gs^Fp       , Ww          , Gs^Fp       , Gs^Fp       , Re          , Gs^Fp       , Re          , Ss          , Ss^Bw\      , Re          , Ww^Bw/      , Gs^Fp       , Re          , Re          , Gs^Fp       , Gs^Fp       , Gs^Fp       , Gs^Fp       , Gs^Fp       , Gs^Fp       , Gs^Fp       , Gs^Fp       , Gs^Fp       , Gs^Fp       , Gs^Fp       , Gs^Fp       , Re          , Gs^Fp       , Gs^Fp       , Gg^Fet      , Gs^Fp       , Gs^Fp       , Gg          
Gg          , Re          , Gs^Fp       , Re          , Gs^Fp       , Re          , Gs^Fp       , Re          , Gs^Fp       , Gs^Fp       , Gs^Fp       , Gs^Fp       , Gs^Fp       , Gs^Fp       , Re          , Gs^Fp       , Gs^Fp       , Gs^Fp       , Gs^Fp       , Ww          , Gs^Fp       , Gs^Fp       , Gg^Ve       , Gs^Fp       , Gs^Fp       , Re          , Ss          , Gs^Fp       , Gs^Fp       , Ww          , Ww          , Gg^Fet      , Gs^Fp       , Re          , Re          , Gs^Fp       , Gs^Fp       , Gs^Fp       , Gs^Fp       , Gg^Fet      , Gs^Fp       , Gs^Fp       , Gs^Fp       , Gs^Fp       , Gs^Fp       , Re          , Gs^Fp       , Gs^Fp       , Gs^Fp       , Gs^Fp       , Gs^Fp       , Gg          
Gg          , Gs^Fp       , Gs^Fp       , Gs^Fp       , Gs^Fp       , Gs^Fp       , Gs^Fp       , Gs^Fp       , Gs^Fp       , Gs^Fp       , Gs^Fp       , Gs^Fp       , Gs^Fp       , Gs^Fp       , Re          , Gs^Fp       , Gs^Fp       , Gs^Fp       , Chw         , Ww          , Gg^Fet      , Gs^Fp       , Gs^Fp       , Gs^Fp       , Gs^Fp       , Re          , Gs^Fp       , Gs^Fp       , Gs^Fp       , Ww          , Ww          , Gs^Fp       , Gs^Fp       , Gs^Fp       , Gs^Fp       , Re          , Re          , Gs^Fp       , Gs^Fp       , Gs^Fp       , Gs^Fp       , Gs^Fp       , Gg^Fet      , Gs^Fp       , Gs^Fp       , Re          , Re          , Gs^Fp       , Gg^Ve       , Gs^Fp       , Gs^Fp       , Gg          
Gg          , Gs^Fp       , Gs^Fp       , Gs^Fp       , Gs^Fp       , Gs^Fp       , Gs^Fp       , Gs^Fp       , Gs^Fp       , Gg          , Gg          , Gs^Fp       , Gs^Fp       , Gs^Fp       , Re          , Gs^Fp       , Gs^Fp       , Khr         , Chw         , Ww          , Ww          , Gs^Fp       , Ww          , Gs^Fp       , Re          , Re          , Gs^Fp       , Gs^Fp       , Ss          , Ww^Vm       , Ww          , Ww          , Gs^Fp       , Gs^Fp       , Gs^Fp       , Gs^Fp       , Re          , Gs^Fp       , Gs^Fp       , Gs^Fp       , Gs^Fp       , Gs^Fp       , Gs^Fp       , Gs^Fp       , Gs^Fp       , Re          , Re          , Gs^Fp       , Gs^Fp       , Gs^Fp       , Gs^Fp       , Gg          
Gg          , Gs^Fp       , Gs^Fp       , Gs^Fp       , Gs^Fp       , Gg^Fet      , Gs^Fp       , Gs^Fp       , Gs^Fp       , Gs^Fp       , Gs^Fp       , Gs^Fp       , Gg^Ve       , Gs^Fp       , Re          , Gs^Fp       , Gs^Fp       , Gs^Fp       , Chw         , Chw         , Chw         , Ww          , Ww          , Gs^Fp       , Ss^Bw|      , Gs^Fp       , Ss          , Ss          , Ss          , Ss          , Gs^Fp       , Ww          , Ww          , Gs^Fp       , Gs^Fp       , Gs^Fp       , Gs^Fp       , Re          , Re          , Re          , Re          , Gs^Fp       , Gs^Fp       , Gs^Fp       , Gs^Fp       , Gs^Fp       , Re          , Gs^Fp       , Gs^Fp       , Gs^Fp       , Gs^Fp       , Gg          
Gg          , Gs^Fp       , Gs^Fp       , Gs^Fp       , Gs^Fp       , Gs^Fp       , Gs^Fp       , Gs^Fp       , Gs          , Gs^Fp       , Gs^Fp       , Gs^Fp       , Gs^Fp       , Gs^Fp       , Re          , Gs^Fp       , Gs^Fp       , Gs^Fp       , Gs^Fp       , Gs^Fp       , Gs^Fp       , Ww          , Gs^Fp       , Ss          , Re          , Ss          , Ss          , Ss          , Ss          , Gs^Fp       , Gs^Fp       , Ww          , Ww          , Gs^Fp       , Gs^Fp       , Gs^Fp       , Gs^Fp       , Gs^Fp       , Gs^Fp       , Gs^Fp       , Gs^Fp       , Re          , Re          , Re          , Re          , Gs^Fp       , Re          , Gs^Fp       , Gs^Fp       , Gs^Fp       , Gs^Fp       , Gg          
Gg          , Gs^Fp       , Gs^Fp       , Gs^Fp       , Gs^Fp       , Gs^Fp       , Gs^Fp       , Gs          , Gs          , Gs^Fp       , Gs^Fp       , Gs^Fp       , Gs^Fp       , Gs^Fp       , Re          , Gs^Fp       , Gs^Fp       , Gs^Fp       , Gs^Fp       , Gs^Fp       , Gs^Fp       , Ww          , Ww          , Gs^Fp       , Re          , Gs^Fp       , Gg^Fet      , Ss          , Gs^Fp       , Gg^Ve       , Gs^Fp       , Gs^Fp       , Ww          , Wwf         , Gs^Fp       , Gg          , Gs^Fp       , Gs^Fp       , Gs^Fp       , Gs^Fp       , Gs^Fp       , Gs^Fp       , Gs^Fp       , Re          , Re          , Gs^Fp       , Re          , Gs^Fp       , Gs^Fp       , Gs^Fp       , Gs^Fp       , Gg          
Gg          , Gs^Fp       , Gs^Fp       , Gg^Vh       , Gs^Fp       , Gs^Fp       , Gs^Fp       , Gs^Fp       , Gs^Fp       , Gs^Fp       , Gs^Fp       , Gs^Fp       , Gs^Fp       , Gs^Fp       , Re          , Gs^Fp       , Gs^Fp       , Gs^Fp       , Gs^Fp       , Gs^Fp       , Gg^Fet      , Gg^Efm         , Ww          , Gs^Fp       , Re          , Gs^Fp       , Wwg         , Ss          , Gs^Fp       , Gs^Fp       , Gs^Fp       , Gs^Fp       , Gs^Fp       , Ww^Vm       , Gg^Fet      , Gg^Efm         , Gs^Fp       , Gs^Fp       , Gs^Fp       , Gg^Vh       , Gs^Fp       , Gs^Fp       , Gs^Fp       , Gs^Fp       , Gs^Fp       , Re          , Re          , Gs^Fp       , Gs^Fp       , Gs^Fp       , Gs^Fp       , Gg          
Gg          , Gs^Fp       , Gs^Fp       , Gs^Fp       , Gs^Fp       , Gs^Fp       , Gs^Fp       , Gs^Fp       , Gs^Fp       , Gs^Fp       , Gs^Fp       , Gs^Fp       , Gs^Fp       , Gs^Fp       , Re          , Gs^Fp       , Gs^Fp       , Gs^Fp       , Gs^Fp       , Ww          , Ww          , Ww          , Gs^Fp       , Gs^Fp       , Re          , Gs^Fp       , Wwg         , Wwg         , Wwg         , Gs^Fp       , Gs^Fp       , Gs^Fp       , Gs^Fp       , Ww          , Gs^Fp       , Gg          , Gs^Fp       , Gs^Fp       , Gs^Fp       , Gs^Fp       , Gs^Fp       , Gs^Fp       , Gs^Fp       , Gs^Fp       , Gs^Fp       , Gs^Fp       , Ce          , Ce          , Ce          , Gs^Fp       , Gs^Fp       , Gg          
Gg          , Gs^Fp       , Gs^Fp       , Gs^Fp       , Gs^Fp       , Gs^Fp       , Gs^Fp       , Gs^Fp       , Gs^Fp       , Gs^Fp       , Gs^Fp       , Gs^Fp       , Gs^Fp       , Gs^Fp       , Gs^Fp       , Re          , Gs^Fp       , Gg^Vh       , Gs^Fp       , Ww          , Ww          , Gs^Fp       , Gs^Fp       , Gs^Fp       , Re          , Gs^Fp       , Gs^Fp       , Wwg         , Gs^Fp       , Gs^Fp       , Gs^Fp       , Gs^Fp       , Ww          , Ww          , Gs^Fp       , Gs^Fp       , Gs^Fp       , Gs^Fp       , Gs^Fp       , Gs^Fp       , Gs^Fp       , Gs^Fp       , Gs^Fp       , Gs^Fp       , Gs^Fp       , Ce          , 4 Ke        , Ce          , Ce          , Gs^Fp       , Gs^Fp       , Gg          
Gg          , Gs^Fp       , Gs^Fp       , Gs^Fp       , Gs^Fp       , Gg          , Gs^Fp       , Gs^Fp       , Gs^Fp       , Gg^Fet      , Gs          , Gs^Fp       , Gs^Fp       , Gs^Fp       , Gs^Fp       , Re          , Re          , Gs^Fp       , Re          , Re          , Ww^Bw\      , Gs^Fp       , Re          , Gs^Fp       , Re          , Gs^Fp       , Gs^Fp       , Gs^Fp       , Gs^Fp       , Gs^Fp       , Re          , Gs^Fp       , Gs^Fp       , Ww          , Re          , Gs^Fp       , Re          , Re          , Re          , Gs^Fp       , Re          , Gs^Fp       , Re          , Gs^Fp       , Re          , Ce          , Ce          , Ce          , Gs^Fp       , Gs^Fp       , Gs^Fp       , Gg          
Gg          , Gs^Fp       , Gs^Fp       , Gs^Fp       , Gs^Fp       , Gs^Fp       , Gs^Fp       , Gs^Fp       , Gs^Fp       , Gs^Fp       , Gs^Fp       , Gs^Fp       , Gs^Fp       , Gs^Fp       , Gs^Fp       , Gs^Fp       , Gs^Fp       , Re          , Re          , Gs^Fp       , Ww          , Re          , Gs^Fp       , Re          , Gs^Fp       , Re          , Re          , Re          , Re          , Re          , Gs^Fp       , Re          , Re          , Ww^Bw/      , Ww          , Re          , Gs^Fp       , Gs^Fp       , Gs^Fp       , Re          , Gs^Fp       , Re          , Gs^Fp       , Re          , Gs^Fp       , Gs^Fp       , Gs^Fp       , Gs^Fp       , Gs^Fp       , Gs^Fp       , Gs^Fp       , Gg          
Gg          , Gg          , Gg          , Gg          , Gg          , Gg          , Gg          , Gg          , Gg          , Gg          , Gg          , Gg          , Gg          , Gg          , Gg          , Gg          , Gg          , Gg          , Gg          , Gg          , Ww          , Ww          , Gg          , Gg          , Gg          , Gg          , Gg          , Gg          , Gg          , Gg          , Gg          , Gg          , Gg          , Ww          , Ww          , Gg          , Gg          , Gg          , Gg          , Gg          , Gg          , Gg          , Gg          , Gg          , Gg          , Gg          , Gg          , Gg          , Gg          , Gg          , Gg          , Gg          
