border_size=1
usage=map

Xu          , Xu          , Xu          , Wo          , Wo          , Wo          , Wo          , Wo          , Wo          , Wo          , Ww          , Ww          , Xu          , Xu          , Xu          , Xu          , Xu          , Xu          , Xu          , Xu          , Xu          , Xu          , Xu          , Xu          , Xu          , Xu          , Xu          , Xu          , Xu          , Xu          , Xu          , Xu          , Xu          , Xu          , Xu          , Xu          , Xu          , Xu          , Xu          , Xu          , Xu          , Xu          , Xu          , Xu          , Xu          , Xu          , Xu          , Xu          , Xu          , Xu          , Re          , Re          
Xu          , Xu          , Uu^Emf      , Uu          , Uu          , Ww^Vm       , Wo          , Wo          , Wo          , Wo          , Wwr         , Ww          , Xu          , Xu          , Xu          , Xu          , Uu^Uf       , Xu          , Re          , Uu^Uf       , Xu          , Xu          , Xu          , Xu          , Xu          , Xu          , Uu^Vud      , Xu          , Xu          , Xu          , Xu          , Xu          , Qxu         , Xu          , Qxu         , Xu          , Xu          , Xu          , Xu          , Xu          , Xu          , Xu          , Xu          , Xu          , Xu          , Xu          , Xu          , Xu          , Xu          , Re          , Re          , Xu          
Xu          , Uu^Em       , Uu^Emf      , Uu^Em       , Uu          , Uu          , Wo          , Wo          , Wo          , Wo          , Ww          , Ww          , Xu          , Xu          , Xu          , Xu          , Re          , Uu          , Xu          , Uu^Em       , Uu          , Xu          , Xu          , Xu          , Xu          , Xu          , Re          , Re          , Uu^Uf       , Uu^Vud      , Re          , Qxu         , Xu          , Qxu         , Xu          , Qxu         , Qxu         , Xu          , Xu          , Xu          , Xu          , Xu          , Xu          , Xu          , Xu          , Xu          , Xu          , Xu          , Re          , Re          , Xu          , Xu          
Xu          , Xu          , Uu^Emf      , Uu^Emf      , Uu          , Uu^Em       , Xu          , Ww^Vm       , Wo          , Wo          , Ww          , Ww          , Xu          , Xu          , Uu^Em       , Re          , Xu          , Xu          , Xu          , Re          , Re          , Re          , Re          , Re          , Uu^Em       , Uu^Vu       , Rd          , Uu^Uf       , Uu^Uf       , Uu^Uf       , Xu          , Xu          , Xu          , Xu          , Xu          , Xu          , Xu          , Qxu         , Qxu         , Xu          , Xu          , Xu          , Xu          , Xu          , Re          , Re          , Re          , Re          , Re          , Xu          , Xu          , Xu          
Xu          , Xu          , Uu          , Uu^Em       , Uu          , Uu^Emf      , Xu          , Xu          , Wo          , Wo          , Ww          , Xu          , Xu          , Uu^Uf       , Uu          , Xu          , Xu          , Xu          , Xu          , Xu          , Xu          , Xu          , Uu^Vu       , Re          , Uu^Uf       , Re          , Rd          , Uu^Uf       , Xu          , Qxu         , Xu          , Xu          , Xu          , Re          , Xu          , Xu          , Re          , Xu          , Xu          , Qxu         , Uu          , Re          , Uu^Vu       , Rd          , Rd          , Re          , Re          , Re          , Xu          , Xu          , Xu          , Xu          
Xu          , Xu          , Xu          , Uu          , Xu          , Xu          , Xu          , Xu          , Wo          , Wo          , Ww          , Xu          , Xu          , Xu          , Re          , Re          , Re          , Re          , Uu          , Uu^Uf       , Uu^Uf       , Xu          , Uu          , Uu^Uf       , Xu          , Re          , Uu^Vud      , Rd          , Xu          , Qxu         , Uu          , Uu          , Uu^Em       , Re          , Re          , Re          , Xu          , Re          , Uu          , Uu          , Re          , Re          , Cud         , Rd          , Rd          , Rd          , Xu          , Xu          , Xu          , Xu          , Xu          , Xu          
Xu          , Xu          , Xu          , Xu          , Xu          , Xu          , Xu          , Xu          , Xu          , Ww          , Ww          , Xu          , Xu          , Xu          , Xu          , Xu          , Xu          , Xu          , Xu          , Rd          , Xu          , Xu          , Uu          , Xu          , Xu          , Xu          , Xu          , Xu          , Xu          , Xu          , Re          , Re          , Re          , Re          , Xu          , Xu          , Uu          , Uu^Em       , Uu^Uf       , Re          , Cud         , Cud         , Kud         , Cud         , Cud         , Uu^Em       , Uu^Uf       , Xu          , Xu          , Xu          , Xu          , Xu          
Xu          , Xu          , Xu          , Xu          , Xu          , Xu          , Xu          , Xu          , Xu          , Ww          , Ww          , Xu          , Xu          , Xu          , Uu^Uf       , Xu          , Rd          , Rd          , Rd          , Rd          , Xu          , Xu          , Qxu         , Qxu         , Qxu         , Xu          , Xu          , Uu^Vu       , Rd          , Rd          , Xu          , Xu          , Xu          , Xu          , Xu          , Xu          , Uu^Em       , Uu^Uf       , Uu^Vu       , Re          , Cud         , Cud         , Cud         , 5 Cud       , Cud         , Re          , Uu^Uf       , Xu          , Xu          , Xu          , Xu          , Xu          
Xu          , Xu          , Xu          , Xu          , Xu          , Xu          , Xu          , Xu          , Xu          , Xu          , Ww          , Xu          , Xu          , Xu          , Xu          , Rd          , Xu          , Xu          , Xu          , Xu          , Xu          , Xu          , Uu          , Xu          , Xu          , Qxu         , Uu          , Re          , Rd          , Xu          , Xu          , Xu          , Xu          , Uu^Vu       , Xu          , Xu          , Re          , Uu^Uf       , Uu^Em       , Re          , Re          , Cud         , Cud         , Cud         , Re          , Uu^Em       , Uu^Uf       , Xu          , Uh          , Uh          , Uu^Vud      , Xu          
Xu          , Xu          , Xu          , Xu          , Xu          , Xu          , Xu          , Xu          , Xu          , Xu          , Ww          , Ww          , Ww          , Xu          , Xu          , Uu^Em       , Re          , Xu          , Xu          , Xu          , Rd          , Rd          , Xu          , Xu          , Xu          , Re          , Uu          , Xu          , Re          , Xu          , Xu          , Xu          , Xu          , Re          , Re          , Xu          , Xu          , Re          , Uu          , Uu          , Uu          , Re          , Rd          , Cud         , Uu          , Uu^Em       , Xu          , Xu          , Uh          , Xu          , Xu          , Xu          
Xu          , Xu          , Xu          , Xu          , Re          , Xu          , Re          , Xu          , Xu          , Xu          , Xu          , Ww          , Ww          , Xu          , Xu          , Uu^Uf       , Re          , Xu          , Re          , Uu          , Xu          , Rd          , Xu          , Xu          , Rd          , Re          , Uu^Vud      , Xu          , Re          , Xu          , Uu          , Xu          , Xu          , Xu          , Rd          , Xu          , Xu          , Xu          , Xu          , Uu^Vud      , Re          , Rd          , Re          , Re          , Uu^Vu       , Re^Es       , Uu          , Xu          , Xu          , Uh          , Xu          , Xu          
Xu          , Xu          , Xu          , Re          , Xu          , Re          , Xu          , Re          , Re          , Xu          , Xu          , Ww          , Ww          , Ww          , Xu          , Xu          , Xu          , Re          , Xu          , Xu          , Uu          , Rd          , Xu          , Re          , Rd          , Xu          , Xu          , Xu          , Uu          , Uu          , Xu          , Uu          , Xu          , Xu          , Xu          , Re^Es       , Xu          , Xu          , Qxu         , Qxu         , Qxu         , Re          , Xu          , Re          , Xu          , Xu          , Uu          , Xu          , Xu          , Uh          , Uh          , Xu          
Xu          , Xu          , Ql          , Ql          , Ql^Bs/      , Re          , Re^Em       , Xu          , Re          , Xu          , Xu          , Xu          , Ww          , Ww          , Ww          , Xu          , Xu          , Xu          , Xu          , Uu^Uf       , Uu^Uf       , Rd          , Re          , Uu          , Xu          , Xu          , Xu          , Uu          , Rd          , Xu          , Xu          , Re          , Xu          , Xu          , Uu          , Uu          , Xu          , Qxu         , Xu          , Xu          , Xu          , Qxu         , Xu          , Uu          , Uu          , Xu          , Uu          , Uu          , Xu          , Uh          , Xu          , Xu          
Xu          , Xu          , Ql^Bs/      , Ql^Bs/      , Ql          , Ql          , Ql          , Re          , Xu          , Re          , Xu          , Xu          , Xu          , Ww          , Ww          , Ww          , Ww          , Xu          , Xu          , Xu          , Xu          , Xu          , Xu          , Uu          , Xu          , Xu          , Re          , Rd          , Xu          , Xu          , Rd          , Re          , Re^Es       , Uu          , Xu          , Re          , Xu          , Qxu         , Xu          , Xu          , Xu          , Qxu         , Xu          , Xu          , Xu          , Uu          , Xu          , Uu          , Uu          , Uu          , Xu          , Xu          
Xu          , Re          , Ql          , Ql          , Ql          , Ql          , Ql^Bs/      , Re          , Xu          , Re          , Uu          , Xu          , Xu          , Xu          , Xu          , Ww          , Ww          , Ww          , Ww          , Xu          , Xu          , Xu          , Rd          , Uu          , Xu          , Uu^Vud      , Re          , Xu          , Xu          , Uu          , Uu          , Xu          , Xu          , Xu          , Xu          , Xu          , Uu          , Qxu         , Qxu         , Xu          , Qxu         , Qxu         , Xu          , Uu^Vu       , Uu          , Xu          , Xu          , Uu          , Uu          , Xu          , Xu          , Xu          
Xu          , Re          , Xu          , Ql          , Ql^Bs/      , Ql^Bs/      , Ql          , Xu          , Xu          , Xu          , Xu          , Uu          , Xu          , Xu          , Xu          , Xu          , Uu^Vu       , Ww          , Ww          , Xu          , Xu          , Xu          , Re          , Xu          , Xu          , Xu          , Xu          , Xu          , Xu          , Xu          , Xu          , Xu          , Xu          , Xu          , Uu          , Uu          , Uu          , Uu          , Uu          , Qxu         , Qxu         , Xu          , Xu          , Uu          , Uu^Em       , Xu          , Xu          , Xu          , Uu          , Xu          , Xu          , Xu          
Xu          , Re          , Xu          , Re          , Re          , Ql          , Xu          , Xu          , Uu^Vud      , Xu          , Uu^Em       , Uu          , Uu^Em       , Xu          , Xu          , Xu          , Uu          , Uu          , Ww          , Ww          , Ww^Bw/      , Re          , Xu          , Xu          , Wo          , Xu          , Wo          , Wo          , Ww^Vm       , Xu          , Wo          , Wo          , Wo          , Uu          , Xu          , Uu          , Xu          , Uu          , Uu          , Uu          , Xu          , Xu          , Uu          , Xu          , Xu          , Uu^Uf       , Xu          , Uu          , Uu          , Xu          , Xu          , Xu          
Xu          , Re          , Xu          , Xu          , Re          , Xu          , Xu          , Xu          , Uu          , Uu          , Re          , Uu          , Uu          , Xu          , Uu          , Uu          , Uu          , Re          , Ww^Bw/      , Ww^Bw/      , Ww          , Uu^Vud      , Xu          , Xu          , Wo          , Ww^Vm       , Wo          , Wo          , Wo          , Wo          , Wo          , Ww^Vm       , Xu          , Xu          , Xu          , Xu          , Xu          , Xu          , Xu          , Uu          , Uu          , Uu^Uf       , Xu          , Uu          , Uu^Em       , Uu^Uf       , Xu          , Uu          , Uu          , Xu          , Xu          , Xu          
Xu          , Rd          , Rd          , Xu          , Rd          , Xu          , Xu          , Xu          , Re          , Re          , Uu          , Uu          , Re          , Uu          , Rd          , Rd          , Re          , Uu          , Uu          , Ww          , Ww          , Ww          , Wwr         , Wo          , Wo          , Wo          , Wo          , Ww^Vm       , Wo          , Ww^Vm       , Wo          , Wo          , Wo          , Xu          , Xu          , Xu          , Xu          , Xu          , Xu          , Uu          , Xu          , Xu          , Xu          , Uu          , Xu          , Xu          , Xu          , Uu          , Uu          , Xu          , Xu          , Xu          
Xu          , Uu          , Uu          , Uu          , Uu          , Xu          , Qxu         , Uu          , Uu          , Uu          , Uu          , Uu^Em       , Uu          , Rd          , Uu^Vud      , Re          , Cud         , Uu          , Cud         , Uu          , Ww          , Ww          , Ww          , Wo          , Wo          , Wo          , Wo          , Wo          , Wo          , Wo          , Wo          , Wo          , Wo          , Wo          , Wo          , Xu          , Xu          , Xu          , Xu          , Wo          , Ww^Vm       , Ww^Vm       , Wo          , Xu          , Xu          , Xu          , Xu          , Xu          , Uu          , Xu          , Xu          , Xu          
Xu          , Xu          , Xu          , Uu          , Uu          , Uu          , Qxu         , Uu          , Uu          , Rd          , Uu          , Xu          , Xu          , Xu          , Xu          , Uu          , 6 Kud       , Cud         , Cud         , Uu^Em       , Ww          , Ww          , Ww          , Ww          , Ww          , Wo          , Wo          , Wo          , Ww          , Ww          , Chw         , Chw         , Chw         , Wo          , Wo          , Wo          , Wo          , Xu          , Wo          , Wo          , Wo          , Wo          , Wo          , Wo          , Xu          , Xu          , Xu          , Uu          , Uu          , Xu          , Xu          , Xu          
Xu          , Xu          , Rd          , Rd          , Re          , Uu          , Qxu         , Uu^Vud      , Uu          , Rd          , Re          , Uu          , Xu          , Xu          , Xu          , Cud         , Cud         , Cud         , Cud         , Uu^Em       , Ww          , Ww          , Ww          , Ww          , Ww          , Ww          , Chw         , Chw         , Chw         , 8 Khw       , Ww          , Chw         , Ww          , Ww          , Ww          , Wo          , Wo          , Wo          , Wo          , Wo          , Wo          , Ww^Vm       , Wo          , Ww^Vm       , Wo          , Xu          , Xu          , Uu          , Uu          , Xu          , Xu          , Xu          
Xu          , Rd          , Uu          , Re          , Re          , Re          , Re          , Xu          , Uu          , Rd          , Re          , Uu          , Uu          , Xu          , Uh          , Xu          , Xu          , Cud         , Re          , Re          , Ww          , Ww          , Ww          , Ww          , Ww          , Ww          , Ww          , Chw         , Ww          , Wo          , Wo          , Ww          , Wo          , Wwr         , Ww          , Ww          , Ww          , Wwr         , Ww          , Wo          , Xu          , Wo          , Wo          , Wo          , Ww^Vm       , Xu          , Xu          , Xu          , Uu          , Xu          , Xu          , Xu          
Xu          , Re          , Uu          , Uu          , Re          , Uu^Uf       , Uu^Uf       , Xu          , Xu          , Uu          , Rd          , Rd          , Uu          , Uh          , Xu          , Uu^Vud      , Xu          , Uu^Vu       , Re          , Ww          , Ww          , Ww          , Ww          , Ww          , Ww          , Ww          , Ww          , Ww          , Ww          , Wo          , Wo          , Wo          , Wo          , Wo          , Ww          , Ww          , Ww          , Ww          , Wwf         , Ww          , Ww          , Xu          , Xu          , Xu          , Xu          , Xu          , Uu^Vud      , Xu          , Uu          , Xu          , Xu          , Xu          
Xu          , Re          , Re          , Uu          , Rd          , Rd          , Uu^Uf       , Xu          , Xu          , Uu          , Rd          , Uu          , Uu          , Xu          , Xu          , Xu          , Xu          , Uu          , Uu          , Ww          , Ww          , Ww          , Uu          , Uu          , Uu          , Uu          , Uu          , Ww          , Ww          , Ww          , Ww          , Wo          , Wwr         , Wo          , Ww          , Ww          , Ww          , Wwf         , Wwf         , Ww          , Ww          , Wwf         , Xu          , Xu          , Xu          , Uu          , Xu          , Xu          , Uu          , Uu          , Xu          , Xu          
Xu          , Uu^Uf       , Re          , Uu          , Uu          , Rd          , Uu^Uf       , Xu          , Xu          , Uu          , Uu          , Re          , Re          , Uu          , Uu^Vud      , Uu          , Uu          , Xu          , Xu          , Uu          , Uu          , Uu          , Xu          , Uu          , Xu          , Xu          , Xu          , Uu          , Uu          , Ww          , Ww          , Ww          , Ww          , Ww          , Ww          , Ww          , Wwf         , Wwf         , Xu          , Ww          , Ww          , Wwf         , Wwf         , Xu          , Xu          , Uu          , Uu^Em       , Xu          , Xu          , Uu          , Uu          , Xu          
Xu          , Uu^Uf       , Rd          , Re          , Re          , Rd          , Re          , Re          , Xu          , Xu          , Qxu         , Re          , Uu          , Uu          , Uu          , Rd          , Rd          , Uu          , Uu^Uf       , Xu          , Xu          , Xu          , Xu          , Xu          , Uu          , Uu          , Xu          , Xu          , Uu          , Uu          , Uh          , Ww          , Ww          , Ww          , Ww          , Wwf         , Uu^Vud      , Xu          , Xu          , Xu          , Wwr         , Ww          , Ww          , Wwf         , Xu          , Xu          , Uu          , Xu          , Uu          , Uu          , Xu          , Xu          
Xu          , Xu          , Rd          , Re          , Re          , Uu          , Re          , Uu^Vud      , Uu          , Uu^Em       , Uu          , Xu          , Xu          , Xu          , Xu          , Uu          , Xu          , Rd          , Re          , Re^Es       , Xu          , Xu          , Re          , Uu          , Re          , Uu^Vud      , Uu          , Xu          , Xu          , Uu          , Uu          , Ww          , Uu          , Ww          , Uu          , Rd          , Uu          , Uu          , Xu          , Xu          , Wo          , Ww          , Ww          , Wwf         , Ww          , Xu          , Xu          , Uu          , Xu          , Uu          , Xu          , Xu          
Xu          , Xu          , Uu^Vu       , Xu          , Xu          , Rd          , Rd          , Uu^Em       , Uu^Uf       , Uu^Uf       , Uu          , Uu          , 4 Cud       , Uh          , Uu^Vud      , Xu          , Xu          , Rd          , Re          , Re          , Xu          , Xu          , Re          , Uu          , Re          , Uu^Uf       , Uu^Em       , Uu          , Xu          , Uh          , Uu          , Uu          , Re          , Uu          , Uu          , Rd          , Uu^Em       , Uu          , Rd          , Xu          , Xu          , Wo          , Xu          , Ww          , Ww          , Wwr         , Re          , Xu          , Xu          , Uu          , Uu          , Xu          
Xu          , Xu          , Xu          , Xu          , Xu          , Xu          , Xu          , Uu          , Uu          , Uu          , Cud         , Kud         , Cud         , Uh          , Uu          , Uu^Uf       , Uu^Vu       , Xu          , Uu          , Re          , Uu          , Re          , Rd          , Re          , Uh          , Uu^Uf       , Uu          , Uu          , Uu          , Xu          , Uh          , Re          , Re          , Uu          , Cud         , Cud         , Cud         , Cud         , Rd          , Uu^Vud      , Xu          , Wo          , Xu          , Xu          , Ww^Bw/      , Ww^Bw/      , Re^Es       , Re          , Xu          , Uu          , Uu          , Xu          
Xu          , Xu          , Xu          , Xu          , Xu          , Xu          , Xu          , Uu          , Qxu         , Qxu         , Xu          , Cud         , Uu          , Cud         , Xu          , Uu          , Xu          , Xu          , Re          , Uu          , Uu          , Rd^Es       , Xu          , Xu          , Xu          , Xu          , Xu          , Uu^Vu       , Xu          , Xu          , Uu          , Uu^Vud      , Re          , Cud         , Cud         , 7 Kud       , Cud         , Rd          , Rd          , Rd          , Xu          , Xu          , Uu          , Uu          , Xu          , Ww          , Ww          , Re          , Rd          , Xu          , Uu          , Xu          
Xu          , Xu          , Xu          , Xu          , Xu          , Xu          , Qxu         , Qxu         , Xu          , Xu          , Xu          , Xu          , Xu          , Xu          , Xu          , Xu          , Re          , Re          , Uu          , Uu          , Uu          , Uu^Uf       , Xu          , Uu^Vu       , Uu          , Uu^Em       , Uu^Uf       , Xu          , Xu          , Xu          , Uu          , Rd          , Re          , Re          , Uu^Uf       , Cud         , Uu^Uf       , Rd          , Uu^Uf       , Rd          , Xu          , Uu          , Xu          , Xu          , Xu          , Ww          , Ww          , Ww          , Re          , Rd          , Rd          , Xu          
Xu          , Xu          , Xu          , Xu          , Xu          , Qxu         , Qxu         , Xu          , Xu          , Xu          , Uu^Vu       , Xu          , Uu          , Xu          , Rd          , Rd          , Rd          , Uu          , Xu          , Xu          , Uu^Uf       , Uu^Em       , Uh          , Xu          , Xu          , Uu^Uf       , Uu^Uf       , Uh          , Uh          , Uh          , Uh          , Uu          , Rd          , Uu^Uf       , Uu^Uf       , Uu^Uf       , Uu^Uf       , Uu^Uf       , Uu^Vu       , Xu          , Xu          , Uu          , Xu          , Xu          , Xu          , Xu          , Ww^Bw/      , Ww^Bw/      , Ww          , Re          , Rd          , Xu          
Xu          , Xu          , Mm^Xm       , Xu          , Xu          , Xu          , Xu          , Qxu         , Uu^Uf       , Uu^Uf       , Rd          , Rd          , Rd          , Rd          , Rd          , Rd          , Rd          , Uu^Vud      , Xu          , Xu          , Uu^Uf       , Uu^Uf       , Uh          , Uu^Uf       , Xu          , Uh          , Uh          , Uh          , Uh          , Uh          , Uu^Uf       , Uu^Uf       , Uu          , Uu^Uf       , Xu          , Xu          , Xu          , Xu          , Xu          , Qxu         , Uu          , Uu          , Uu          , Xu          , Uu          , Uu          , Xu          , Ww          , Ww^Bw/      , Re          , Re          , Xu          
Mm^Xm       , Mm^Xm       , Aa^Es       , Mm^Xm       , Xu          , Xu          , Cud         , Uu          , Uu^Em       , Uu^Uf       , Re          , Rd          , Uu^Uf       , Rd          , Rd          , Rd          , Uu          , Xu          , Xu          , Xu          , Uu^Vu       , Uu          , Uu          , Xu          , Uh          , Uh          , Uh          , Uh          , Uh          , Uh          , Uu          , Uu^Em       , Xu          , Xu          , Re          , Uu^Vud      , Rd          , Xu          , Uh          , Qxu         , Uu^Em       , Re          , Re          , Uu          , Xu          , Xu          , Uu          , Ww^Bw/      , Ww          , Ww          , Ww          , Xu          
Aa          , Aa          , Aa^Fpa      , Mm^Xm       , Mm^Xm       , Cud         , 1 Kud       , Cud         , Uu          , Uu          , Re          , Re          , Uu^Uf       , Uu^Uf       , Uh          , Uu          , Uu^Uf       , Xu          , Xu          , Xu          , Uu          , Uu          , Uu^Em       , Xu          , Uh          , Uh          , Uu^Uf       , Uu^Uf       , Uu^Vu       , Uh          , Xu          , Xu          , Uu          , Re          , Rd          , Rd          , Cud         , Rd          , Rd          , Rd          , Rd          , Re          , Re^Es       , Re          , Uu          , Uu          , Xu          , Xu          , Xu          , Wo          , Wo          , Xu          
Aa          , Aa          , Aa          , Aa^Fpa      , Aa          , Cud         , Cud         , Cud         , Re          , Re          , Re          , Re          , Uu          , Uu^Em       , Uu^Uf       , Uh          , Xu          , Xu          , Xu          , Xu          , Uu          , Uu^Em       , Uu^Uf       , Uh          , Uh          , Uh          , Uu^Uf       , Uu^Uf       , Uh          , Uh          , Xu          , Uu          , Uu^Vud      , Re          , Cud         , Cud         , Cud         , Cud         , Uu^Uf       , Uu^Uf       , Uu^Uf       , Rd          , Xu          , Re          , Re          , Uu^Em       , Uu          , Xu          , Xu          , Wo          , Wo          , Xu          
Aa          , Aa^Es       , Aa          , Aa          , Aa^Fi|      , Aa          , Re          , Re          , Re          , Uu^Ufi      , Cud         , Cud         , Cud         , Cud         , Xu          , Qxu         , Qxu         , Qxu         , Qxu         , Uu          , Uu          , Uu^Em       , Xu          , Uu          , Xu          , Uu          , Xu          , Uh          , Xu          , Xu          , Qxu         , Uu          , Re          , Re          , Cud         , Cud         , Kud         , 3 Cud       , Uu^Uf       , Uu^Em       , Uu          , Xu          , Xu          , Uu^Em       , Uu^Uf       , Uu^Uf       , Uu^Vu       , Xu          , Ww^Vm       , Wo          , Wo          , Wo          
Aa          , Aa          , Re          , Re          , Re          , Re          , Re          , Re          , Aa          , Cud         , Cud         , 2 Kud       , Xu          , Xu          , Xu          , Xu          , Xu          , Qxu         , Qxu         , Qxu         , Qxu         , Xu          , Qxu         , Xu          , Xu          , Uu^Vud      , Xu          , Xu          , Qxu         , Qxu         , Xu          , Re          , Re          , Re          , Uu^Uf       , Cud         , Uu^Uf       , Uh          , Uu          , Uu          , Uu^Vu       , Xu          , Uu^Vud      , Uu          , Uu^Em       , Uu^Uf       , Xu          , Xu          , Uu          , Wo          , Ww^Vm       , Wo          
Aa^Es       , Aa          , Re          , Re          , Re          , Re          , Aa^Fi|      , Aa          , Aa^Fpa      , Aa^Fpa      , Mm^Xm       , Xu          , Mm^Xm       , Xu          , Xu          , Xu          , Xu          , Xu          , Xu          , Xu          , Xu          , Qxu         , Xu          , Qxu         , Qxu         , Xu          , Qxu         , Qxu         , Xu          , Xu          , Xu          , Xu          , Uu          , Uu          , Uh          , Uu^Uf       , Uh          , Uh          , Uu          , Uu          , Uu^Vu       , Xu          , Uu          , Uu          , Uu          , Xu          , Xu          , Uu          , Uu^Em       , Uu          , Uu^Em       , Wo          
Re          , Re          , Re          , Re          , Aa^Es       , Aa          , Aa^Es       , Aa          , Aa          , Aa^Fpa      , Aa^Fpa      , Mm^Xm       , Mm^Xm       , Mm^Xm       , Xu          , Xu          , Xu          , Xu          , Xu          , Xu          , Xu          , Xu          , Xu          , Xu          , Xu          , Qxu         , Xu          , Xu          , Xu          , Xu          , Xu          , Xu          , Uu          , Uu          , Uu          , Uh          , Uh          , Uh          , Uu          , Uu          , Xu          , Xu          , Uu^Em       , Uu          , Uu          , Xu          , Xu          , Uu^Em       , Uu^Emf      , Uu^Em       , Uu          , Wo          
Re          , Re          , Re          , Aa          , Aa          , Aa          , Aa          , Aa          , Aa          , Aa          , Aa          , Aa^Es       , Aa          , Mm^Xm       , Mm^Xm       , Xu          , Xu          , Xu          , Xu          , Xu          , Xu          , Xu          , Xu          , Xu          , Xu          , Xu          , Xu          , Xu          , Xu          , Xu          , Xu          , Xu          , Xu          , Xu          , Xu          , Xu          , Xu          , Xu          , Xu          , Xu          , Xu          , Xu          , Xu          , Xu          , Xu          , Xu          , Xu          , Uu^Emf      , Uu^Emf      , Uu^Em       , Uu          , Uu          
