Xue, Xue, Xue, Xue, Xue, Xue, Xue, Xue, Xue, Xue, Xue, Xue, Xue, Xue, Xue, Xue, Xue, Xue, Xue, Xue, Xue, Xue, Xue, Xue, Xue, Xue, Xue, Xue, Xue, Xue, Xue, Xue, Xue, Xue, Xue, Xue, Xue, Xue, Xue, Xue, Xue, Xue, Xue, Xue, Xue, Xue, Xue, Xue
Xue, Xue, Xue, Xue, Xue, Xue, Xue, Xue, Xue, Xue, Xue, Xue, Xue, Xue, Xue, Xue, Xue, Xue, Xue, Xue, Xue, Xue, Xue, Xue, Xue, Xue, Xue, Xue, Xue, Xue, Xue, Xue, Xue, Xue, Xue, Xue, Xue, Xue, Xue, Xue, Xue, Xue, Xue, Xue, Xue, Xue, Xue, Xue
Xue, Xue, Cud, Xue, Xue, Xue, Xue, Xue, Xue, Xue, Xue, Xue, Xue, Xue, Xue, Xue, Xue, Xue, Xue, Xue, Xue, Xue, Xue, Xue, Xue, Xue, Xue, Xue, Xue, Xue, Xue, Xue, Xue, Xue, Xue, Xue, Xue, Xue, Xue, Xue, Xue, Xue, Xue, Xue, Xue, Xue, Xue, Xue
Xue, Cud, Cud, 2 Kud, Xue, Xue, Xue, Xue, Xue, Xue, Xue, Xue, Xue, Xue, Xue, Xue, Xue, Xue, Xue, Xue, Xue, Xue, Xue, Xue, Xue, Xue, Xue, Xue, Xue, Xue, Xue, Xue, Xue, Xue, Xue, Xue, Xue, Xue, Xue, Xue, Xue, Xue, Xue, Xue, Xue, Xue, Xue, Xue
Xue, Xue, Cud, Cud, Xue, Xue, Uu, Xue, Uu, Xue, Uu, Xue, Uu, Xue, Uu, Xue, Rd, Xue, Re, Xue, Uu, Xue, Re, Xue, Uu, Xue, Re, Xue, Re, Xue, Re, Xue, Re, Xue, Uu^Tf, Xue, Xue, Xue, Xue, Xue, Xue, Xue, Xue, Xue, Xue, Xue, Xue, Xue
Rd, Rd, Rd, Cud, Xue, Xue, Re, Uu, Uu, Re, Uu, Uu, Rd, Uu, Rd, Rd, Uu, Uu, Uu, Uu, Uu, Uu, Uu^Tf, Re, Re, Re, Uu, Re, Uu, Uu, Uu, Re, Uu, Re, Uu, Uu, Xue, Xue, Xue, Xue, Xue, Xue, Xue, Xue, Xue, Xue, Xue, Xue
Uu, Uu, Uu, Uu, Xue, Xue, Uu, Uu, Xuc, Uu, Re, Uu, Xuc, Rd, Rd, Rd, Xuc, Uu, Re, Re, Xuc, Re, Re, Re, Xuc, Re, Uu^Tf, Re, Xuc, Uu, Uu, Uu, Xuc, Re, Re, Uu, Xue, Xue, Xue, Xue, Xue, Xue, Xue, Xue, Xue, Xue, Xue, Xue
Uu, Uu^Tf, Rd, Uu, Xue, Xue, Uu, Uu, Xuc, Xuc, Re, Rd, Xuc, Xuc, Uu, Uu, Xuc, Xuc, Re, Re, Xuc, Xuc, Re, Re, Xuc, Xuc, Wwg, Uu^Tf, Xuc, Xuc, Re, Re, Xuc, Xuc, Re, Uu, Xue, Xue, Xue, Xue, Xue, Xue, Xue, Xue, Xue, Xue, Xue, Xue
Rd^Tf, Uu, Uu^Vud, Uu, Xue, Xue, Uu, Uu, Re, Xuc, Uu, Uu, Rd, Xuc, Rd, Uu, Rd, Xuc, Re, Re, Re, Xuc, Re, Re, Uu, Xuc, Re, Uu^Tf, Uh, Xuc, Uh, Uh, Re, Xuc, Re, Uu, Xue, Xue, Xue, Xue, Xue, Xue, Xue, Xue, Xue, Xue, Xue, Xue
Xue, Uu, Uu, Xue, Uu, Uu, Uu^Tf, Uu^Tf, Uu^Tf, Re, Re, Rd, Uu, Rd, Rd, Rd, Uu^Tf, Uu^Tf, Re, Uu^Tf, Uu^Tf, Uu^Tf, Re, Re, Uu, Uu, Uu, Re, Uh, Uh, Uh, Uh, Re, Re, Uu^Tf, Uu, Xue, Xue, Xue, Xue, Xue, Xue, Xue, Xue, Xue, Xue, Xue, Xue
Xue, Uu, Uu, Xue, Uu, Re, Wwg, Uu^Tf, Xuc, Re, Re, Uu, Xuc, Uu, Re, Rd, Xuc, Uu^Tf, Uu^Tf, Re, Xuc, Re, Re, Uu, Xuc, Uu, Uu, Re, Xuc, Uh, Uh, Re, Xuc, Re, Uu^Tf, Uu, Xue, Xue, Xue, Xue, Xue, Xue, Xue, Xue, Xue, Xue, Xue, Xue
Xue, Uu, Uu, Uu, Uu, Xue, Uu^Tf, Re, Xuc, Xuc, Re, Re, Xuc, Xuc, Re, Re, Xuc, Xuc, Uu^Tf, Re, Xuc, Xuc, Rd, Uu, Xuc, Xuc, Re, Re, Xuc, Xuc, Uh, Uh, Xuc, Xuc, Uu^Tf, Re, Xue, Xue, Xue, Xue, Xue, Xue, Xue, Xue, Xue, Xue, Xue, Xue
Xue, Xue, Xue, Uu, Xue, Xue, Re, Re, Re, Xuc, Re, Re, Re, Xuc, Re, Uu, Re, Xuc, Uu^Tf, Re, Uu, Xuc, Rd, Uu, Rd, Xuc, Re, Re, Uh, Xuc, Uh, Uh, Re, Xuc, Uu^Tf, Re, Xue, Xue, Xue, Xue, Xue, Xue, Xue, Xue, Xue, Xue, Xue, Xue
Xue, Xue, Xue, Xue, Xue, Xue, Re, Uu, Re, Re, Uu, Uu, Re, Re^Tf, Uu^Tf, Uu^Tf, Uu^Tf, Uu^Tf, Rd, Rd, Rd, Rd, Rd, Rd, Rd, Rd, Uu, Uh, Uh, Uh, Uh, Uu^Tf, Uu^Tf, Uu^Tf, Re, Uu, Xue, Xue, Xue, Xue, Xue, Xue, Xue, Xue, Xue, Xue, Xue, Xue
Xue, Xue, Xue, Xue, Xue, Xue, Uu, Uu, Xuc, Re, Uu, Uu, Xuc, Uu^Tf, Re, Wwg, Xuc, Re, Rd, Rd, Xuc, Re, Uu, Uu, Xuc, Re, Uh, Uh, Xuc, Uh, Re, Uu^Tf, Xuc, Re, Re, Re, Xue, Xue, Xue, Xue, Xue, Xue, Xue, Xue, Xue, Xue, Xue, Xue
Xue, Xue, Xue, Xue, Xue, Xue, Uu, Uu, Xuc, Xuc, Re, Re, Xuc, Xuc, Re, Re, Xuc, Xuc, Re, Re, Xuc, Xuc, Uu, Re, Xuc, Xuc, Uh, Uh, Xuc, Xuc, Uu, Re, Xuc, Xuc, Uu, Uu, Xue, Xue, Xue, Xue, Xue, Xue, Xue, Xue, Xue, Xue, Xue, Xue
Xue, Xue, Xue, Xue, Xue, Xue, Uu, Uu, Uu, Xuc, Uu, Re, Uu, Xuc, Uu^Tf, Uu, Uu, Xuc, Uu, Re, Re, Xuc, Re, Re, Uu, Xuc, Uh, Uh, Re, Xuc, Re, Re, Re, Xuc, Re, Re, Xue, Xue, Xue, Xue, Xue, Xue, Xue, Xue, Xue, Xue, Xue, Xue
Xue, Xue, Xue, Xue, Xue, Xue, Re, Re, Uu, Re, Uu, Uu^Tf, Uu, Uu, Uu, Uu, Re, Re, Re, Re, Rd, Uu, Uu, Re, Re, Re, Uu, Re, Re, Uu, Uu, Uu, Uu, Uu, Uu, Re, Rr, Xue, Xue, Xue, Ds, Xue, Xue, Xue, Xue, Xue, Xue, Xue
Xue, Xue, Xue, Xue, Xue, Xue, Re, Uu, Xuc, Re, Re, Uu, Xuc, Uu, Uu, Re, Xuc, Re, Re, Uu, Xuc, Rd, Uu, Re, Xuc, Re, Re, Re, Xuc, Re, Re, Re, Xuc, Uu, Uu, Uu, Rr, Rr, Rr, Wwg, Re^Tf, Re, Re, Xue, Xue, Xue, Xue, Xue
Xue, Xue, Xue, Xue, Xue, Xue, Uu, Re, Xuc, Xuc, Re, Re, Xuc, Xuc, Uu, Uu, Xuc, Xuc, Uu, Uu, Xuc, Xuc, Uu, Uu, Xuc, Xuc, Uu^Tf, Uu, Xuc, Xuc, Rd, Re, Xuc, Xuc, Uu, Uu, Xue, Rr, Rr, Rr, Wwg, Re, Cer, Ds^Tf, Ds, Xue, Xue, Xue
Xue, Xue, Xue, Xue, Xue, Xue, Re, Uu, Uu^Tf, Xuc, Re, Re, Re, Xuc, Uu, Re, Uu, Xuc, Re, Re, Uu, Xuc, Rd, Uu, Rd, Xuc, Uu^Tf, Uu^Tf, Rd, Xuc, Rd, Uu, Re, Xuc, Re, Uu, Xue, Xue, Rr, Rr, Cer, Cer, 3 Ker, Cer, Ds^Fetd, Xue, Xue, Xue
Xue, Xue, Xue, Xue, Xue, Xue, Uu^Tf, Uu^Tf, Re, Uu^Tf, Uu, Uu, Uu, Uu, Rd, Re, Re, Re, Re, Rd, Rd, Uu^Tf, Uu, Rd, Re, Re, Uu, Uu^Tf, Uu^Tf, Uu^Tf, Uu^Tf, Rd, Re, Re, Re, Uu, Xue, Xue, Rr, Rr, Wwg, Cer, Cer, Cer, Xue, Xue, Xue, Xue
Xue, Xue, Xue, Xue, Xue, Xue, Uu, Re, Xuc, Re, Uu, Re, Xuc, Rd, Rd, Uu, Xuc, Re, Uu, Re, Xuc, Uu, Rd, Rd, Xuc, Re, Rd, Rd, Xuc, Uu^Tf, Re, Uu^Tf, Xuc, Re, Re, Uu, Xue, Xue, Rr, Rr, Re, Wwg, Re, Re, Xue, Xue, Xue, Xue
Xue, Xue, Xue, Xue, Xue, Xue, Re, Re, Xuc, Xuc, Re, Re, Xuc, Xuc, Rd, Rd, Xuc, Xuc, Uu, Uu, Xuc, Xuc, Uu, Uu, Xuc, Xuc, Rd, Rd, Xuc, Xuc, Re, Re, Xuc, Xuc, Re, Uu, Xue, Xue, Rr, Rr, Re, Re, Re, Re^Tf, Xue, Xue, Xue, Xue
Xue, Xue, Xue, Xue, Xue, Xue, Uu, Uu, Uu, Xuc, Re, Re, Re, Xuc, Rd, Rd, Re, Xuc, Uu, Uu, Re, Xuc, Re, Uu, Uu, Xuc, Re, Rd, Re, Xuc, Uu, Uu, Uu, Xuc, Re, Re, Xue, Xue, Rr, Rr, Xue, Re, Re, Xue, Xue, Xue, Xue, Xue
Xue, Xue, Xue, Xue, Xue, Xue, Rd, Re, Re, Re, Uu, Uu, Uu, Uu, Uu, Rd, Uu, Uu, Uu, Uu, Re, Re, Re, Uu, Re, Uu, Uu, Uu, Re, Re, Uu, Uu, Uu, Uu, Uu, Re, Xue, Xue, Rr, Rr, Rr, Xue, Xue, Xue, Xue, Xue, Md^Xm, Md^Xm
Xue, Xue, Xue, Xue, Xue, Xue, Uu^Tf, Uu^Tf, Xuc, Re, Re, Uu, Xuc, Re, Uu, Uu, Xuc, Re, Re, Re, Xuc, Re, Uh, Re, Xuc, Re, Re, Re, Xuc, Uu, Re, Re, Xuc, Re, Uu^Tf, Uu^Tf, Xue, Xue, Xue, Rr, Rr, Xue, Xue, Xue, Md^Xm, Md^Xm, Md^Xm, Md^Xm
Xue, Xue, Xue, Xue, Xue, Xue, Uu, Rd, Xuc, Xuc, Re, Re, Xuc, Xuc, Re, Re, Xuc, Xuc, Re, Re, Xuc, Xuc, Uh, Uh, Xuc, Xuc, Re, Re, Xuc, Xuc, Uu^Tf, Re, Xuc, Xuc, Wwg, Uu^Tf, Xue, Xue, Xue, Rr, Rr, Xue, Xue, Xue, Md^Xm, Md^Xm, Md^Xm, Md^Xm
Xue, Xue, Xue, Xue, Xue, Xue, Rd, Rd, Re, Xuc, Re, Uu^Tf, Uu, Xuc, Re, Re, Re, Xuc, Re, Uu, Re, Xuc, Uh, Uh, Uh, Xuc, Uh, Re, Re, Xuc, Re, Uu, Re, Xuc, Re, Uu^Tf, Xue, Xue, Xue, Rr, Rr, Xue, Md^Xm, Md^Xm, Dd, Ds, Dd^Do, Ds
Xue, Xue, Xue, Xue, Xue, Xue, Rd, Rd, Rd, Rd, Re, Uu, Uu, Uu^Tf, Uu, Re, Uu^Tf, Re, Re, Re, Uh, Uh, Uh, Uu^Tf, Uh, Uh, Uu^Tf, Uh, Uh, Uu, Re, Re, Re, Uu^Tf, Uu^Tf, Uu^Tf, Xue, Xue, Xue, Rr, Rr, Xue, Dd, Dd, Ds, Ds, Ds, Ds
Xue, Xue, Xue, Xue, Xue, Xue, Xue, Uu, Xue, Re, Xue, Uu^Tf, Xue, Uu^Tf, Re, Uu^Tf, Xue, Re, Xue, Re, Xuc, Uh, Xue, Uh, Xue, Uh, Uh, Uh, Xuc, Uh, Xue, Re, Xue, Re, Xue, Re, Xue, Xue, Xue, Rr, Rr, Rr, Rr, Dd, Rr, Ds, Rr, Ds
Xue, Xue, Xue, Xue, Xue, Xue, Xue, Xue, Xue, Xue, Xue, Xue, Xue, Xue, Re, Re, Xuc, Xue, Xue, Xue, Xue, Xue, Xue, Xue, Xue, Xue, Uu^Tf, Uh, Xuc, Xue, Xue, Xue, Xue, Xue, Xue, Xue, Xue, Xue, Xue, Rr, Rr, Rr, Rr, Rr, Hd, Rr, Hd, Rr
Xue, Xue, Xue, Xue, Xue, Xue, Uu, Xue, Re, Xue, Re, Xue, Re, Xuc, Uu, Uu, Uu, Xue, Re, Xue, Uh, Xue, Re, Xue, Uu, Xue, Uh, Uh, Re, Xue, Re, Xue, Wwg, Xue, Re, Xue, Xue, Xue, Xue, Rr, Rr, Rr, Hd, Hd, Hd, Hd, Hd, Hd
Xue, Xue, Xue, Xue, Xue, Xue, Uu, Re, Uu, Uu, Uu, Re, Re, Re, Uu, Re, Re, Uu, Re, Uh, Uh, Uh, Re, Re, Re, Uh, Uu^Tf, Uh, Uh, Uu, Uu, Uu, Uu, Re, Re, Uu, Xue, Xue, Xue, Rr, Rr, Xue, Md^Xm, Hd, Hd, Hd, Hd, Hd
Xue, Xue, Xue, Xue, Xue, Xue, Re, Re, Xuc, Uu, Uu, Uu, Xuc, Uu, Uu, Re, Xuc, Re, Re, Uh, Xuc, Uh, Re, Re, Xuc, Uh, Uh, Uh, Xuc, Uu^Tf, Uh, Re, Xuc, Re, Re, Re, Xue, Xue, Xue, Rr, Rr, Xue, Xue, Md^Xm, Md^Xm, Hd, Hd, Hd
Xue, Xue, Xue, Xue, Xue, Xue, Rd, Rd, Xuc, Xuc, Uu, Uu, Xuc, Xuc, Re, Re, Xuc, Xuc, Uu, Re, Xuc, Xuc, Re, Re, Xuc, Xuc, Rd, Uh, Xuc, Xuc, Uh, Re, Xuc, Xuc, Uu, Re, Xue, Xue, Xue, Rr, Rr, Xue, Xue, Md^Xm, Md^Xm, Md^Xm, Md^Xm, Hd
Xue, Xue, Xue, Xue, Xue, Xue, Rd, Rd, Rd, Xuc, Rd, Rd, Wwg, Xuc, Re, Re, Re, Xuc, Uu, Uu, Re, Xuc, Uu, Re, Uu, Xuc, Rd, Rd, Uu, Xuc, Uu, Uu, Uu, Xuc, Uu, Re, Xue, Xue, Xue, Rr, Rr, Xue, Xue, Xue, Xue, Md^Xm, Md^Xm, Md^Xm
Xue, Xue, Xue, Xue, Xue, Xue, Re, Rd, Uh, Re, Re, Rd, Uu, Uu, Uh, Re, Uh, Re, Uh, Uu, Re, Uu, Uu, Uu, Re, Rd, Rd, Re, Uu, Uu, Re, Uu, Uu, Uu, Re, Re, Xue, Xue, Xue, Rr, Rr, Xue, Xue, Xue, Xue, Md^Xm, Md^Xm, Md^Xm
Xue, Xue, Xue, Xue, Xue, Xue, Re, Uh, Xuc, Uh, Re, Re, Xuc, Uh, Uh, Uu^Tf, Xuc, Uh, Uh, Uh, Xuc, Uu, Uu, Re, Xuc, Re, Re, Uu, Xuc, Uu, Uu, Re, Xuc, Uu, Re, Re, Xue, Xue, Xue, Rr, Rr, Xue, Xue, Xue, Xue, Xue, Xue, Md^Xm
Xue, Xue, Xue, Xue, Xue, Xue, Uu, Uh, Xuc, Xuc, Re, Re, Xuc, Xuc, Uh, Uh, Xuc, Xuc, Uh, Uh, Xuc, Xuc, Re, Re, Xuc, Xuc, Re, Re, Xuc, Xuc, Re, Re, Xuc, Xuc, Re, Wwg, Xue, Xue, Rr, Rr, Rr, Re^Tf, Re, Xue, Xue, Xue, Xue, Xue
Xue, Xue, Xue, Xue, Xue, Xue, Uu, Re, Re, Xuc, Re, Re, Uu, Xuc, Uu, Uh, Re, Xuc, Re, Rd, Rd, Xuc, Re, Re, Re, Xuc, Uh, Re, Re, Xuc, Uu, Re, Rd, Xuc, Re, Uu, Xue, Xue, Rr, Rr, Re, Re, Cer, Cer, Xue, Xue, Xue, Xue
Xue, Xue, Xue, Xue, Xue, Xue, Re, Re, Re, Re, Rd, Re, Rd, Uu, Re, Re, Re, Re, Re, Rd, Rd, Rd, Uh, Uh, Uh, Uh, Uh, Uh, Re, Re, Re, Rd, Rd, Rd, Re, Re, Xue, Xue, Rr, Rr, Re, Cer, Cer, 4 Ker, Re^Tf, Xue, Xue, Xue
Xue, Xue, Xue, Xue, Xue, Xue, Re, Re, Xuc, Rd, Rd, Rd, Xuc, Rd, Rd, Re, Xuc, Re, Re, Re, Xuc, Re, Uh, Uh, Xuc, Uu^Tf, Uh, Uh, Xuc, Re, Re, Rd, Xuc, Rd, Uh, Re, Xue, Xue, Rr, Rr, Re, Cer, Cer, Cer, Wwg, Xue, Xue, Xue
Xue, Xue, Xue, Xue, Xue, Xue, Uu, Uu, Xuc, Xuc, Rd, Rd, Xuc, Xuc, Rd, Re, Xuc, Xuc, Wwg, Uu, Xuc, Xuc, Re, Uu^Tf, Xuc, Xuc, Uh, Uh, Xuc, Xuc, Re, Uu, Xuc, Xuc, Uh, Uh, Xue, Xue, Rr, Rr, Re^Fetd, Wwg, Wwg, Wwg, Xue, Xue, Xue, Xue
Xue, Xue, Xue, Xue, Xue, Xue, Re, Uu, Uu, Xuc, Re, Rd, Re, Xuc, Re, Re, Re, Xuc, Uu, Uu, Wwg, Xuc, Uu, Uh, Uh, Xuc, Uu, Re, Re, Xuc, Re, Re, Re, Xuc, Uh, Uu^Tf, Rr, Rr, Rr, Rr, Re, Re, Re, Re^Tf, Xue, Xue, Xue, Xue
Xue, Xue, Xue, Xue, Xue, Xue, Re, Uu, Re, Uu, Uu, Uu, Uu, Re, Uh, Uh, Uh, Re, Re, Uu, Re, Uu, Re, Re, Uu, Uu, Re, Re, Uh, Uu, Re, Re, Re, Uh, Uh, Uh, Rr, Rr, Xue, Xue, Xue, Xue, Xue, Xue, Xue, Xue, Xue, Xue
Xue, Xue, Xue, Xue, Xue, Xue, Re, Re, Xuc, Uu, Uu, Uu, Xuc, Re, Re, Uh, Xuc, Uh, Re, Rd, Xuc, Uu, Uu, Re, Xuc, Re, Re, Uh, Xuc, Uh, Re, Re, Xuc, Uh, Uh, Uh, Xue, Xue, Xue, Xue, Xue, Xue, Xue, Xue, Xue, Xue, Xue, Xue
Xue, Xue, 1 Kud, Xue, Xue, Xue, Uu, Re, Xuc, Xuc, Re, Uu, Xuc, Xuc, Re, Uh, Xuc, Xuc, Uh, Rd, Xuc, Xuc, Re, Uu, Xuc, Xuc, Uu, Uh, Xuc, Xuc, Re, Re, Xuc, Xuc, Re, Uu, Xue, Xue, Xue, Xue, Xue, Xue, Xue, Xue, Xue, Xue, Xue, Xue
Xue, Cud, Cud, Xue, Xue, Xue, Re, Uu, Re, Xuc, Re, Rd, Rd, Xuc, Re, Re, Uu^Tf, Xuc, Uh, Re, Re, Xuc, Uu, Uu, Uu, Xuc, Rd, Rd, Rd, Xuc, Re, Re, Re, Xuc, Re, Re, Xue, Xue, Xue, Xue, Xue, Xue, Xue, Xue, Xue, Xue, Xue, Xue
Xue, Cud, Cud, Cud, Xue, Xue, Re, Re, Re, Re, Rd, Re, Re, Re, Re, Re, Uh, Uh, Uh, Re, Rd, Rd, Rd, Re, Re, Rd, Rd, Rd, Rd, Re, Re, Re, Rd, Re, Re, Re, Xue, Xue, Xue, Xue, Xue, Xue, Xue, Xue, Xue, Xue, Xue, Xue
Xue, Xue, Rr, Cud, Xue, Xue, Re, Re, Xuc, Rd, Rd, Rd, Xuc, Re, Re, Uh, Xuc, Uh, Uh, Uh, Xuc, Rd, Rd, Rd, Xuc, Uu, Uu, Rd, Xuc, Wwg, Uu, Rd, Xuc, Rd, Uu, Re, Xue, Xue, Xue, Xue, Xue, Xue, Xue, Xue, Xue, Xue, Xue, Xue
Rr, Rr, Rr, Rr, Xue, Xue, Re, Uu, Xuc, Xuc, Rd, Rd, Xuc, Xuc, Re, Uh, Xuc, Xuc, Uh, Uh, Xuc, Xuc, Rd, Rd, Xuc, Xuc, Uu, Re, Xuc, Xuc, Re, Rd, Xuc, Xuc, Uu, Re, Xue, Xue, Xue, Xue, Xue, Xue, Xue, Xue, Xue, Xue, Xue, Xue
Rr, Rr, Rr, Xue, Xue, Xue, Uu, Uu, Uu, Xuc, Re, Re, Re, Xuc, Rd, Re, Re, Xuc, Uh, Uu^Tf, Uh, Xuc, Re, Re, Uu, Xuc, Uh, Uu, Rd, Xuc, Re, Re, Re, Xuc, Re, Re, Xue, Xue, Xue, Xue, Xue, Xue, Xue, Xue, Xue, Xue, Xue, Xue
Xue, Rr, Rr, Xue, Xue, Xue, Re, Re, Uu, Uu, Re, Re, Re, Rd, Uu, Re, Uu, Re, Rd, Uh, Uh, Uh, Re, Re, Uh, Uh, Uu^Tf, Uh, Rd, Rd, Rd, Re, Re, Re, Re, Re, Xue, Xue, Xue, Xue, Xue, Xue, Xue, Xue, Xue, Xue, Xue, Xue
Xue, Rr^Vu, Rr, Xue, Xue, Xue, Re, Uu, Xuc, Wwg, Uu, Re, Xuc, Re, Uu, Uu, Xuc, Uu, Rd, Rd, Xuc, Uu, Uu, Uh, Xuc, Uh, Uh, Uh, Xuc, Rd, Rd, Re, Xuc, Rd, Rd, Re, Xue, Xue, Xue, Xue, Xue, Xue, Xue, Xue, Xue, Xue, Xue, Xue
Xue, Rr, Wwg, Rr, Rr, Xue, Re, Uu, Xuc, Xuc, Re, Rd, Xuc, Xuc, Re, Uu, Xuc, Xuc, Re, Rd, Xuc, Xuc, Uh, Uh, Xuc, Xuc, Uh, Uh, Xuc, Xuc, Uu, Wwg, Xuc, Xuc, Rd, Uu, Xue, Xue, Xue, Xue, Xue, Xue, Xue, Xue, Xue, Xue, Xue, Xue
Xue, Xue, Xue, Uu^Tf, Rr, Xue, Re, Re, Re, Xuc, Re, Rd, Uu, Xuc, Uu, Uu, Re, Xuc, Re, Uu, Uu, Xuc, Uh, Uh, Uh, Xuc, Uh, Uh, Uh, Xuc, Re, Re, Uu, Xuc, Re, Re, Xue, Xue, Xue, Xue, Xue, Xue, Xue, Xue, Xue, Xue, Xue, Xue
Xue, Xue, Xue, Uu, Rr, Rr, Re, Re, Re, Re, Re, Re, Re, Uu, Uu, Re, Uu, Uu, Re, Re, Re, Uh, Uh, Uu^Tf, Uh, Uh, Uh, Uh, Rd, Rd, Re, Re, Re, Re, Re^Tf, Re, Xue, Xue, Xue, Xue, Xue, Xue, Xue, Xue, Xue, Xue, Xue, Xue
Xue, Xue, Xue, Uu, Xue, Rr, Xue, Uu, Xue, Re, Xue, Re, Xue, Re, Xue, Re, Xue, Re, Xue, Re, Xue, Uh, Xue, Uh, Xue, Uh, Xue, Uh, Xue, Rd, Xue, Re, Xue, Re, Xue, Re, Xue, Xue, Xue, Xue, Xue, Xue, Xue, Xue, Xue, Xue, Xue, Xue
Xue, Xue, Xue, Xue, Xue, Xue, Xue, Xue, Xue, Xue, Xue, Xue, Xue, Xue, Xue, Xue, Xue, Xue, Xue, Xue, Xue, Xue, Xue, Xue, Xue, Xue, Xue, Xue, Xue, Xue, Xue, Xue, Xue, Xue, Xue, Xue, Xue, Xue, Xue, Xue, Xue, Xue, Xue, Xue, Xue, Xue, Xue, Xue
