border_size=1
usage=map

Xu          , Xu          , Xu          , Xu          , Xu          , Xu          , Xu          , Xu          , Xu          , Xu          , Xu          , Xu          , Xu          , Xu          , Xu          , Xu          , Xu          , Xu          , Xu          , Xu          , Xu          , Xu          , Xu          , Xu          , Xu          , Xu          , Xu          , Xu          , Xu          , Xu          , Xu          , Xu          , Xu          , Xu          , Xu          , Xu          , Xu          , Xu          , Xu          , Xu          , Xu          , Xu          , Xu          , Xu          , Xu          , Xu          , Xu          , Xu          
Xu          , Xu          , Xu          , Xu          , Xu          , Xu          , Xu          , Xu          , Xu          , Xu          , Xu          , Xu          , Xu          , Xu          , Xu          , Xu          , Xu          , Xu          , Xu          , Xu          , Xu          , Xu          , Xu          , Xu          , Xu          , Xu          , Xu          , Xu          , Xu          , Xu          , Xu          , Xu          , Xu          , Xu          , Xu          , Xu          , Xu          , Xu          , Xu          , Xu          , Xu          , Xu          , Xu          , Xu          , Xu          , Xu          , Xu          , Xu          
Xu          , Xu          , Cud         , Xu          , Xu          , Xu          , Xu          , Xu          , Xu          , Xu          , Xu          , Xu          , Xu          , Xu          , Xu          , Xu          , Xu          , Xu          , Xu          , Xu          , Xu          , Xu          , Xu          , Xu          , Xu          , Xu          , Xu          , Xu          , Xu          , Xu          , Xu          , Xu          , Xu          , Xu          , Xu          , Xu          , Xu          , Xu          , Xu          , Xu          , Xu          , Xu          , Xu          , Xu          , Xu          , Xu          , Xu          , Xu          
Xu          , Cud         , Cud         , 2 Kud       , Xu          , Xu          , Xu          , Xu          , Xu          , Xu          , Xu          , Xu          , Xu          , Xu          , Xu          , Xu          , Xu          , Xu          , Xu          , Xu          , Xu          , Xu          , Xu          , Xu          , Xu          , Xu          , Xu          , Xu          , Xu          , Xu          , Xu          , Xu          , Xu          , Xu          , Xu          , Xu          , Xu          , Xu          , Xu          , Xu          , Xu          , Xu          , Xu          , Xu          , Xu          , Xu          , Xu          , Xu          
Uu          , Uu          , Cud         , Cud         , Xu          , Xu          , Uu          , Xu          , Uu          , Xu          , Uu          , Xu          , Uu          , Xu          , Uu          , Xu          , Rd          , Xu          , Re          , Xu          , Uu          , Xu          , Re          , Xu          , Re          , Xu          , Re          , Xu          , Re          , Xu          , Re          , Xu          , Re          , Xu          , Uu          , Xu          , Xu          , Xu          , Xu          , Xu          , Xu          , Xu          , Xu          , Xu          , Xu          , Xu          , Xu          , Xu          
Uu          , Uu          , Uu          , Cud         , Xu          , Xu          , Uu          , Uu          , Uu          , Uu          , Uu          , Uu          , Rd          , Uu          , Rd          , Rd          , Uu          , Uu          , Uu          , Uu          , Uu          , Uu          , Uu          , Re          , Re          , Re          , Re          , Re          , Uu          , Uu          , Uu          , Re          , Re          , Re          , Uu          , Uu          , Xu          , Xu          , Xu          , Xu          , Xu          , Xu          , Xu          , Xu          , Xu          , Xu          , Xu          , Xu          
Uu          , Uu          , Uu          , Uu          , Xu          , Xu          , Uu          , Uu          , Xu          , Uu          , Re          , Uu          , Xu          , Rd          , Rd          , Rd          , Xu          , Uu          , Re          , Re          , Xu          , Re          , Re          , Re          , Xu          , Re          , Uu^Uf       , Re          , Xu          , Uu          , Uu          , Uu          , Xu          , Re          , Re          , Uu          , Xu          , Xu          , Xu          , Xu          , Xu          , Xu          , Xu          , Xu          , Xu          , Xu          , Xu          , Xu          
Uu          , Uu^Uf       , Uu          , Uu          , Xu          , Xu          , Uu          , Uu          , Xu          , Xu          , Re          , Rd          , Xu          , Xu          , Rd          , Rd          , Xu          , Xu          , Re          , Re          , Xu          , Xu          , Re          , Re          , Xu          , Xu          , Uu^Uf       , Uu^Uf       , Xu          , Xu          , Re          , Re          , Xu          , Xu          , Re          , Uu          , Xu          , Xu          , Xu          , Xu          , Xu          , Xu          , Xu          , Xu          , Xu          , Xu          , Xu          , Xu          
Uu^Uf       , Uu          , Uu          , Uu          , Xu          , Xu          , Uu          , Uu          , Re          , Xu          , Re          , Rd          , Rd          , Xu          , Rd          , Rd          , Rd          , Xu          , Re          , Re          , Re          , Xu          , Re          , Re          , Uu          , Xu          , Re          , Uu^Uf       , Uh          , Xu          , Uh          , Uh          , Re          , Xu          , Re          , Uu          , Xu          , Xu          , Xu          , Xu          , Xu          , Xu          , Xu          , Xu          , Xu          , Xu          , Xu          , Xu          
Xu          , Uu          , Uu^Vud      , Xu          , Uu          , Uu          , Uu^Uf       , Uu^Uf       , Uu^Uf       , Re          , Re          , Rd          , Rd          , Rd          , Rd          , Rd          , Uu^Uf       , Uu^Uf       , Re          , Uu^Uf       , Uu^Uf       , Uu^Uf       , Re          , Re          , Uu          , Uu          , Uu          , Re          , Uh          , Uh          , Uh          , Uh          , Re          , Re          , Uu^Uf       , Uu          , Xu          , Xu          , Xu          , Xu          , Xu          , Xu          , Xu          , Xu          , Xu          , Xu          , Xu          , Xu          
Xu          , Uu          , Uu          , Xu          , Uu          , Uu          , Uu^Uf       , Uu^Uf       , Xu          , Re          , Re          , Re          , Xu          , Rd          , Re          , Rd          , Xu          , Uu^Uf       , Uu^Uf       , Re          , Xu          , Re          , Re          , Uu          , Xu          , Uu          , Uu          , Re          , Xu          , Uh          , Uh          , Re          , Xu          , Re          , Uu^Uf       , Uu          , Xu          , Xu          , Xu          , Xu          , Xu          , Xu          , Xu          , Xu          , Xu          , Xu          , Xu          , Xu          
Xu          , Uu          , Uu          , Uu          , Uu          , Xu          , Uu^Uf       , Re          , Xu          , Xu          , Re          , Re          , Xu          , Xu          , Re          , Re          , Xu          , Xu          , Uu^Uf       , Re          , Xu          , Xu          , Rd          , Uu          , Xu          , Xu          , Re          , Re          , Xu          , Xu          , Uh          , Uh          , Xu          , Xu          , Uu^Uf       , Re          , Xu          , Xu          , Xu          , Xu          , Xu          , Xu          , Xu          , Xu          , Xu          , Xu          , Xu          , Xu          
Xu          , Xu          , Xu          , Uu          , Xu          , Xu          , Re          , Re          , Re          , Xu          , Re          , Re          , Re          , Xu          , Re          , Re          , Re          , Xu          , Uu^Uf       , Re          , Rd          , Xu          , Rd          , Uu          , Rd          , Xu          , Re          , Re          , Uh          , Xu          , Uh          , Uh          , Re          , Xu          , Uu^Uf       , Re          , Xu          , Xu          , Xu          , Xu          , Xu          , Xu          , Xu          , Xu          , Xu          , Xu          , Xu          , Xu          
Xu          , Xu          , Xu          , Xu          , Xu          , Xu          , Re          , Uu          , Re          , Re          , Uu          , Uu          , Re          , Re          , Uu^Uf       , Uu^Uf       , Uu^Uf       , Uu^Uf       , Rd          , Rd          , Rd          , Rd          , Rd          , Rd          , Rd          , Rd          , Re          , Uh          , Uh          , Uh          , Uh          , Uu^Uf       , Uu^Uf       , Uu^Uf       , Re          , Re          , Xu          , Xu          , Xu          , Xu          , Xu          , Xu          , Xu          , Xu          , Xu          , Xu          , Xu          , Xu          
Xu          , Xu          , Xu          , Xu          , Xu          , Xu          , Uu          , Uu          , Xu          , Re          , Uu          , Uu          , Xu          , Uu^Uf       , Re          , Re          , Xu          , Re          , Rd          , Rd          , Xu          , Re          , Re          , Rd          , Xu          , Re          , Uh          , Uh          , Xu          , Uh          , Re          , Uu^Uf       , Xu          , Re          , Re          , Re          , Xu          , Xu          , Xu          , Xu          , Xu          , Xu          , Xu          , Xu          , Xu          , Xu          , Xu          , Xu          
Xu          , Xu          , Xu          , Xu          , Xu          , Xu          , Uu          , Uu          , Xu          , Xu          , Re          , Re          , Xu          , Xu          , Re          , Re          , Xu          , Xu          , Re          , Re          , Xu          , Xu          , Re          , Re          , Xu          , Xu          , Uh          , Uh          , Xu          , Xu          , Re          , Re          , Xu          , Xu          , Re          , Re          , Xu          , Xu          , Xu          , Xu          , Xu          , Xu          , Xu          , Xu          , Xu          , Xu          , Xu          , Xu          
Xu          , Xu          , Xu          , Xu          , Xu          , Xu          , Uu          , Uu          , Re          , Xu          , Uu          , Re          , Uu          , Xu          , Uu          , Uu          , Uu          , Xu          , Re          , Re          , Re          , Xu          , Re          , Re          , Re          , Xu          , Uh          , Uh          , Re          , Xu          , Re          , Re          , Re          , Xu          , Re          , Re          , Xu          , Xu          , Xu          , Xu          , Xu          , Xu          , Xu          , Xu          , Xu          , Xu          , Xu          , Xu          
Xu          , Xu          , Xu          , Xu          , Xu          , Xu          , Re          , Re          , Re          , Re          , Uu          , Uu          , Uu          , Uu          , Uu          , Uu          , Re          , Re          , Re          , Re          , Rd          , Uu          , Uu          , Re          , Re          , Re          , Re          , Re          , Re          , Re          , Uu          , Uu          , Uu          , Uu          , Uu          , Re          , Rr          , Xu          , Xu          , Xu          , Re          , Xu          , Xu          , Xu          , Xu          , Xu          , Xu          , Xu          
Xu          , Xu          , Xu          , Xu          , Xu          , Xu          , Re          , Re          , Xu          , Re          , Re          , Uu          , Xu          , Uu          , Uu          , Re          , Xu          , Re          , Re          , Re          , Xu          , Rd          , Uu          , Re          , Xu          , Re          , Re          , Re          , Xu          , Re          , Re          , Re          , Xu          , Uu          , Uu          , Uu          , Rr          , Rr          , Rr          , Re          , Re          , Re          , Re          , Xu          , Xu          , Xu          , Xu          , Xu          
Xu          , Xu          , Xu          , Xu          , Xu          , Xu          , Re          , Re          , Xu          , Xu          , Re          , Re          , Xu          , Xu          , Uu          , Re          , Xu          , Xu          , Re          , Re          , Xu          , Xu          , Uu          , Uu          , Xu          , Xu          , Uu^Uf       , Re          , Xu          , Xu          , Rd          , Re          , Xu          , Xu          , Uu          , Uu          , Xu          , Rr          , Rr          , Rr          , Re          , Re          , Cud         , Re          , Re          , Xu          , Xu          , Xu          
Xu          , Xu          , Xu          , Xu          , Xu          , Xu          , Re          , Re          , Uu^Uf       , Xu          , Re          , Re          , Re          , Xu          , Uu          , Re          , Re          , Xu          , Re          , Re          , Rd          , Xu          , Rd          , Uu          , Rd          , Xu          , Uu^Uf       , Uu^Uf       , Rd          , Xu          , Rd          , Rd          , Re          , Xu          , Re          , Uu          , Xu          , Xu          , Rr          , Rr          , Cud         , Cud         , 3 Kud       , Cud         , Re          , Xu          , Xu          , Xu          
Xu          , Xu          , Xu          , Xu          , Xu          , Xu          , Uu^Uf       , Uu^Uf       , Re          , Uu^Uf       , Re          , Uu          , Uu          , Uu          , Rd          , Re          , Re          , Re          , Re          , Rd          , Rd          , Rd          , Rd          , Rd          , Re          , Re          , Re          , Uu^Uf       , Uu^Uf       , Uu^Uf       , Uu^Uf       , Rd          , Re          , Re          , Re          , Uu          , Xu          , Xu          , Rr          , Rr          , Re          , Cud         , Cud         , Cud         , Xu          , Xu          , Xu          , Xu          
Xu          , Xu          , Xu          , Xu          , Xu          , Xu          , Re          , Re          , Xu          , Re          , Re          , Re          , Xu          , Rd          , Rd          , Re          , Xu          , Re          , Uu          , Re          , Xu          , Rd          , Rd          , Rd          , Xu          , Re          , Rd          , Rd          , Xu          , Uu^Uf       , Re          , Uu^Uf       , Xu          , Re          , Re          , Uu          , Xu          , Xu          , Rr          , Rr          , Re          , Re          , Re          , Re          , Xu          , Xu          , Xu          , Xu          
Xu          , Xu          , Xu          , Xu          , Xu          , Xu          , Re          , Re          , Xu          , Xu          , Re          , Re          , Xu          , Xu          , Rd          , Rd          , Xu          , Xu          , Uu          , Uu          , Xu          , Xu          , Re          , Uu          , Xu          , Xu          , Rd          , Rd          , Xu          , Xu          , Re          , Re          , Xu          , Xu          , Re          , Uu          , Xu          , Xu          , Rr          , Rr          , Re          , Re          , Re          , Re          , Xu          , Xu          , Xu          , Xu          
Xu          , Xu          , Xu          , Xu          , Xu          , Xu          , Re          , Re          , Re          , Xu          , Re          , Re          , Re          , Xu          , Rd          , Rd          , Re          , Xu          , Uu          , Uu          , Re          , Xu          , Re          , Uu          , Uu          , Xu          , Re          , Rd          , Re          , Xu          , Uu          , Uu          , Uu          , Xu          , Re          , Re          , Xu          , Xu          , Rr          , Rr          , Xu          , Re          , Re          , Xu          , Xu          , Xu          , Xu          , Xu          
Xu          , Xu          , Xu          , Xu          , Xu          , Xu          , Rd          , Re          , Re          , Re          , Uu          , Uu          , Uu          , Uu          , Uu          , Rd          , Uu          , Uu          , Uu          , Uu          , Re          , Re          , Re          , Uu          , Re          , Uu          , Uu          , Uu          , Re          , Re          , Uu          , Uu          , Uu          , Uu          , Uu          , Re          , Xu          , Xu          , Rr          , Rr          , Rr          , Xu          , Xu          , Xu          , Xu          , Xu          , Md^Xm       , Md^Xm       
Xu          , Xu          , Xu          , Xu          , Xu          , Xu          , Uu^Uf       , Uu^Uf       , Xu          , Re          , Re          , Uu          , Xu          , Re          , Uu          , Uu          , Xu          , Re          , Re          , Re          , Xu          , Re          , Uh          , Re          , Xu          , Re          , Re          , Re          , Xu          , Uu          , Re          , Re          , Xu          , Re          , Uu^Uf       , Uu^Uf       , Xu          , Xu          , Xu          , Rr          , Rr          , Xu          , Xu          , Xu          , Md^Xm       , Md^Xm       , Md^Xm       , Md^Xm       
Xu          , Xu          , Xu          , Xu          , Xu          , Xu          , Rd          , Rd          , Xu          , Xu          , Re          , Re          , Xu          , Xu          , Re          , Re          , Xu          , Xu          , Re          , Re          , Xu          , Xu          , Uh          , Uh          , Xu          , Xu          , Re          , Re          , Xu          , Xu          , Re          , Re          , Xu          , Xu          , Re          , Uu^Uf       , Xu          , Xu          , Xu          , Rr          , Rr          , Xu          , Xu          , Xu          , Md^Xm       , Md^Xm       , Md^Xm       , Md^Xm       
Xu          , Xu          , Xu          , Xu          , Xu          , Xu          , Rd          , Rd          , Re          , Xu          , Re          , Uu^Uf       , Uu^Uf       , Xu          , Re          , Re          , Re          , Xu          , Re          , Re          , Re          , Xu          , Uh          , Uh          , Uh          , Xu          , Uh          , Re          , Re          , Xu          , Re          , Re          , Re          , Xu          , Re          , Uu^Uf       , Xu          , Xu          , Xu          , Rr          , Rr          , Xu          , Md^Xm       , Md^Xm       , Ds          , Ds          , Dd^Do       , Ds          
Xu          , Xu          , Xu          , Xu          , Xu          , Xu          , Rd          , Rd          , Rd          , Rd          , Re          , Uu^Uf       , Uu^Uf       , Uu^Uf       , Uu^Uf       , Re          , Uu^Uf       , Re          , Re          , Re          , Uh          , Uh          , Uh          , Uh          , Uh          , Uh          , Uh          , Uh          , Uh          , Re          , Re          , Re          , Re          , Uu^Uf       , Uu^Uf       , Uu^Uf       , Xu          , Xu          , Xu          , Rr          , Rr          , Xu          , Ds          , Ds          , Ds          , Ds          , Ds          , Ds          
Xu          , Xu          , Xu          , Xu          , Xu          , Xu          , Xu          , Rd          , Xu          , Re          , Xu          , Uu^Uf       , Xu          , Uu^Uf       , Re          , Uu^Uf       , Xu          , Re          , Xu          , Re          , Xu          , Uh          , Xu          , Uh          , Xu          , Uh          , Uh          , Uh          , Xu          , Uh          , Xu          , Re          , Xu          , Re          , Xu          , Re          , Xu          , Xu          , Xu          , Rr          , Rr          , Rr          , Rr          , Ds          , Rr          , Ds          , Rr          , Ds          
Xu          , Xu          , Xu          , Xu          , Xu          , Xu          , Xu          , Xu          , Xu          , Xu          , Xu          , Xu          , Xu          , Xu          , Re          , Re          , Xu          , Xu          , Xu          , Xu          , Xu          , Xu          , Xu          , Xu          , Xu          , Xu          , Uh          , Uh          , Xu          , Xu          , Xu          , Xu          , Xu          , Xu          , Xu          , Xu          , Xu          , Xu          , Xu          , Rr          , Rr          , Rr          , Rr          , Rr          , Hd          , Rr          , Hd          , Rr          
Xu          , Xu          , Xu          , Xu          , Xu          , Xu          , Re          , Xu          , Re          , Xu          , Re          , Xu          , Re          , Xu          , Re          , Re          , Re          , Xu          , Re          , Xu          , Uh          , Xu          , Re          , Xu          , Re          , Xu          , Uh          , Uh          , Re          , Xu          , Re          , Xu          , Re          , Xu          , Re          , Xu          , Xu          , Xu          , Xu          , Rr          , Rr          , Rr          , Hd          , Hd          , Hd          , Hd          , Hd          , Hd          
Xu          , Xu          , Xu          , Xu          , Xu          , Xu          , Re          , Re          , Uu          , Uu          , Uu          , Re          , Re          , Re          , Re          , Re          , Re          , Re          , Re          , Uh          , Uh          , Uh          , Re          , Re          , Re          , Uh          , Uh          , Uh          , Uh          , Uu          , Uu          , Re          , Re          , Re          , Re          , Re          , Xu          , Xu          , Xu          , Rr          , Rr          , Xu          , Md^Xm       , Hd          , Hd          , Hd          , Hd          , Hd          
Xu          , Xu          , Xu          , Xu          , Xu          , Xu          , Re          , Re          , Xu          , Uu          , Uu          , Uu          , Xu          , Re          , Re          , Re          , Xu          , Re          , Re          , Uh          , Xu          , Uh          , Re          , Re          , Xu          , Uh          , Uh          , Uh          , Xu          , Uh          , Uh          , Re          , Xu          , Re          , Re          , Re          , Xu          , Xu          , Xu          , Rr          , Rr          , Xu          , Xu          , Md^Xm       , Md^Xm       , Hd          , Hd          , Hd          
Xu          , Xu          , Xu          , Xu          , Xu          , Xu          , Rd          , Rd          , Xu          , Xu          , Uu          , Uu          , Xu          , Xu          , Re          , Re          , Xu          , Xu          , Uu          , Uu          , Xu          , Xu          , Re          , Re          , Xu          , Xu          , Rd          , Uh          , Xu          , Xu          , Uh          , Re          , Xu          , Xu          , Uu          , Re          , Xu          , Xu          , Xu          , Rr          , Rr          , Xu          , Xu          , Md^Xm       , Md^Xm       , Md^Xm       , Md^Xm       , Hd          
Xu          , Xu          , Xu          , Xu          , Xu          , Xu          , Rd          , Rd          , Rd          , Xu          , Rd          , Rd          , Rd          , Xu          , Re          , Re          , Re          , Xu          , Uu          , Uu          , Uu          , Xu          , Uu          , Re          , Re          , Xu          , Rd          , Rd          , Uu          , Xu          , Uu          , Uu          , Uu          , Xu          , Uu          , Re          , Xu          , Xu          , Xu          , Rr          , Rr          , Xu          , Xu          , Xu          , Xu          , Md^Xm       , Md^Xm       , Md^Xm       
Xu          , Xu          , Xu          , Xu          , Xu          , Xu          , Re          , Rd          , Uh          , Re          , Re          , Rd          , Uu          , Uu          , Uh          , Re          , Uh          , Re          , Uh          , Uu          , Re          , Uu          , Uu          , Uu          , Re          , Rd          , Rd          , Uu          , Uu          , Uu          , Uu          , Uu          , Uu          , Uu          , Re          , Re          , Xu          , Xu          , Xu          , Rr          , Rr          , Xu          , Xu          , Xu          , Xu          , Md^Xm       , Md^Xm       , Md^Xm       
Xu          , Xu          , Xu          , Xu          , Xu          , Xu          , Re          , Uh          , Xu          , Uh          , Re          , Re          , Xu          , Uh          , Uh          , Uh          , Xu          , Uh          , Uh          , Uh          , Xu          , Uu          , Uu          , Uu          , Xu          , Re          , Re          , Uu          , Xu          , Uu          , Uu          , Uu          , Xu          , Uu          , Re          , Re          , Xu          , Xu          , Xu          , Rr          , Rr          , Xu          , Xu          , Xu          , Xu          , Xu          , Xu          , Md^Xm       
Xu          , Xu          , Xu          , Xu          , Xu          , Xu          , Re          , Uh          , Xu          , Xu          , Re          , Re          , Xu          , Xu          , Uh          , Uh          , Xu          , Xu          , Uh          , Uh          , Xu          , Xu          , Re          , Re          , Xu          , Xu          , Re          , Re          , Xu          , Xu          , Re          , Re          , Xu          , Xu          , Re          , Re          , Xu          , Xu          , Rr          , Rr          , Rr          , Re          , Re          , Xu          , Xu          , Xu          , Xu          , Xu          
Xu          , Xu          , Xu          , Xu          , Xu          , Xu          , Re          , Re          , Re          , Xu          , Re          , Re          , Uu          , Xu          , Uu          , Uh          , Re          , Xu          , Re          , Rd          , Rd          , Xu          , Re          , Re          , Re          , Xu          , Uh          , Re          , Re          , Xu          , Re          , Re          , Rd          , Xu          , Re          , Re          , Xu          , Xu          , Rr          , Rr          , Re          , Re          , Cud         , Cud         , Xu          , Xu          , Xu          , Xu          
Xu          , Xu          , Xu          , Xu          , Xu          , Xu          , Re          , Re          , Re          , Re          , Rd          , Re          , Rd          , Uu          , Re          , Re          , Re          , Re          , Re          , Rd          , Rd          , Rd          , Uh          , Uh          , Uh          , Uh          , Uh          , Uh          , Re          , Re          , Re          , Rd          , Rd          , Rd          , Re          , Re          , Xu          , Xu          , Rr          , Rr          , Re          , Cud         , Cud         , 4 Kud       , Re          , Xu          , Xu          , Xu          
Xu          , Xu          , Xu          , Xu          , Xu          , Xu          , Re          , Re          , Xu          , Rd          , Rd          , Rd          , Xu          , Rd          , Rd          , Re          , Xu          , Re          , Re          , Re          , Xu          , Re          , Uh          , Uh          , Xu          , Uh          , Uh          , Uh          , Xu          , Re          , Re          , Rd          , Xu          , Rd          , Uh          , Re          , Xu          , Xu          , Rr          , Rr          , Re          , Cud         , Cud         , Cud         , Re          , Xu          , Xu          , Xu          
Xu          , Xu          , Xu          , Xu          , Xu          , Xu          , Re          , Uu          , Xu          , Xu          , Rd          , Rd          , Xu          , Xu          , Rd          , Re          , Xu          , Xu          , Uu          , Uu          , Xu          , Xu          , Uu          , Uh          , Xu          , Xu          , Uh          , Uh          , Xu          , Xu          , Re          , Re          , Xu          , Xu          , Uh          , Uh          , Xu          , Xu          , Rr          , Rr          , Re          , Re          , Re          , Re          , Xu          , Xu          , Xu          , Xu          
Xu          , Xu          , Xu          , Xu          , Xu          , Xu          , Re          , Uu          , Uu          , Xu          , Uu          , Rd          , Re          , Xu          , Re          , Re          , Re          , Xu          , Uu          , Uu          , Uu          , Xu          , Uu          , Uh          , Uh          , Xu          , Re          , Re          , Re          , Xu          , Re          , Re          , Re          , Xu          , Uh          , Uh          , Rr          , Rr          , Rr          , Rr          , Re          , Re          , Re          , Re          , Xu          , Xu          , Xu          , Xu          
Xu          , Xu          , Xu          , Xu          , Xu          , Xu          , Re          , Uu          , Uu          , Uu          , Uu          , Uu          , Uu          , Re          , Uh          , Uh          , Uh          , Re          , Re          , Uu          , Uu          , Uu          , Uu          , Uu          , Re          , Re          , Re          , Re          , Uh          , Re          , Re          , Re          , Re          , Uh          , Uh          , Uh          , Rr          , Rr          , Xu          , Xu          , Xu          , Xu          , Xu          , Xu          , Xu          , Xu          , Xu          , Xu          
Xu          , Xu          , Xu          , Xu          , Xu          , Xu          , Re          , Re          , Xu          , Uu          , Uu          , Uu          , Xu          , Re          , Re          , Uh          , Xu          , Uh          , Re          , Rd          , Xu          , Uu          , Uu          , Uu          , Xu          , Re          , Re          , Uh          , Xu          , Uh          , Re          , Re          , Xu          , Uh          , Uh          , Uh          , Xu          , Xu          , Xu          , Xu          , Xu          , Xu          , Xu          , Xu          , Xu          , Xu          , Xu          , Xu          
Xu          , Xu          , 1 Kud       , Xu          , Xu          , Xu          , Re          , Re          , Xu          , Xu          , Uu          , Uu          , Xu          , Xu          , Re          , Uh          , Xu          , Xu          , Uh          , Rd          , Xu          , Xu          , Re          , Uu          , Xu          , Xu          , Rd          , Uh          , Xu          , Xu          , Re          , Re          , Xu          , Xu          , Re          , Re          , Xu          , Xu          , Xu          , Xu          , Xu          , Xu          , Xu          , Xu          , Xu          , Xu          , Xu          , Xu          
Xu          , Cud         , Cud         , Xu          , Xu          , Xu          , Re          , Re          , Re          , Xu          , Re          , Rd          , Rd          , Xu          , Re          , Re          , Uh          , Xu          , Uh          , Re          , Re          , Xu          , Re          , Uu          , Uu          , Xu          , Rd          , Rd          , Rd          , Xu          , Re          , Re          , Re          , Xu          , Re          , Re          , Xu          , Xu          , Xu          , Xu          , Xu          , Xu          , Xu          , Xu          , Xu          , Xu          , Xu          , Xu          
Xu          , Cud         , Cud         , Cud         , Xu          , Xu          , Re          , Re          , Re          , Re          , Rd          , Re          , Re          , Re          , Re          , Re          , Uh          , Uh          , Uh          , Re          , Rd          , Rd          , Rd          , Re          , Re          , Rd          , Rd          , Rd          , Rd          , Re          , Re          , Re          , Rd          , Re          , Re          , Re          , Xu          , Xu          , Xu          , Xu          , Xu          , Xu          , Xu          , Xu          , Xu          , Xu          , Xu          , Xu          
Rr          , Xu          , Rr          , Cud         , Xu          , Xu          , Re          , Re          , Xu          , Rd          , Rd          , Rd          , Xu          , Re          , Re          , Uh          , Xu          , Uh          , Uh          , Uh          , Xu          , Rd          , Rd          , Rd          , Xu          , Uu          , Uu          , Rd          , Xu          , Re          , Re          , Rd          , Xu          , Rd          , Re          , Re          , Xu          , Xu          , Xu          , Xu          , Xu          , Xu          , Xu          , Xu          , Xu          , Xu          , Xu          , Xu          
Rr          , Rr          , Rr          , Rr          , Xu          , Xu          , Re          , Uu          , Xu          , Xu          , Rd          , Rd          , Xu          , Xu          , Re          , Uh          , Xu          , Xu          , Uh          , Uh          , Xu          , Xu          , Rd          , Rd          , Xu          , Xu          , Uu          , Re          , Xu          , Xu          , Re          , Rd          , Xu          , Xu          , Re          , Re          , Xu          , Xu          , Xu          , Xu          , Xu          , Xu          , Xu          , Xu          , Xu          , Xu          , Xu          , Xu          
Rr          , Rr          , Rr          , Xu          , Xu          , Xu          , Re          , Uu          , Uu          , Xu          , Re          , Re          , Re          , Xu          , Rd          , Re          , Re          , Xu          , Uh          , Uh          , Uh          , Xu          , Re          , Re          , Uu          , Xu          , Uh          , Uu          , Rd          , Xu          , Re          , Re          , Re          , Xu          , Re          , Re          , Xu          , Xu          , Xu          , Xu          , Xu          , Xu          , Xu          , Xu          , Xu          , Xu          , Xu          , Xu          
Xu          , Rr          , Rr          , Xu          , Xu          , Xu          , Re          , Uu          , Uu          , Uu          , Re          , Re          , Re          , Rd          , Uu          , Uu          , Uu          , Re          , Rd          , Uh          , Uh          , Uh          , Re          , Re          , Uh          , Uh          , Uh          , Uh          , Rd          , Rd          , Rd          , Re          , Re          , Re          , Re          , Re          , Xu          , Xu          , Xu          , Xu          , Xu          , Xu          , Xu          , Xu          , Xu          , Xu          , Xu          , Xu          
Xu          , Rr          , Rr          , Xu          , Xu          , Xu          , Re          , Uu          , Xu          , Uu          , Re          , Re          , Xu          , Uu          , Uu          , Uu          , Xu          , Uu          , Rd          , Rd          , Xu          , Uu          , Uu          , Uh          , Xu          , Uh          , Uh          , Uh          , Xu          , Rd          , Rd          , Re          , Xu          , Rd          , Rd          , Re          , Xu          , Xu          , Xu          , Xu          , Xu          , Xu          , Xu          , Xu          , Xu          , Xu          , Xu          , Xu          
Xu          , Rr          , Re          , Rr          , Rr          , Xu          , Re          , Uu          , Xu          , Xu          , Re          , Rd          , Xu          , Xu          , Uu          , Uu          , Xu          , Xu          , Re          , Rd          , Xu          , Xu          , Uh          , Uh          , Xu          , Xu          , Uh          , Uh          , Xu          , Xu          , Re          , Re          , Xu          , Xu          , Rd          , Re          , Xu          , Xu          , Xu          , Xu          , Xu          , Xu          , Xu          , Xu          , Xu          , Xu          , Xu          , Xu          
Xu          , Xu          , Xu          , Uu^Uf       , Rr          , Xu          , Re          , Re          , Re          , Xu          , Re          , Rd          , Uu          , Xu          , Uu          , Uu          , Re          , Xu          , Re          , Re          , Re          , Xu          , Uh          , Uh          , Uh          , Xu          , Uh          , Uh          , Uh          , Xu          , Re          , Re          , Re          , Xu          , Re          , Re          , Xu          , Xu          , Xu          , Xu          , Xu          , Xu          , Xu          , Xu          , Xu          , Xu          , Xu          , Xu          
Xu          , Xu          , Xu          , Uu          , Rr          , Rr          , Re          , Re          , Re          , Re          , Re          , Re          , Re          , Uu          , Re          , Re          , Re          , Re          , Re          , Re          , Re          , Uh          , Uh          , Uh          , Uh          , Uh          , Uh          , Uh          , Rd          , Rd          , Re          , Re          , Re          , Re          , Re          , Re          , Xu          , Xu          , Xu          , Xu          , Xu          , Xu          , Xu          , Xu          , Xu          , Xu          , Xu          , Xu          
Xu          , Xu          , Xu          , Uu^Vu       , Xu          , Rr          , Xu          , Re          , Xu          , Re          , Xu          , Re          , Xu          , Re          , Xu          , Re          , Xu          , Re          , Xu          , Re          , Xu          , Uh          , Xu          , Uh          , Xu          , Uh          , Xu          , Uh          , Xu          , Rd          , Xu          , Re          , Xu          , Re          , Xu          , Re          , Xu          , Xu          , Xu          , Xu          , Xu          , Xu          , Xu          , Xu          , Xu          , Xu          , Xu          , Xu          
Xu          , Xu          , Xu          , Xu          , Xu          , Xu          , Xu          , Xu          , Xu          , Xu          , Xu          , Xu          , Xu          , Xu          , Xu          , Xu          , Xu          , Xu          , Xu          , Xu          , Xu          , Xu          , Xu          , Xu          , Xu          , Xu          , Xu          , Xu          , Xu          , Xu          , Xu          , Xu          , Xu          , Xu          , Xu          , Xu          , Xu          , Xu          , Xu          , Xu          , Xu          , Xu          , Xu          , Xu          , Xu          , Xu          , Xu          , Xu          
