border_size=1
usage=map

Md^Xm       , Md^Xm       , Md^Xm       , Md^Xm       , Md^Xm       , Md^Xm       , Md^Xm       , Md^Xm       , Md^Xm       , Md^Xm       , Md^Xm       , Md^Xm       , Md^Xm       , Md^Xm       , Md^Xm       , Md^Xm       , Md^Xm       , Md^Xm       , Md^Xm       , Md^Xm       , Md^Xm       , Md^Xm       , Md^Xm       , Md^Xm       , Md^Xm       , Md^Xm       , Md^Xm       , Md^Xm       , Md^Xm       , Md^Xm       , Md^Xm       , Md^Xm       , Md^Xm       , Md^Xm       , Md^Xm       , Md^Xm       , Md^Xm       , Md^Xm       , Md^Xm       , Md^Xm       , Md^Xm       , Md^Xm       , Md^Xm       , Md^Xm       , Md^Xm       , Md^Xm       , Md^Xm       , Md^Xm       , Md^Xm       , Md^Xm       , Md^Xm       , Md^Xm       , Md^Xm       , Md^Xm       , Md^Xm       , Md^Xm       , Md^Xm       , Md^Xm       , Md^Xm       , Md^Xm       , Md^Xm       , Md^Xm
Md^Xm       , Md^Xm       , Md^Xm       , Md^Xm       , Md^Xm       , Md^Xm       , Md^Xm       , Md^Xm       , Ds          , Md^Xm       , Ds          , Md^Xm       , Ds          , Md^Xm       , Md^Xm       , Md^Xm       , Md^Xm       , Md^Xm       , Ds          , Md^Xm       , Md^Xm       , Md^Xm       , Md^Xm       , Md^Xm       , Md^Xm       , Md^Xm       , Md^Xm       , Md^Xm       , Md^Xm       , Md^Xm       , Md^Xm       , Md^Xm       , Md^Xm       , Md^Xm       , Md^Xm       , Md^Xm       , Ds          , Md^Xm       , Md^Xm       , Md^Xm       , Md^Xm       , Md^Xm       , Ds          , Md^Xm       , Ds          , Md^Xm       , Ds          , Md^Xm       , Ds          , Md^Xm       , Dd          , Md^Xm       , Ds          , Ds          , Ds          , Md^Xm       , Ds          , Md^Xm       , Md^Xm       , Md^Xm       , Md^Xm       , Md^Xm
Md^Xm       , Md^Xm       , Md^Xm       , Md^Xm       , Md^Xm       , Md^Xm       , Ds          , Ds          , Hd          , Ds          , Ds          , Ds          , Ds^Edp      , Ds          , Ds          , Ds          , Ds          , Ds          , Ds          , Ds          , Hd          , Ds          , Ds          , Md^Xm       , Ds          , Md^Xm       , Md^Xm       , Md^Xm       , Md^Xm       , Md^Xm       , Md^Xm       , Ds^Edp      , Ds          , Ds          , Ds          , Ds          , Ds          , Ds          , Ds          , Md^Xm       , Md^Xm       , Ds          , Ds^Es       , Ds          , Ds          , Ds          , Ds          , Ds          , Ds          , Ds          , Dd          , Dd          , Dd          , Dd          , Ds          , Ds          , Ds          , Ds          , Ds          , Md^Xm       , Md^Xm       , Md^Xm
Md^Xm       , Md^Xm       , Md^Xm       , Md^Xm       , Md^Xm       , Md^Xm       , Ds          , Hd          , Hd          , Hd          , Ds          , Ds          , Ds          , Ds          , Hd          , Ds          , Ds          , Ds          , Ds          , Ds          , Hd          , Ds          , Ds          , Ds          , Ds          , Md^Xm       , Ds          , Ds          , Ds          , Md^Xm       , Ds          , Ds          , Ds          , Ds          , Ds          , Ds          , Dd          , Dd          , Ds          , Ds          , Ds          , Ds          , Ds          , Ds          , Hd          , Ds          , Ds          , Ds          , Ds          , Dd          , Dd          , Dd^Edp      , Dd^Edp      , Dd          , Dd          , Ds          , Ds          , Ds          , Ds          , Ds^Edp      , Md^Xm       , Md^Xm
Md^Xm       , Md^Xm       , Md^Xm       , Md^Xm       , Ds          , Ds          , Ds          , Hd          , Hd          , Ds          , Dd          , Ds          , Hd          , Ds          , Ds          , Ds          , Ds          , Dd^Vda      , Ds          , Ds          , Hd          , Ds          , Ds          , Ds          , Ds          , Ds          , Ds          , Ds          , Ds          , Ds          , Hd          , Hd          , Hd          , Hd          , Dd          , Dd          , Dd          , Dd          , Ds          , Ds          , Dd          , Dd          , Dd          , Ds          , Ds          , Hd          , Hd          , Hd          , Ds          , Dd          , Dd          , Dd^Edp      , Dd          , Dd          , Hd          , Ds          , Hd          , Ds          , Ds          , Ds          , Ds          , Md^Xm
Md^Xm       , Md^Xm       , Md^Xm       , Md^Xm       , Ds^Edp      , Ds          , Ds          , Hd          , Ds          , Ds          , Dd          , Dd          , Dd          , Hd          , Ds          , Dd          , Dd          , Dd          , Hd          , Hd          , Gd          , Gd          , Gd^Ft       , Gs          , Dd^Src       , Ds          , Ds          , Ds          , Ds          , Hd          , Hd          , Hd          , Hd          , Hd          , Dd          , Dd^Es       , Dd          , Dd          , Ds          , Ds          , Dd          , Dd          , Dd          , Dd          , Ds          , Hd          , Hd          , Hd          , Hd          , Ds          , Ds          , Dd          , Ds          , Ds          , Ds          , Hd          , Hd          , Hd          , Ds          , Dd          , Dd          , Md^Xm
Md^Xm       , Md^Xm       , Md^Xm       , Md^Xm       , Ds          , Ds          , Ds          , Ds          , Ds          , Ds          , Dd          , Dd          , Hd          , Hd          , Ds          , Ds          , Hd          , Dd          , Dd^Fi|      , Wwr         , Wwt         , Wwt         , Ww^Bw\      , Gd^Ft       , Dd^Src       , Ds^Edp      , Ds          , Ds          , Dd          , Dd          , Dd          , Hd          , Ds          , Ds          , Ds          , Dd          , Ds          , Ds          , Ds          , Dd          , Dd^Do       , Dd          , Dd          , Dd          , Ds          , Hd          , Hd          , Hd          , Ds          , Ds          , Ds          , Ds          , Ds          , Ds          , Hd          , Hd          , Hd          , Hd          , Ds          , Dd          , Dd^Edp      , Md^Xm
Md^Xm       , Md^Xm       , Md^Xm       , Md^Xm       , Ds          , Ds          , Ds          , Dd          , Dd          , Dd          , Dd^Do       , Ds          , Ds          , Ds          , Hd          , Ds          , Ds          , Hd          , Ds          , Wwt         , Wwt         , Wwt         , Dd^Src       , 3 Dd^Srk     , Dd^Src       , Dd^Vdt      , Ds          , Ds          , Dd          , Dd          , Dd          , Dd          , Ds          , Ds^Edp      , Ds          , Ds          , Ds          , Ds          , Hd          , Ds          , Ds          , Ds          , Ds          , Ds          , Ds          , Ds          , Ds          , Ds          , Ds          , Ds          , Dd          , Dd          , Dd          , Ds          , Hd          , Hd          , Hd          , Hd          , Ds          , Dd          , Ds          , Md^Xm
Md^Xm       , Md^Xm       , Md^Xm       , Md^Xm       , Md^Xm       , Ds          , Ds          , Dd          , Dd          , Dd^Edp      , Dd          , Ds          , Hd          , Hd          , Hd          , Ds          , Ds          , Hd          , Ds          , Ds          , Ds          , Dd^Src       , Ds          , Dd^Src       , Ds          , Ds          , Ds          , Ds          , Ds          , Dd          , Dd          , Dd          , Ds          , Ds          , Ds          , Ds          , Hd          , Hd          , Hd          , Ds          , Ds          , Ds          , Dd          , Ds          , Ds          , Ds          , Ds          , Ds          , Dd          , Dd          , Dd^Edp      , Dd^Edp      , Dd          , Ds          , Dd^Do       , Ds          , Ds          , Ds          , Ds          , Dd^Edp      , Ds          , Md^Xm
Md^Xm       , Md^Xm       , Md^Xm       , Md^Xm       , Md^Xm       , Md^Xm       , Ds          , Ds          , Dd          , Dd          , Dd          , Ds          , Hd          , Ds          , Dd          , Ds          , Ds          , Dd          , Dd          , Ds          , Dd^Vda      , Ds          , Ds          , Ds          , Ds          , Ds          , Ds          , Ds          , Ds          , Dd          , Ds          , Dd          , Ds          , Ds          , Ds          , Hd          , Hd          , Hd          , Hd          , Ds          , Ds          , Ds          , Dd          , Dd          , Dd          , Ds          , Ds          , Ds          , Dd          , Dd          , Dd          , Dd          , Ds          , Ds          , Ds          , Ds          , Ds          , Ds          , Ds          , Ds          , Md^Xm       , Md^Xm
Md^Xm       , Md^Xm       , Md^Xm       , Md^Xm       , Md^Xm       , Ds^Edp      , Ds          , Ds          , Ds          , Ds          , Ds          , Dd          , Dd          , Dd          , Dd          , Ds          , Ds          , Dd          , Dd          , Ds          , Ds          , Ds          , Ds          , Ds          , Ds          , Ds          , Md^Xm       , Md^Xm       , Md^Xm       , Ds          , Ds          , Ds          , Ds          , Ds          , Ds          , Hd          , Hd          , Hd          , Ds          , Ds          , Ds          , Dd          , Dd^Es       , Dd          , Dd^Es       , Dd          , Ds          , Ds          , Ds          , Ds          , Dd          , Ds          , Ds          , Ds          , Ds          , Dd          , Ds          , Ds          , Ds          , Ds          , Md^Xm       , Md^Xm
Md^Xm       , Md^Xm       , Md^Xm       , Md^Xm       , Md^Xm       , Ds          , Ds          , Hd          , Hd          , Ds          , Ds          , Dd          , Dd          , Dd^Es       , Dd          , Ds          , Dd          , Ds          , Ds          , Ds          , Ds          , Ds          , Ds^Edp      , Md^Xm       , Md^Xm       , Md^Xm       , Ds          , Md^Xm       , Ds^Edpp     , Md^Xm       , Md^Xm       , Ds          , Ds          , Ds          , Ds          , Ds          , Ds          , Ds          , Ds          , Ds          , Ds          , Dd          , Dd          , Dd          , Dd          , Ds          , Ds          , Ds          , Ds          , Ds          , Ds          , Ds          , Cd          , Ds          , Cd          , Ds          , Ds          , Ds          , Ds          , Ds          , Md^Xm       , Md^Xm
Md^Xm       , Md^Xm       , Md^Xm       , Md^Xm       , Ds          , Ds          , Ds          , Hd          , Ds^Edp      , Hd          , Hd          , Ds          , Ds          , Dd          , Ds          , Dd          , Dd          , Ds          , Ds          , Ds          , Ds^Edp      , Ds          , Md^Xm       , Md^Xm       , Dd          , Dd          , Rr          , Rr          , Rr          , Ds          , Dd^Vdt      , Md^Xm       , Md^Xm       , Md^Xm       , Md^Xm       , Ds          , Ds          , Ds          , Ds          , Ds          , Ds          , Ds          , Ds          , Dd          , Ds          , Ds          , Ds          , Ds          , Ds          , Ds          , Ds          , Cd          , Ds          , Cd          , Ds          , Cd          , Ds          , Ds          , Ds          , Ds          , Md^Xm       , Md^Xm
Md^Xm       , Md^Xm       , Md^Xm       , Md^Xm       , Ds          , Ds          , Ds          , Hd          , Ds          , Ds          , Ds          , Ds          , Ds          , Ds          , Dd          , Dd          , Dd          , Ds          , Md^Xm       , Md^Xm       , Md^Xm       , Md^Xm       , Dd^Vdt      , Dd          , Dd^Vda      , Rr          , Gs^Ft       , Gs^Ft       , Gs^Ft       , Rr          , Rr          , Ds          , Dd^Do       , Ds          , Ch          , Md^Xm       , Md^Xm       , Ds          , Ds          , Ds          , Ds          , Ds          , Ds          , Ds          , Ds          , Ds          , Cd          , Cd          , Ds          , Ds^Edpp     , Gd          , Gs          , Rd          , Rd          , Ds^Edpp     , Ds          , Dd^Ft       , Ds          , Ds          , Dd^Vda      , Md^Xm       , Md^Xm
Ds          , Md^Xm       , Ds          , Ds          , Ce          , Ds          , Ds          , Ds          , Ds          , Ds          , Ds          , Ds          , Dd          , Dd          , Dd          , Dd          , Ds          , Ds          , Md^Xm       , Md^Xm       , Md^Xm       , Md^Xm       , Hd          , Hd          , Rr          , Rr          , Gs^Ft       , Gs^Ft       , Wwt         , Gs^Ft       , Gs^Ft       , Rr          , Rr          , Ds          , Ch          , Rr          , Rr          , Md^Xm       , Ds          , Ds          , Hd          , Ds          , Hd          , Ds          , Ds          , Cd          , Rd          , Ds          , Gd          , Gd          , Gd          , Gd          , Rd          , Ds          , Dd^Ft       , Dd^Ft       , Gs^Ft       , Ds^Edpp     , Ds          , Ds          , Md^Xm       , Md^Xm
Ds          , Ds          , Ds          , Ce          , 1 Ke        , Ce          , Ds          , Ds          , Ds          , Ds          , Ds          , Ds          , Dd          , Dd^Es       , Dd          , Dd          , Md^Xm       , Md^Xm       , Md^Xm       , Md^Xm       , Md^Xm       , Hd          , Rr          , Rr          , Gs^Ft       , Gs^Ft       , Wwt         , Wwt         , Wot         , Wwt         , Wwt         , Gs^Ft       , Gs^Ft       , Rr          , Rr          , Ch          , Rr          , Md^Xm       , Ds          , Ds          , Hd          , Hd          , Hd          , Ds          , Ds          , Cd          , Rd          , Ds          , Gd          , Gs^Vht      , Gd          , Ds^Edpp     , Ds          , Gs^Ft       , Gs^Ft       , Gs^Ft       , Gs^Ft       , Dd^Ft       , Ds          , Md^Xm       , Md^Xm       , Md^Xm
Ds          , Ds          , Ds          , Ce          , Ce          , Ce          , Ds          , Ds          , Ds          , Dd          , Dd          , Dd          , Dd          , Dd          , Ds          , Ds^Edp      , Md^Xm       , Md^Xm       , Md^Xm       , Md^Xm       , Md^Xm       , Hd          , Rr          , Gs^Ft       , Gs^Ft       , Wwt         , Wwt         , Wot         , Wwt         , Wwt         , Gs^Ft       , Gs^Ft       , Rr          , Rr          , Ds^Edpp     , Ch          , Ch          , Md^Xm       , Ds          , Ds          , Hd          , Hd          , Hd          , Ds          , Ds          , Cd          , Ds          , Rd          , Rd          , Gd          , Ds          , Ds          , Dd^Ft       , Ds          , Ds          , Dd^Ft       , Ds          , Ds          , Md^Xm       , Md^Xm       , Md^Xm       , Md^Xm
Ds          , Ds          , Ds          , Ds          , Ds          , Ds          , Dd          , Dd          , Dd          , Dd          , Dd          , Ds          , Ds          , Dd          , Ds          , Md^Xm       , Md^Xm       , Md^Xm       , Ds          , Ds          , Dd^Src       , Dd^Src       , Dd^Src       , Rr          , Gs^Ft       , Wwt         , Gs^Ft       , Wwt         , Gs^Ft       , Gs^Ft       , Gs^Ft       , Gs^Ft       , Rr          , Dd          , Dd          , Dd          , Dd          , Md^Xm       , Md^Xm       , Ds          , Ds          , Hd          , Hd          , Ds          , Ds          , Ds          , Gd          , Ds^Edpp     , Ds          , Ds          , Gs          , Gs^Ft       , Wwt         , Rd          , Dd^Vda      , Ds          , Ds          , Cd          , Cd          , Md^Xm       , Md^Xm       , Md^Xm
Ds          , Ds          , Ds          , Ds          , Ds          , Ds          , Ds          , Dd          , Dd^Es       , Dd          , Dd          , Ds          , Ds          , Dd          , Ds          , Md^Xm       , Md^Xm       , Md^Xm       , Ds          , Ds          , Dd^Src       , 6 Dd^Srk     , Dd^Src       , Rr          , Rr          , Gs^Ft       , Rr          , Gs^Ft       , Rr          , Rr          , Rr          , Rr          , Dd^Edpp     , Dd          , Ds          , Dd^Vda      , Ds          , Ds^Edpp     , Md^Xm       , Ds          , Dd          , Ds          , Ds          , Ds          , Ds          , Gd          , Gd          , Gd          , Ds          , Gs^Ft       , Wwt         , Wwt         , Wwt         , Gs^Ft       , Ds          , Ds          , Cd          , Cd          , 5 Kd        , Md^Xm       , Md^Xm       , Md^Xm
Ds          , Ds          , Ds          , Ds          , Ce          , Ds          , Ds          , Dd          , Dd          , Dd          , Dd          , Ds          , Ds          , Ds          , Ds          , Md^Xm       , Md^Xm       , Md^Xm       , Ds          , Ds          , Ds          , Dd^Src       , Md^Xm       , Hd          , Hd          , Rr          , Hd          , Rr          , Ds^Edpp     , Dd          , Dd          , Dd          , Dd          , Dd          , Md^Xm       , Ds          , Md^Xm       , Md^Xm       , Md^Xm       , Dd          , Dd          , Dd          , Dd          , Ds          , Ds          , Gd          , Rr^Vd       , Gd          , Ds          , Wwr         , Wwt         , Wwt         , Wwr         , Gs^Ft       , Rd          , Ds          , Rd          , Cd          , Md^Xm       , Md^Xm       , Md^Xm       , Md^Xm
Md^Xm       , Ds          , Ds          , Ce          , 2 Ke        , Ce          , Ds          , Dd          , Dd          , Dd^Es       , Dd          , Ds          , Ds          , Hd          , Hd          , Md^Xm       , Md^Xm       , Md^Xm       , Md^Xm       , Ds          , Ds          , Ds          , Md^Xm       , Md^Xm       , Md^Xm       , Dd^Vdt      , Hd          , Ds          , Md^Xm       , Dd          , Dd          , Dd^Edpp     , Md^Xm       , Md^Xm       , Md^Xm       , Md^Xm       , Ds^Edp      , Md^Xm       , Ds          , Ds          , Dd          , Dd^Es       , Dd          , Ds          , Ds          , Gd          , Gd          , Gd          , Ds          , Dd^Ft       , Gs^Ft       , Gs^Ft       , Ds          , Ds          , Ds          , Rd          , Ds          , Cd          , Md^Xm       , Md^Xm       , Md^Xm       , Md^Xm
Md^Xm       , Md^Xm       , Md^Xm       , Ce          , Ce          , Ce          , Ds          , Ds          , Ds          , Dd          , Dd          , Ds          , Ds          , Hd          , Hd          , Hd          , Hd          , Md^Xm       , Md^Xm       , Md^Xm       , Md^Xm       , Ds          , Md^Xm       , Md^Xm       , Md^Xm       , Hd          , Md^Xm       , Md^Xm       , Md^Xm       , Md^Xm       , Md^Xm       , Md^Xm       , Md^Xm       , Md^Xm       , Dd          , Dd          , Dd          , Dd          , Dd          , Ds          , Dd          , Dd          , Dd          , Ds          , Ds          , Gd          , Ds          , Ds          , Rd          , Ds          , Ds          , Ds          , Ds          , Dd^Vdt      , Gs^Ft       , Gs^Ft       , Wwt         , Ds^Edpp     , Md^Xm       , Md^Xm       , Md^Xm       , Md^Xm
Md^Xm       , Md^Xm       , Md^Xm       , Ds          , Ds          , Ds          , Ds          , Ds          , Ds          , Ds          , Ds          , Ds^Edp      , Ds          , Ds          , Hd          , Hd          , Ds          , Md^Xm       , Md^Xm       , Md^Xm       , Md^Xm       , Md^Xm       , Md^Xm       , Md^Xm       , Md^Xm       , Md^Xm       , Md^Xm       , Md^Xm       , Md^Xm       , Md^Xm       , Md^Xm       , Md^Xm       , Dd          , Ds          , Dd          , Dd^Es       , Dd          , Dd          , Ds          , Ds          , Dd^Do       , Ds          , Ds          , Ds          , Ds          , Cd          , Ds^Edpp     , Rd          , Rd          , Ds^Edpp     , Gd          , Ds          , Rd          , Ds^Edpp     , Dd^Ft       , Wwt         , Wot         , Wwt         , Wwt         , Md^Xm       , Md^Xm       , Md^Xm
Md^Xm       , Md^Xm       , Md^Xm       , Md^Xm       , Ds          , Ds          , Ds          , Hd          , Hd          , Ds          , Ds          , Dd          , Ds          , Ds          , Ds          , Ds          , Dd          , Md^Xm       , Md^Xm       , Md^Xm       , Md^Xm       , Md^Xm       , Ds          , Md^Xm       , Ds          , Md^Xm       , Dd          , Md^Xm       , Dd          , Dd          , Dd          , Dd          , Dd          , Ds          , Ds          , Dd          , Ds          , Ds          , Ds          , Ds          , Ds          , Ds          , Ds          , Ds          , Ds          , Cd          , Rd          , Rd          , Ds          , Ds          , Gd          , Ds^Edpp     , Ds          , Rd          , Gs^Ft       , Wwt         , Wot         , Wot         , Wwt         , Wwr         , Md^Xm       , Md^Xm
Md^Xm       , Md^Xm       , Md^Xm       , Md^Xm       , Md^Xm       , Ds          , Ds          , Ds          , Hd          , Ds          , Ds          , Dd          , Dd          , Ds          , Ds          , Dd          , Dd^Es       , Dd          , Dd          , Ds          , Hd          , Ds          , Ds          , Ds          , Dd^Edp      , Dd          , Dd          , Dd          , Dd          , Dd^Es       , Dd          , Dd^Vdt      , Ds          , Ds          , Ds          , Ds          , Ds          , Ds          , Hd          , Hd          , Hd          , Hd          , Ds          , Ds          , Ds          , Cd          , Cd          , Ds^Edpp     , Gd          , Gd          , Gd          , Gd          , Ds          , Rd          , Gs^Ft       , Wwt         , Wwt         , Wwt         , Gs^Ft       , Gs^Ft       , Gs^Ft       , Md^Xm
Md^Xm       , Md^Xm       , Md^Xm       , Md^Xm       , Md^Xm       , Md^Xm       , Ds          , Ds          , Hd          , Hd          , Ds          , Ds          , Ds          , Dd          , Dd          , Dd          , Dd          , Dd          , Ds          , Ds          , Hd          , Hd          , Ds          , Ds          , Ds          , Dd          , Ds          , Dd          , Ds          , Dd          , Ds          , Ds          , Dd^Src       , Dd^Src       , Wwt         , Ds          , Ds          , Ds          , Ds          , Hd          , Hd          , Hd          , Ds          , Ds          , Ds          , Ds          , Ds          , Cd          , Gd          , Gs^Vht      , Gd          , Gd          , Cd          , Rd          , Cd          , Gs^Ft       , Gs^Ft       , Dd^Ft       , Dd^Ft       , Dd^Ft       , Ds^Edpp     , Md^Xm
Md^Xm       , Md^Xm       , Md^Xm       , Md^Xm       , Md^Xm       , Md^Xm       , Md^Xm       , Ds          , Ds          , Hd          , Hd          , Ds          , Dd^Do       , Dd^Edp      , Dd          , Dd^Es       , Dd          , Dd          , Ds          , Ds          , Hd          , Hd          , Hd          , Ds          , Hd          , Ds          , Ds          , Dd^Fi|      , Ds          , Ds          , Dd^Src       , Dd^Src       , Wwt         , Wwt         , Wwt         , Gd^Ft       , Ds          , Dd^Vda      , Ds          , Ds          , Ds          , Hd          , Hd          , Ds          , Dd          , Ds          , Dd          , Ds          , Ds          , Ds          , Ds          , Cd          , Ds          , Cd          , Ds          , Cd          , Dd          , Dd^Ft       , Dd          , Ds          , Md^Xm       , Md^Xm
Md^Xm       , Md^Xm       , Md^Xm       , Md^Xm       , Md^Xm       , Md^Xm       , Md^Xm       , Ds          , Ds          , Ds          , Ds          , Ds          , Ds          , Dd          , Dd^Es       , Dd          , Ds          , Ds          , Ds          , Ds          , Hd          , Hd          , Hd          , Hd          , Hd          , Ds          , Ds          , Ds          , Ds          , Ds          , Dd^Src       , 4 Dd^Srk     , Wwt         , Wot         , Wwt         , Gd^Ft       , Ds          , Ds          , Dd          , Dd          , Ds          , Hd          , Ds          , Ds          , Dd          , Dd          , Dd^Es       , Dd          , Dd          , Ds          , Ds          , Ds          , Ds          , Ds          , Ds          , Ds          , Dd          , Dd          , Ds          , Ds^Edp      , Md^Xm       , Md^Xm
Md^Xm       , Md^Xm       , Md^Xm       , Md^Xm       , Md^Xm       , Md^Xm       , Ds^Edp      , Ds          , Ds          , Ds          , Ds          , Ds          , Ds          , Dd          , Dd          , Dd          , Ds          , Ds          , Ds          , Ds          , Ds          , Ds          , Ds          , Ds          , Ds          , Ds          , Ds          , Ds          , Ds          , Ds          , Dd^Src       , Gd^Ft       , Wwt         , Wwt         , Gd^Ft       , Gd^Ft       , Dd          , Dd          , Dd^Edpp     , Dd          , Ds          , Ds          , Ds          , Ds          , Ds          , Dd          , Dd          , Dd          , Dd          , Ds          , Ds          , Ds          , Ds          , Ds          , Ds          , Dd          , Ds          , Dd          , Ds          , Md^Xm       , Md^Xm       , Md^Xm
Md^Xm       , Md^Xm       , Md^Xm       , Md^Xm       , Md^Xm       , Md^Xm       , Md^Xm       , Ds          , Ds          , Ds^Es       , Ds          , Ds          , Ds          , Ds          , Ds          , Ds          , Ds          , Md^Xm       , Md^Xm       , Ds          , Ds          , Ds          , Ds          , Ds          , Ds^Es       , Ds          , Ds          , Dd^Vdt      , Ds          , Ds          , Ds          , Gd^Ft       , Gd^Ft       , Gd^Ft       , Ds          , Gd^Ft       , Ds          , Dd          , Dd          , Dd          , Ds          , Ds          , Md^Xm       , Md^Xm       , Ds          , Ds          , Ds          , Dd          , Ds          , Ds          , Hd          , Ds          , Hd          , Hd          , Hd          , Ds          , Ds          , Ds          , Md^Xm       , Md^Xm       , Md^Xm       , Md^Xm
Md^Xm       , Md^Xm       , Md^Xm       , Md^Xm       , Md^Xm       , Md^Xm       , Md^Xm       , Ds          , Ds^Edp      , Ds          , Ds          , Ds          , Md^Xm       , Ds          , Md^Xm       , Md^Xm       , Md^Xm       , Md^Xm       , Md^Xm       , Md^Xm       , Md^Xm       , Md^Xm       , Md^Xm       , Ds          , Ds          , Ds          , Ds          , Ds          , Ds          , Ds          , Md^Xm       , Ds          , Md^Xm       , Ds          , Md^Xm       , Ds          , Ds          , Ds          , Ds          , Ds          , Ds          , Ds          , Md^Xm       , Md^Xm       , Md^Xm       , Ds          , Md^Xm       , Ds          , Ds          , Ds          , Ds^Es       , Hd          , Hd          , Hd          , Ds          , Ds          , Ds          , Md^Xm       , Md^Xm       , Md^Xm       , Md^Xm       , Md^Xm
Md^Xm       , Md^Xm       , Md^Xm       , Md^Xm       , Md^Xm       , Md^Xm       , Md^Xm       , Md^Xm       , Md^Xm       , Md^Xm       , Md^Xm       , Md^Xm       , Md^Xm       , Md^Xm       , Md^Xm       , Md^Xm       , Md^Xm       , Md^Xm       , Md^Xm       , Md^Xm       , Md^Xm       , Md^Xm       , Md^Xm       , Md^Xm       , Md^Xm       , Md^Xm       , Md^Xm       , Md^Xm       , Md^Xm       , Md^Xm       , Md^Xm       , Md^Xm       , Md^Xm       , Md^Xm       , Md^Xm       , Md^Xm       , Md^Xm       , Md^Xm       , Md^Xm       , Md^Xm       , Md^Xm       , Md^Xm       , Md^Xm       , Md^Xm       , Md^Xm       , Md^Xm       , Md^Xm       , Md^Xm       , Md^Xm       , Md^Xm       , Md^Xm       , Md^Xm       , Md^Xm       , Md^Xm       , Md^Xm       , Md^Xm       , Md^Xm       , Md^Xm       , Md^Xm       , Md^Xm       , Md^Xm       , Md^Xm
